Archive member included to satisfy reference by file (symbol)

../../libs/libDaisy/build\libdaisy.a(daisy_seed.o)
                              build/main.o (daisy::DaisySeed::StartAudio(void (*)(float const* const*, float**, unsigned int)))
../../libs/libDaisy/build\libdaisy.a(codec_ak4556.o)
                              ../../libs/libDaisy/build\libdaisy.a(daisy_seed.o) (daisy::Ak4556::Init(daisy::Pin))
../../libs/libDaisy/build\libdaisy.a(codec_wm8731.o)
                              ../../libs/libDaisy/build\libdaisy.a(daisy_seed.o) (daisy::Wm8731::Init(daisy::Wm8731::Config const&, daisy::I2CHandle))
../../libs/libDaisy/build\libdaisy.a(sdram.o)
                              ../../libs/libDaisy/build\libdaisy.a(daisy_seed.o) (SdramHandle::Init())
../../libs/libDaisy/build\libdaisy.a(audio.o)
                              ../../libs/libDaisy/build\libdaisy.a(daisy_seed.o) (daisy::AudioHandle::Init(daisy::AudioHandle::Config const&, daisy::SaiHandle))
../../libs/libDaisy/build\libdaisy.a(gpio.o)
                              ../../libs/libDaisy/build\libdaisy.a(daisy_seed.o) (daisy::GPIO::Init(daisy::GPIO::Config const&))
../../libs/libDaisy/build\libdaisy.a(i2c.o)
                              ../../libs/libDaisy/build\libdaisy.a(daisy_seed.o) (daisy::I2CHandle::Init(daisy::I2CHandle::Config const&))
../../libs/libDaisy/build\libdaisy.a(qspi.o)
                              ../../libs/libDaisy/build\libdaisy.a(daisy_seed.o) (daisy::QSPIHandle::Init(daisy::QSPIHandle::Config const&))
../../libs/libDaisy/build\libdaisy.a(sai.o)
                              ../../libs/libDaisy/build\libdaisy.a(daisy_seed.o) (daisy::SaiHandle::Init(daisy::SaiHandle::Config const&))
../../libs/libDaisy/build\libdaisy.a(system.o)
                              ../../libs/libDaisy/build\libdaisy.a(daisy_seed.o) (daisy::System::DeInit())
../../libs/libDaisy/build\libdaisy.a(system_stm32h7xx.o)
                              build/startup_stm32h750xx.o (SystemInit)
../../libs/libDaisy/build\libdaisy.a(usbd_conf.o)
                              ../../libs/libDaisy/build\libdaisy.a(system.o) (hpcd_USB_OTG_HS)
../../libs/libDaisy/build\libdaisy.a(usbh_conf.o)
                              ../../libs/libDaisy/build\libdaisy.a(system.o) (hhcd_USB_OTG_HS)
../../libs/libDaisy/build\libdaisy.a(stm32h7xx_hal.o)
                              ../../libs/libDaisy/build\libdaisy.a(system.o) (HAL_Init)
../../libs/libDaisy/build\libdaisy.a(stm32h7xx_hal_cortex.o)
                              ../../libs/libDaisy/build\libdaisy.a(stm32h7xx_hal.o) (HAL_NVIC_SetPriorityGrouping)
../../libs/libDaisy/build\libdaisy.a(stm32h7xx_hal_dma.o)
                              ../../libs/libDaisy/build\libdaisy.a(i2c.o) (HAL_DMA_Init)
../../libs/libDaisy/build\libdaisy.a(stm32h7xx_hal_gpio.o)
                              ../../libs/libDaisy/build\libdaisy.a(sdram.o) (HAL_GPIO_Init)
../../libs/libDaisy/build\libdaisy.a(stm32h7xx_hal_hcd.o)
                              ../../libs/libDaisy/build\libdaisy.a(usbh_conf.o) (HAL_HCD_HC_Init)
../../libs/libDaisy/build\libdaisy.a(stm32h7xx_hal_i2c.o)
                              ../../libs/libDaisy/build\libdaisy.a(i2c.o) (HAL_I2C_Init)
../../libs/libDaisy/build\libdaisy.a(stm32h7xx_hal_i2c_ex.o)
                              ../../libs/libDaisy/build\libdaisy.a(i2c.o) (HAL_I2CEx_ConfigAnalogFilter)
../../libs/libDaisy/build\libdaisy.a(stm32h7xx_hal_pcd.o)
                              ../../libs/libDaisy/build\libdaisy.a(usbd_conf.o) (HAL_PCD_Init)
../../libs/libDaisy/build\libdaisy.a(stm32h7xx_hal_pcd_ex.o)
                              ../../libs/libDaisy/build\libdaisy.a(usbd_conf.o) (HAL_PCDEx_SetTxFiFo)
../../libs/libDaisy/build\libdaisy.a(stm32h7xx_hal_pwr_ex.o)
                              ../../libs/libDaisy/build\libdaisy.a(system.o) (HAL_PWREx_ConfigSupply)
../../libs/libDaisy/build\libdaisy.a(stm32h7xx_hal_qspi.o)
                              ../../libs/libDaisy/build\libdaisy.a(qspi.o) (HAL_QSPI_Init)
../../libs/libDaisy/build\libdaisy.a(stm32h7xx_hal_rcc.o)
                              ../../libs/libDaisy/build\libdaisy.a(system.o) (HAL_RCC_OscConfig)
../../libs/libDaisy/build\libdaisy.a(stm32h7xx_hal_rcc_ex.o)
                              ../../libs/libDaisy/build\libdaisy.a(system.o) (HAL_RCCEx_PeriphCLKConfig)
../../libs/libDaisy/build\libdaisy.a(stm32h7xx_hal_sai.o)
                              ../../libs/libDaisy/build\libdaisy.a(sai.o) (HAL_SAI_InitProtocol)
../../libs/libDaisy/build\libdaisy.a(stm32h7xx_hal_sdram.o)
                              ../../libs/libDaisy/build\libdaisy.a(sdram.o) (HAL_SDRAM_Init)
../../libs/libDaisy/build\libdaisy.a(stm32h7xx_ll_fmc.o)
                              ../../libs/libDaisy/build\libdaisy.a(stm32h7xx_hal_sdram.o) (FMC_SDRAM_Init)
../../libs/libDaisy/build\libdaisy.a(stm32h7xx_ll_usb.o)
                              ../../libs/libDaisy/build\libdaisy.a(stm32h7xx_hal_hcd.o) (USB_CoreInit)
../../libs/libDaisy/build\libdaisy.a(usbd_core.o)
[...]
Memory Configuration

Name             Origin             Length             Attributes
FLASH            0x08000000         0x00020000         xr
DTCMRAM          0x20000000         0x00020000         xrw
SRAM             0x24000000         0x00080000         xrw
RAM_D2           0x30000000         0x00048000         xrw
RAM_D3           0x38000000         0x00010000         xrw
BACKUP_SRAM      0x38800000         0x00001000         xrw
ITCMRAM          0x00000000         0x00010000         xrw
SDRAM            0xc0000000         0x04000000         xrw
QSPIFLASH        0x90000000         0x00800000         xr
*default*        0x00000000         0xffffffff

Linker script and memory map

LOAD c:/program files/daisytoolchain/bin/../lib/gcc/arm-none-eabi/10.2.1/thumb/v7e-m+dp/hard/crti.o
LOAD c:/program files/daisytoolchain/bin/../lib/gcc/arm-none-eabi/10.2.1/thumb/v7e-m+dp/hard/crtbegin.o
LOAD c:/program files/daisytoolchain/bin/../lib/gcc/arm-none-eabi/10.2.1/../../../../arm-none-eabi/lib/thumb/v7e-m+dp/hard/crt0.o
LOAD build/startup_stm32h750xx.o
LOAD build/main.o
LOAD build/XorM.o
LOAD ../../libs/libDaisy/build\libdaisy.a
LOAD c:/program files/daisytoolchain/bin/../lib/gcc/arm-none-eabi/10.2.1/../../../../arm-none-eabi/lib/thumb/v7e-m+dp/hard\libnosys.a
LOAD ../../libs/DaisySP/build\libdaisysp.a
LOAD c:/program files/daisytoolchain/bin/../lib/gcc/arm-none-eabi/10.2.1/../../../../arm-none-eabi/lib/thumb/v7e-m+dp/hard\libstdc++_nano.a
LOAD c:/program files/daisytoolchain/bin/../lib/gcc/arm-none-eabi/10.2.1/../../../../arm-none-eabi/lib/thumb/v7e-m+dp/hard\libm.a
LOAD c:/program files/daisytoolchain/bin/../lib/gcc/arm-none-eabi/10.2.1/../../../../arm-none-eabi/lib/thumb/v7e-m+dp/hard\libc_nano.a
START GROUP
LOAD c:/program files/daisytoolchain/bin/../lib/gcc/arm-none-eabi/10.2.1/thumb/v7e-m+dp/hard\libgcc.a
LOAD c:/program files/daisytoolchain/bin/../lib/gcc/arm-none-eabi/10.2.1/../../../../arm-none-eabi/lib/thumb/v7e-m+dp/hard\libc_nano.a
END GROUP
START GROUP
LOAD c:/program files/daisytoolchain/bin/../lib/gcc/arm-none-eabi/10.2.1/thumb/v7e-m+dp/hard\libgcc.a
LOAD c:/program files/daisytoolchain/bin/../lib/gcc/arm-none-eabi/10.2.1/../../../../arm-none-eabi/lib/thumb/v7e-m+dp/hard\libc_nano.a
LOAD c:/program files/daisytoolchain/bin/../lib/gcc/arm-none-eabi/10.2.1/../../../../arm-none-eabi/lib/thumb/v7e-m+dp/hard\libnosys.a
END GROUP
START GROUP
LOAD c:/program files/daisytoolchain/bin/../lib/gcc/arm-none-eabi/10.2.1/thumb/v7e-m+dp/hard\libgcc.a
LOAD c:/program files/daisytoolchain/bin/../lib/gcc/arm-none-eabi/10.2.1/../../../../arm-none-eabi/lib/thumb/v7e-m+dp/hard\libc_nano.a
LOAD c:/program files/daisytoolchain/bin/../lib/gcc/arm-none-eabi/10.2.1/../../../../arm-none-eabi/lib/thumb/v7e-m+dp/hard\libnosys.a
END GROUP
LOAD c:/program files/daisytoolchain/bin/../lib/gcc/arm-none-eabi/10.2.1/thumb/v7e-m+dp/hard/crtend.o
LOAD c:/program files/daisytoolchain/bin/../lib/gcc/arm-none-eabi/10.2.1/thumb/v7e-m+dp/hard/crtn.o
                0x20020000                _estack = 0x20020000

.isr_vector     0x08000000      0x298
                0x08000000                . = ALIGN (0x4)
 *(.isr_vector)
 .isr_vector    0x08000000      0x298 build/startup_stm32h750xx.o
                0x08000000                g_pfnVectors
                0x08000298                . = ALIGN (0x4)

.text           0x08000298    0x119f0
                0x08000298                . = ALIGN (0x4)
                0x08000298                _stext = .
 *(.text)
 .text          0x08000298       0x40 c:/program files/daisytoolchain/bin/../lib/gcc/arm-none-eabi/10.2.1/thumb/v7e-m+dp/hard/crtbegin.o
 .text          0x080002d8      0x378 c:/program files/daisytoolchain/bin/../lib/gcc/arm-none-eabi/10.2.1/thumb/v7e-m+dp/hard\libgcc.a(_arm_addsubdf3.o)
                0x080002d8                __aeabi_drsub
                0x080002e0                __aeabi_dsub
                0x080002e0                __subdf3
                0x080002e4                __aeabi_dadd
                0x080002e4                __adddf3
                0x0800055c                __floatunsidf
                0x0800055c                __aeabi_ui2d
                0x0800057c                __floatsidf
                0x0800057c                __aeabi_i2d
                0x080005a0                __aeabi_f2d
                0x080005a0                __extendsfdf2
                0x080005e4                __floatundidf
                0x080005e4                __aeabi_ul2d
                0x080005f4                __floatdidf
                0x080005f4                __aeabi_l2d
 .text          0x08000650       0x30 c:/program files/daisytoolchain/bin/../lib/gcc/arm-none-eabi/10.2.1/thumb/v7e-m+dp/hard\libgcc.a(_aeabi_uldivmod.o)
                0x08000650                __aeabi_uldivmod
 .text          0x08000680      0x2d0 c:/program files/daisytoolchain/bin/../lib/gcc/arm-none-eabi/10.2.1/thumb/v7e-m+dp/hard\libgcc.a(_udivmoddi4.o)
                0x08000680                __udivmoddi4
 .text          0x08000950        0x4 c:/program files/daisytoolchain/bin/../lib/gcc/arm-none-eabi/10.2.1/thumb/v7e-m+dp/hard\libgcc.a(_dvmd_tls.o)
                0x08000950                __aeabi_idiv0
                0x08000950                __aeabi_ldiv0
 *(.text*)
 .text.Default_Handler
                0x08000954        0xc build/startup_stm32h750xx.o
                0x08000954                RTC_Alarm_IRQHandler
                0x08000954                HASH_RNG_IRQHandler
                0x08000954                EXTI2_IRQHandler
                0x08000954                TIM8_CC_IRQHandler
                0x08000954                HRTIM1_Master_IRQHandler
                0x08000954                DebugMon_Handler
                0x08000954                TIM1_CC_IRQHandler
                0x08000954                BDMA_Channel6_IRQHandler
                0x08000954                DMA2_Stream5_IRQHandler
                0x08000954                HRTIM1_FLT_IRQHandler
                0x08000954                JPEG_IRQHandler
                0x08000954                BDMA_Channel1_IRQHandler
                0x08000954                HRTIM1_TIMD_IRQHandler
                0x08000954                TAMP_STAMP_IRQHandler
                0x08000954                PendSV_Handler
                0x08000954                NMI_Handler
                0x08000954                EXTI3_IRQHandler
                0x08000954                LPTIM4_IRQHandler
                0x08000954                TIM8_TRG_COM_TIM14_IRQHandler
                0x08000954                LPTIM2_IRQHandler
                0x08000954                DFSDM1_FLT1_IRQHandler
                0x08000954                DMAMUX2_OVR_IRQHandler
                0x08000954                TIM8_UP_TIM13_IRQHandler
                0x08000954                I2C3_ER_IRQHandler
                0x08000954                DFSDM1_FLT2_IRQHandler
                0x08000954                MDMA_IRQHandler
                0x08000954                LPTIM3_IRQHandler
                0x08000954                HSEM1_IRQHandler
                0x08000954                EXTI0_IRQHandler
                0x08000954                DMA1_Stream2_IRQHandler
                0x08000954                FPU_IRQHandler
                0x08000954                OTG_HS_WKUP_IRQHandler
                0x08000954                FDCAN1_IT1_IRQHandler
                0x08000954                UsageFault_Handler
                0x08000954                LTDC_ER_IRQHandler
                0x08000954                HRTIM1_TIME_IRQHandler
                0x08000954                TIM6_DAC_IRQHandler
                0x08000954                DCMI_IRQHandler
                0x08000954                HRTIM1_TIMC_IRQHandler
                0x08000954                SAI2_IRQHandler
                0x08000954                DFSDM1_FLT3_IRQHandler
                0x08000954                TIM17_IRQHandler
                0x08000954                CRYP_IRQHandler
                0x08000954                BDMA_Channel7_IRQHandler
                0x08000954                LPTIM5_IRQHandler
                0x08000954                ADC3_IRQHandler
                0x08000954                DMA2_Stream0_IRQHandler
                0x08000954                BDMA_Channel2_IRQHandler
                0x08000954                DMAMUX1_OVR_IRQHandler
                0x08000954                TIM16_IRQHandler
                0x08000954                BDMA_Channel5_IRQHandler
                0x08000954                RCC_IRQHandler
                0x08000954                TIM8_BRK_TIM12_IRQHandler
                0x08000954                TIM1_TRG_COM_IRQHandler
                0x08000954                Default_Handler
                0x08000954                ECC_IRQHandler
                0x08000954                CEC_IRQHandler
                0x08000954                EXTI15_10_IRQHandler
                0x08000954                BDMA_Channel0_IRQHandler
                0x08000954                ADC_IRQHandler
                0x08000954                DMA1_Stream7_IRQHandler
                0x08000954                HRTIM1_TIMA_IRQHandler
                0x08000954                TIM7_IRQHandler
                0x08000954                SDMMC1_IRQHandler
                0x08000954                DMA2_Stream7_IRQHandler
                0x08000954                TIM15_IRQHandler
                0x08000954                PVD_AVD_IRQHandler
                0x08000954                EXTI9_5_IRQHandler
                0x08000954                RTC_WKUP_IRQHandler
                0x08000954                LTDC_IRQHandler
                0x08000954                SAI3_IRQHandler
                0x08000954                ETH_WKUP_IRQHandler
                0x08000954                SPDIF_RX_IRQHandler
                0x08000954                MemManage_Handler
                0x08000954                SVC_Handler
                0x08000954                CRS_IRQHandler
                0x08000954                EXTI4_IRQHandler
                0x08000954                HRTIM1_TIMB_IRQHandler
                0x08000954                FDCAN2_IT1_IRQHandler
                0x08000954                ETH_IRQHandler
                0x08000954                TIM1_UP_IRQHandler
                0x08000954                BDMA_Channel4_IRQHandler
                0x08000954                WWDG_IRQHandler
                0x08000954                SPI6_IRQHandler
                0x08000954                I2C4_EV_IRQHandler
                0x08000954                MDIOS_IRQHandler
                0x08000954                FDCAN2_IT0_IRQHandler
                0x08000954                FDCAN1_IT0_IRQHandler
                0x08000954                OTG_FS_WKUP_IRQHandler
                0x08000954                DMA2D_IRQHandler
                0x08000954                TIM1_BRK_IRQHandler
                0x08000954                EXTI1_IRQHandler
                0x08000954                SDMMC2_IRQHandler
                0x08000954                OTG_FS_EP1_OUT_IRQHandler
                0x08000954                BDMA_Channel3_IRQHandler
                0x08000954                MDIOS_WKUP_IRQHandler
                0x08000954                DFSDM1_FLT0_IRQHandler
                0x08000954                SAI4_IRQHandler
                0x08000954                I2C2_ER_IRQHandler
                0x08000954                DMA2_Stream1_IRQHandler
                0x08000954                FLASH_IRQHandler
                0x08000954                BusFault_Handler
                0x08000954                OTG_FS_IRQHandler
                0x08000954                WAKEUP_PIN_IRQHandler
                0x08000954                OTG_FS_EP1_IN_IRQHandler
                0x08000954                I2C1_ER_IRQHandler
                0x08000954                FMC_IRQHandler
                0x08000954                FDCAN_CAL_IRQHandler
                0x08000954                SWPMI1_IRQHandler
                0x08000954                COMP1_IRQHandler
                0x08000954                LPTIM1_IRQHandler
                0x08000954                I2C4_ER_IRQHandler
                0x08000954                DMA2_Stream6_IRQHandler
                0x08000954                SAI1_IRQHandler
 .text.Reset_Handler
                0x08000960       0x44 build/startup_stm32h750xx.o
                0x08000960                Reset_Handler
 .text._ZN5daisy9DaisySeedD2Ev
                0x080009a4        0x4 build/main.o
                0x080009a4                daisy::DaisySeed::~DaisySeed()
                0x080009a4                daisy::DaisySeed::~DaisySeed()
 .text._ZN7daisysp10OscillatorD2Ev
                0x080009a8        0x4 build/main.o
                0x080009a8                daisysp::Oscillator::~Oscillator()
                0x080009a8                daisysp::Oscillator::~Oscillator()
 .text._Z13AudioCallbackPKPKfPPfj
                0x080009ac       0x88 build/main.o
                0x080009ac                AudioCallback(float const* const*, float**, unsigned int)
 .text._ZN7daisysp10Oscillator4InitEf
                0x08000a34       0x44 build/main.o
                0x08000a34                daisysp::Oscillator::Init(float)
 .text.startup.main
                0x08000a78       0xd0 build/main.o
                0x08000a78                main
 .text.startup._GLOBAL__sub_I_hw
                0x08000b48       0x94 build/main.o
 .text._ZN4XorMC2Ev
                0x08000bdc        0x4 build/XorM.o
                0x08000bdc                XorM::XorM()
                0x08000bdc                XorM::XorM()
 .text._ZN4XorMD2Ev
                0x08000be0        0x4 build/XorM.o
                0x08000be0                XorM::~XorM()
                0x08000be0                XorM::~XorM()
 .text._ZN4XorM4initEv
                0x08000be4        0x8 build/XorM.o
                0x08000be4                XorM::init()
 .text._ZN4XorM7processEff
                0x08000bec       0x4c build/XorM.o
                0x08000bec                XorM::process(float, float)
 .text._ZN4XorM7setMaskEf
                0x08000c38       0x18 build/XorM.o
                0x08000c38                XorM::setMask(float)
 .text._ZN5daisy9DaisySeed10StartAudioEPFvPKPKfPPfjE
                0x08000c50        0x8 ../../libs/libDaisy/build\libdaisy.a(daisy_seed.o)
                0x08000c50                daisy::DaisySeed::StartAudio(void (*)(float const* const*, float**, unsigned int))
 .text._ZN5daisy9DaisySeed15AudioSampleRateEv
                0x08000c58        0x8 ../../libs/libDaisy/build\libdaisy.a(daisy_seed.o)
                0x08000c58                daisy::DaisySeed::AudioSampleRate()
 .text._ZN5daisy9DaisySeed17SetAudioBlockSizeEj
                0x08000c60       0x38 ../../libs/libDaisy/build\libdaisy.a(daisy_seed.o)
                0x08000c60                daisy::DaisySeed::SetAudioBlockSize(unsigned int)
 .text._ZN5daisy9DaisySeed17CheckBoardVersionEv
                0x08000c98       0x6c ../../libs/libDaisy/build\libdaisy.a(daisy_seed.o)
                0x08000c98                daisy::DaisySeed::CheckBoardVersion()
 .text._ZN5daisy9DaisySeed14ConfigureAudioEv
                0x08000d04      0x110 ../../libs/libDaisy/build\libdaisy.a(daisy_seed.o)
                0x08000d04                daisy::DaisySeed::ConfigureAudio()
 .text._ZN5daisy9DaisySeed4InitEb
                0x08000e14      0x104 ../../libs/libDaisy/build\libdaisy.a(daisy_seed.o)
                0x08000e14                daisy::DaisySeed::Init(bool)
 .text._ZN5daisy6Ak45564InitENS_3PinE
                0x08000f18       0x44 ../../libs/libDaisy/build\libdaisy.a(codec_ak4556.o)
                0x08000f18                daisy::Ak4556::Init(daisy::Pin)
 .text._ZN5daisy6Wm873120WriteControlRegisterEht
                0x08000f5c       0x3c ../../libs/libDaisy/build\libdaisy.a(codec_wm8731.o)
                0x08000f5c                daisy::Wm8731::WriteControlRegister(unsigned char, unsigned short)
 .text._ZN5daisy6Wm87314InitERKNS0_6ConfigENS_9I2CHandleE
                0x08000f98      0x1bc ../../libs/libDaisy/build\libdaisy.a(codec_wm8731.o)
                0x08000f98                daisy::Wm8731::Init(daisy::Wm8731::Config const&, daisy::I2CHandle)
 .text._ZN11SdramHandle10DeviceInitEv
                0x08001154       0x98 ../../libs/libDaisy/build\libdaisy.a(sdram.o)
                0x08001154                SdramHandle::DeviceInit()
 .text._ZN11SdramHandle4InitEv
                0x080011ec       0x7c ../../libs/libDaisy/build\libdaisy.a(sdram.o)
                0x080011ec                SdramHandle::Init()
 .text.HAL_SDRAM_MspInit
                0x08001268      0x1a8 ../../libs/libDaisy/build\libdaisy.a(sdram.o)
                0x08001268                HAL_SDRAM_MspInit
 .text._ZN5daisy11AudioHandle4Impl16InternalCallbackEPlS2_j
                0x08001410      0xbbc ../../libs/libDaisy/build\libdaisy.a(audio.o)
                0x08001410                daisy::AudioHandle::Impl::InternalCallback(long*, long*, unsigned int)
 .text._ZN5daisy11AudioHandle4InitERKNS0_6ConfigENS_9SaiHandleE
                0x08001fcc       0x70 ../../libs/libDaisy/build\libdaisy.a(audio.o)
                0x08001fcc                daisy::AudioHandle::Init(daisy::AudioHandle::Config const&, daisy::SaiHandle)
 .text._ZNK5daisy11AudioHandle9GetConfigEv
                0x0800203c        0x8 ../../libs/libDaisy/build\libdaisy.a(audio.o)
                0x0800203c                daisy::AudioHandle::GetConfig() const
 .text._ZN5daisy11AudioHandle12SetBlockSizeEj
                0x08002044       0x1c ../../libs/libDaisy/build\libdaisy.a(audio.o)
                0x08002044                daisy::AudioHandle::SetBlockSize(unsigned int)
 .text._ZN5daisy11AudioHandle13GetSampleRateEv
                0x08002060        0x8 ../../libs/libDaisy/build\libdaisy.a(audio.o)
                0x08002060                daisy::AudioHandle::GetSampleRate()
 .text._ZN5daisy11AudioHandle5StartEPFvPKPKfPPfjE
                0x08002068       0x44 ../../libs/libDaisy/build\libdaisy.a(audio.o)
                0x08002068                daisy::AudioHandle::Start(void (*)(float const* const*, float**, unsigned int))
 .text.startup._GLOBAL__sub_I__ZN5daisy11AudioHandle4Impl4InitENS0_6ConfigENS_9SaiHandleE
                0x080020ac       0x24 ../../libs/libDaisy/build\libdaisy.a(audio.o)
 .text._ZN5daisy4GPIO4InitERKNS0_6ConfigE
                0x080020d0      0x1cc ../../libs/libDaisy/build\libdaisy.a(gpio.o)
                0x080020d0                daisy::GPIO::Init(daisy::GPIO::Config const&)
 .text._ZN5daisy4GPIO4InitENS_3PinENS0_4ModeENS0_4PullENS0_5SpeedE
                0x0800229c      0x1cc ../../libs/libDaisy/build\libdaisy.a(gpio.o)
                0x0800229c                daisy::GPIO::Init(daisy::Pin, daisy::GPIO::Mode, daisy::GPIO::Pull, daisy::GPIO::Speed)
 .text._ZN5daisy4GPIO4ReadEv
                0x08002468       0x18 ../../libs/libDaisy/build\libdaisy.a(gpio.o)
                0x08002468                daisy::GPIO::Read()
 .text._ZN5daisy4GPIO5WriteEb
                0x08002480       0x14 ../../libs/libDaisy/build\libdaisy.a(gpio.o)
                0x08002480                daisy::GPIO::Write(bool)
 .text._ZN5daisy9I2CHandle4Impl8InitPinsEv
                0x08002494       0x70 ../../libs/libDaisy/build\libdaisy.a(i2c.o)
                0x08002494                daisy::I2CHandle::Impl::InitPins()
 .text.HAL_I2C_MspInit
                0x08002504      0x1b4 ../../libs/libDaisy/build\libdaisy.a(i2c.o)
                0x08002504                HAL_I2C_MspInit
 .text.dsy_i2c_global_init
                0x080026b8       0x78 ../../libs/libDaisy/build\libdaisy.a(i2c.o)
                0x080026b8                dsy_i2c_global_init
 .text.DMA1_Stream6_IRQHandler
                0x08002730       0x34 ../../libs/libDaisy/build\libdaisy.a(i2c.o)
                0x08002730                DMA1_Stream6_IRQHandler
 .text.I2C1_EV_IRQHandler
                0x08002764        0xc ../../libs/libDaisy/build\libdaisy.a(i2c.o)
                0x08002764                I2C1_EV_IRQHandler
 .text.I2C2_EV_IRQHandler
                0x08002770        0xc ../../libs/libDaisy/build\libdaisy.a(i2c.o)
                0x08002770                I2C2_EV_IRQHandler
 .text.I2C3_EV_IRQHandler
                0x0800277c        0xc ../../libs/libDaisy/build\libdaisy.a(i2c.o)
                0x0800277c                I2C3_EV_IRQHandler
 .text._ZN5daisy9I2CHandle4InitERKNS0_6ConfigE
                0x08002788      0x130 ../../libs/libDaisy/build\libdaisy.a(i2c.o)
                0x08002788                daisy::I2CHandle::Init(daisy::I2CHandle::Config const&)
 .text._ZN5daisy9I2CHandle16TransmitBlockingEtPhtm
                0x080028b8       0x50 ../../libs/libDaisy/build\libdaisy.a(i2c.o)
                0x080028b8                daisy::I2CHandle::TransmitBlocking(unsigned short, unsigned char*, unsigned short, unsigned long)
 .text.startup._GLOBAL__sub_I__ZN5daisy9I2CHandle4Impl10GlobalInitEv
                0x08002908       0x2c ../../libs/libDaisy/build\libdaisy.a(i2c.o)
 .text._ZN5daisy10QSPIHandle4Impl11WriteEnableEv
                0x08002934       0x8c ../../libs/libDaisy/build\libdaisy.a(qspi.o)
                0x08002934                daisy::QSPIHandle::Impl::WriteEnable()
 .text._ZN5daisy10QSPIHandle4Impl17DummyCyclesConfigENS0_6Config6DeviceE
                0x080029c0      0x118 ../../libs/libDaisy/build\libdaisy.a(qspi.o)
                0x080029c0                daisy::QSPIHandle::Impl::DummyCyclesConfig(daisy::QSPIHandle::Config::Device)
 .text._ZN5daisy10QSPIHandle4Impl10QuadEnableEv
                0x08002ad8      0x168 ../../libs/libDaisy/build\libdaisy.a(qspi.o)
                0x08002ad8                daisy::QSPIHandle::Impl::QuadEnable()
 .text._ZN5daisy10QSPIHandle4Impl21DefaultStatusRegisterEv
                0x08002c40      0x158 ../../libs/libDaisy/build\libdaisy.a(qspi.o)
                0x08002c40                daisy::QSPIHandle::Impl::DefaultStatusRegister()
 .text._ZN5daisy10QSPIHandle4Impl7PreInitEm
                0x08002d98      0x198 ../../libs/libDaisy/build\libdaisy.a(qspi.o)
                0x08002d98                daisy::QSPIHandle::Impl::PreInit(unsigned long)
 .text._ZN5daisy10QSPIHandle4InitERKNS0_6ConfigE
                0x08002f30      0x1b4 ../../libs/libDaisy/build\libdaisy.a(qspi.o)
                0x08002f30                daisy::QSPIHandle::Init(daisy::QSPIHandle::Config const&)
 .text.HAL_QSPI_MspInit
                0x080030e4      0x194 ../../libs/libDaisy/build\libdaisy.a(qspi.o)
                0x080030e4                HAL_QSPI_MspInit
 .text.HAL_QSPI_MspDeInit
                0x08003278       0x7c ../../libs/libDaisy/build\libdaisy.a(qspi.o)
                0x08003278                HAL_QSPI_MspDeInit
 .text.QUADSPI_IRQHandler
                0x080032f4        0xc ../../libs/libDaisy/build\libdaisy.a(qspi.o)
                0x080032f4                QUADSPI_IRQHandler
 .text.startup._GLOBAL__sub_I__ZN5daisy10QSPIHandle4Impl7PreInitEm
                0x08003300       0x40 ../../libs/libDaisy/build\libdaisy.a(qspi.o)
 .text._ZN5daisy9SaiHandle4Impl7InitDmaENS1_15PeripheralBlockE
                0x08003340       0xa0 ../../libs/libDaisy/build\libdaisy.a(sai.o)
                0x08003340                daisy::SaiHandle::Impl::InitDma(daisy::SaiHandle::Impl::PeripheralBlock)
 .text._ZN5daisy9SaiHandle4Impl8InitPinsEv
                0x080033e0       0xbc ../../libs/libDaisy/build\libdaisy.a(sai.o)
                0x080033e0                daisy::SaiHandle::Impl::InitPins()
 .text.HAL_SAI_MspInit
                0x0800349c      0x164 ../../libs/libDaisy/build\libdaisy.a(sai.o)
                0x0800349c                HAL_SAI_MspInit
 .text.DMA1_Stream0_IRQHandler
                0x08003600        0xc ../../libs/libDaisy/build\libdaisy.a(sai.o)
                0x08003600                DMA1_Stream0_IRQHandler
 .text.DMA1_Stream1_IRQHandler
                0x0800360c        0xc ../../libs/libDaisy/build\libdaisy.a(sai.o)
                0x0800360c                DMA1_Stream1_IRQHandler
 .text.DMA1_Stream3_IRQHandler
                0x08003618        0xc ../../libs/libDaisy/build\libdaisy.a(sai.o)
                0x08003618                DMA1_Stream3_IRQHandler
 .text.DMA1_Stream4_IRQHandler
                0x08003624        0xc ../../libs/libDaisy/build\libdaisy.a(sai.o)
                0x08003624                DMA1_Stream4_IRQHandler
 .text.HAL_SAI_RxHalfCpltCallback
                0x08003630       0x78 ../../libs/libDaisy/build\libdaisy.a(sai.o)
                0x08003630                HAL_SAI_RxHalfCpltCallback
 .text.HAL_SAI_RxCpltCallback
                0x080036a8       0x70 ../../libs/libDaisy/build\libdaisy.a(sai.o)
                0x080036a8                HAL_SAI_RxCpltCallback
 .text._ZN5daisy9SaiHandle4InitERKNS0_6ConfigE
                0x08003718      0x1f0 ../../libs/libDaisy/build\libdaisy.a(sai.o)
                0x08003718                daisy::SaiHandle::Init(daisy::SaiHandle::Config const&)
 .text._ZNK5daisy9SaiHandle9GetConfigEv
                0x08003908        0x4 ../../libs/libDaisy/build\libdaisy.a(sai.o)
                0x08003908                daisy::SaiHandle::GetConfig() const
 .text._ZN5daisy9SaiHandle8StartDmaEPlS1_jPFvS1_S1_jE
                0x0800390c       0xbc ../../libs/libDaisy/build\libdaisy.a(sai.o)
                0x0800390c                daisy::SaiHandle::StartDma(long*, long*, unsigned int, void (*)(long*, long*, unsigned int))
 .text._ZN5daisy9SaiHandle13GetSampleRateEv
                0x080039c8       0x24 ../../libs/libDaisy/build\libdaisy.a(sai.o)
                0x080039c8                daisy::SaiHandle::GetSampleRate()
 .text._ZNK5daisy9SaiHandle9GetOffsetEv
                0x080039ec        0x8 ../../libs/libDaisy/build\libdaisy.a(sai.o)
                0x080039ec                daisy::SaiHandle::GetOffset() const
 .text.startup._GLOBAL__sub_I__ZN5daisy9SaiHandle4Impl4InitERKNS0_6ConfigE
                0x080039f4       0x20 ../../libs/libDaisy/build\libdaisy.a(sai.o)
 .text._ZN5daisy11TimerHandleD2Ev
                0x08003a14        0x4 ../../libs/libDaisy/build\libdaisy.a(system.o)
                0x08003a14                daisy::TimerHandle::~TimerHandle()
                0x08003a14                daisy::TimerHandle::~TimerHandle()
 .text.SysTick_Handler
                0x08003a18       0x10 ../../libs/libDaisy/build\libdaisy.a(system.o)
                0x08003a18                SysTick_Handler
 .text.OTG_HS_EP1_OUT_IRQHandler
                0x08003a28       0x24 ../../libs/libDaisy/build\libdaisy.a(system.o)
                0x08003a28                OTG_HS_EP1_OUT_IRQHandler
 .text.OTG_HS_EP1_IN_IRQHandler
                0x08003a4c       0x24 ../../libs/libDaisy/build\libdaisy.a(system.o)
                0x08003a4c                OTG_HS_EP1_IN_IRQHandler
 .text.OTG_HS_IRQHandler
                0x08003a70       0x24 ../../libs/libDaisy/build\libdaisy.a(system.o)
                0x08003a70                OTG_HS_IRQHandler
 .text.HardFault_Handler
                0x08003a94       0xe0 ../../libs/libDaisy/build\libdaisy.a(system.o)
                0x08003a94                HardFault_Handler
 .text._ZN5daisy6System5DelayEm
                0x08003b74        0x4 ../../libs/libDaisy/build\libdaisy.a(system.o)
                0x08003b74                daisy::System::Delay(unsigned long)
 .text._ZN5daisy6System20GetBootloaderVersionEv
                0x08003b78       0x34 ../../libs/libDaisy/build\libdaisy.a(system.o)
                0x08003b78                daisy::System::GetBootloaderVersion()
 *fill*         0x08003bac        0x4 
 .text._ZN5daisy6System15ConfigureClocksEv
                0x08003bb0      0x1a4 ../../libs/libDaisy/build\libdaisy.a(system.o)
                0x08003bb0                daisy::System::ConfigureClocks()
 .text._ZN5daisy6System12ConfigureMpuEv
                0x08003d54       0x7c ../../libs/libDaisy/build\libdaisy.a(system.o)
                0x08003d54                daisy::System::ConfigureMpu()
 .text._ZN5daisy6System4InitERKNS0_6ConfigE
                0x08003dd0       0xf8 ../../libs/libDaisy/build\libdaisy.a(system.o)
                0x08003dd0                daisy::System::Init(daisy::System::Config const&)
 .text._ZN5daisy6System12GetPClk1FreqEv
                0x08003ec8        0x4 ../../libs/libDaisy/build\libdaisy.a(system.o)
                0x08003ec8                daisy::System::GetPClk1Freq()
 .text._ZN5daisy6System22GetProgramMemoryRegionEv
                0x08003ecc       0x78 ../../libs/libDaisy/build\libdaisy.a(system.o)
                0x08003ecc                daisy::System::GetProgramMemoryRegion()
 .text.startup._GLOBAL__sub_I__ZN5daisy9boot_infoE
                0x08003f44       0x1c ../../libs/libDaisy/build\libdaisy.a(system.o)
 .text.SystemInit
                0x08003f60       0x9c ../../libs/libDaisy/build\libdaisy.a(system_stm32h7xx.o)
                0x08003f60                SystemInit
 .text.HAL_PCD_SetupStageCallback
                0x08003ffc        0xc ../../libs/libDaisy/build\libdaisy.a(usbd_conf.o)
                0x08003ffc                HAL_PCD_SetupStageCallback
 .text.HAL_PCD_DataOutStageCallback
                0x08004008       0x14 ../../libs/libDaisy/build\libdaisy.a(usbd_conf.o)
                0x08004008                HAL_PCD_DataOutStageCallback
 .text.HAL_PCD_DataInStageCallback
                0x0800401c       0x14 ../../libs/libDaisy/build\libdaisy.a(usbd_conf.o)
                0x0800401c                HAL_PCD_DataInStageCallback
 .text.HAL_PCD_SOFCallback
                0x08004030        0x8 ../../libs/libDaisy/build\libdaisy.a(usbd_conf.o)
                0x08004030                HAL_PCD_SOFCallback
 .text.HAL_PCD_ResetCallback
                0x08004038       0x24 ../../libs/libDaisy/build\libdaisy.a(usbd_conf.o)
                0x08004038                HAL_PCD_ResetCallback
 .text.HAL_PCD_SuspendCallback
                0x0800405c       0x30 ../../libs/libDaisy/build\libdaisy.a(usbd_conf.o)
                0x0800405c                HAL_PCD_SuspendCallback
 .text.HAL_PCD_ResumeCallback
                0x0800408c        0x8 ../../libs/libDaisy/build\libdaisy.a(usbd_conf.o)
                0x0800408c                HAL_PCD_ResumeCallback
 .text.HAL_PCD_ISOOUTIncompleteCallback
                0x08004094        0x8 ../../libs/libDaisy/build\libdaisy.a(usbd_conf.o)
                0x08004094                HAL_PCD_ISOOUTIncompleteCallback
 .text.HAL_PCD_ISOINIncompleteCallback
                0x0800409c        0x8 ../../libs/libDaisy/build\libdaisy.a(usbd_conf.o)
                0x0800409c                HAL_PCD_ISOINIncompleteCallback
 .text.HAL_PCD_ConnectCallback
                0x080040a4        0x8 ../../libs/libDaisy/build\libdaisy.a(usbd_conf.o)
                0x080040a4                HAL_PCD_ConnectCallback
 .text.HAL_PCD_DisconnectCallback
                0x080040ac        0x8 ../../libs/libDaisy/build\libdaisy.a(usbd_conf.o)
                0x080040ac                HAL_PCD_DisconnectCallback
 .text.USBD_LL_OpenEP
                0x080040b4       0x24 ../../libs/libDaisy/build\libdaisy.a(usbd_conf.o)
                0x080040b4                USBD_LL_OpenEP
 .text.USBD_LL_StallEP
                0x080040d8       0x1c ../../libs/libDaisy/build\libdaisy.a(usbd_conf.o)
                0x080040d8                USBD_LL_StallEP
 .text.USBD_LL_ClearStallEP
                0x080040f4       0x1c ../../libs/libDaisy/build\libdaisy.a(usbd_conf.o)
                0x080040f4                USBD_LL_ClearStallEP
 .text.USBD_LL_IsStallEP
                0x08004110       0x28 ../../libs/libDaisy/build\libdaisy.a(usbd_conf.o)
                0x08004110                USBD_LL_IsStallEP
 .text.USBD_LL_SetUSBAddress
                0x08004138       0x1c ../../libs/libDaisy/build\libdaisy.a(usbd_conf.o)
                0x08004138                USBD_LL_SetUSBAddress
 .text.USBD_LL_Transmit
                0x08004154       0x1c ../../libs/libDaisy/build\libdaisy.a(usbd_conf.o)
                0x08004154                USBD_LL_Transmit
 .text.USBD_LL_PrepareReceive
                0x08004170       0x1c ../../libs/libDaisy/build\libdaisy.a(usbd_conf.o)
                0x08004170                USBD_LL_PrepareReceive
 .text.HAL_HCD_SOF_Callback
                0x0800418c        0x8 ../../libs/libDaisy/build\libdaisy.a(usbh_conf.o)
                0x0800418c                HAL_HCD_SOF_Callback
 .text.HAL_HCD_Connect_Callback
                0x08004194        0x8 ../../libs/libDaisy/build\libdaisy.a(usbh_conf.o)
                0x08004194                HAL_HCD_Connect_Callback
 .text.HAL_HCD_Disconnect_Callback
                0x0800419c        0x8 ../../libs/libDaisy/build\libdaisy.a(usbh_conf.o)
                0x0800419c                HAL_HCD_Disconnect_Callback
 .text.HAL_HCD_HC_NotifyURBChange_Callback
                0x080041a4        0x4 ../../libs/libDaisy/build\libdaisy.a(usbh_conf.o)
                0x080041a4                HAL_HCD_HC_NotifyURBChange_Callback
 .text.HAL_HCD_PortEnabled_Callback
                0x080041a8        0x8 ../../libs/libDaisy/build\libdaisy.a(usbh_conf.o)
                0x080041a8                HAL_HCD_PortEnabled_Callback
 .text.HAL_HCD_PortDisabled_Callback
                0x080041b0        0x8 ../../libs/libDaisy/build\libdaisy.a(usbh_conf.o)
                0x080041b0                HAL_HCD_PortDisabled_Callback
 .text.USBH_LL_Stop
                0x080041b8       0x1c ../../libs/libDaisy/build\libdaisy.a(usbh_conf.o)
                0x080041b8                USBH_LL_Stop
 .text.HAL_MspInit
                0x080041d4        0x4 ../../libs/libDaisy/build\libdaisy.a(stm32h7xx_hal.o)
                0x080041d4                HAL_MspInit
 .text.HAL_InitTick
                0x080041d8       0x4c ../../libs/libDaisy/build\libdaisy.a(stm32h7xx_hal.o)
                0x080041d8                HAL_InitTick
 .text.HAL_Init
                0x08004224       0x60 ../../libs/libDaisy/build\libdaisy.a(stm32h7xx_hal.o)
                0x08004224                HAL_Init
 .text.HAL_IncTick
                0x08004284       0x18 ../../libs/libDaisy/build\libdaisy.a(stm32h7xx_hal.o)
                0x08004284                HAL_IncTick
 .text.HAL_GetTick
                0x0800429c        0xc ../../libs/libDaisy/build\libdaisy.a(stm32h7xx_hal.o)
                0x0800429c                HAL_GetTick
 .text.HAL_Delay
                0x080042a8       0x24 ../../libs/libDaisy/build\libdaisy.a(stm32h7xx_hal.o)
                0x080042a8                HAL_Delay
 .text.HAL_GetREVID
                0x080042cc        0xc ../../libs/libDaisy/build\libdaisy.a(stm32h7xx_hal.o)
                0x080042cc                HAL_GetREVID
 .text.HAL_NVIC_SetPriorityGrouping
                0x080042d8       0x24 ../../libs/libDaisy/build\libdaisy.a(stm32h7xx_hal_cortex.o)
                0x080042d8                HAL_NVIC_SetPriorityGrouping
 .text.HAL_NVIC_SetPriority
                0x080042fc       0x7c ../../libs/libDaisy/build\libdaisy.a(stm32h7xx_hal_cortex.o)
                0x080042fc                HAL_NVIC_SetPriority
 .text.HAL_NVIC_EnableIRQ
                0x08004378       0x1c ../../libs/libDaisy/build\libdaisy.a(stm32h7xx_hal_cortex.o)
                0x08004378                HAL_NVIC_EnableIRQ
 .text.HAL_NVIC_DisableIRQ
                0x08004394       0x28 ../../libs/libDaisy/build\libdaisy.a(stm32h7xx_hal_cortex.o)
                0x08004394                HAL_NVIC_DisableIRQ
 .text.HAL_SYSTICK_Config
                0x080043bc       0x2c ../../libs/libDaisy/build\libdaisy.a(stm32h7xx_hal_cortex.o)
                0x080043bc                HAL_SYSTICK_Config
 .text.HAL_MPU_Disable
                0x080043e8       0x1c ../../libs/libDaisy/build\libdaisy.a(stm32h7xx_hal_cortex.o)
                0x080043e8                HAL_MPU_Disable
 .text.HAL_MPU_Enable
                0x08004404       0x20 ../../libs/libDaisy/build\libdaisy.a(stm32h7xx_hal_cortex.o)
                0x08004404                HAL_MPU_Enable
 .text.HAL_MPU_ConfigRegion
                0x08004424       0x64 ../../libs/libDaisy/build\libdaisy.a(stm32h7xx_hal_cortex.o)
                0x08004424                HAL_MPU_ConfigRegion
 .text.HAL_SYSTICK_Callback
                0x08004488        0x4 ../../libs/libDaisy/build\libdaisy.a(stm32h7xx_hal_cortex.o)
                0x08004488                HAL_SYSTICK_Callback
 .text.HAL_SYSTICK_IRQHandler
                0x0800448c        0x8 ../../libs/libDaisy/build\libdaisy.a(stm32h7xx_hal_cortex.o)
                0x0800448c                HAL_SYSTICK_IRQHandler
 .text.DMA_CalcBaseAndBitshift
                0x08004494       0xf4 ../../libs/libDaisy/build\libdaisy.a(stm32h7xx_hal_dma.o)
 .text.DMA_CalcDMAMUXChannelBaseAndMask
                0x08004588       0xd8 ../../libs/libDaisy/build\libdaisy.a(stm32h7xx_hal_dma.o)
 .text.HAL_DMA_Init
                0x08004660      0x4dc ../../libs/libDaisy/build\libdaisy.a(stm32h7xx_hal_dma.o)
                0x08004660                HAL_DMA_Init
 .text.HAL_DMA_Start_IT
                0x08004b3c      0x344 ../../libs/libDaisy/build\libdaisy.a(stm32h7xx_hal_dma.o)
                0x08004b3c                HAL_DMA_Start_IT
 .text.HAL_DMA_Abort
                0x08004e80      0x2f0 ../../libs/libDaisy/build\libdaisy.a(stm32h7xx_hal_dma.o)
                0x08004e80                HAL_DMA_Abort
 .text.HAL_DMA_Abort_IT
                0x08005170      0x194 ../../libs/libDaisy/build\libdaisy.a(stm32h7xx_hal_dma.o)
                0x08005170                HAL_DMA_Abort_IT
 .text.HAL_DMA_IRQHandler
                0x08005304      0x6a0 ../../libs/libDaisy/build\libdaisy.a(stm32h7xx_hal_dma.o)
                0x08005304                HAL_DMA_IRQHandler
 .text.HAL_DMA_GetError
                0x080059a4        0x4 ../../libs/libDaisy/build\libdaisy.a(stm32h7xx_hal_dma.o)
                0x080059a4                HAL_DMA_GetError
 .text.HAL_GPIO_Init
                0x080059a8      0x274 ../../libs/libDaisy/build\libdaisy.a(stm32h7xx_hal_gpio.o)
                0x080059a8                HAL_GPIO_Init
 .text.HAL_GPIO_DeInit
                0x08005c1c      0x190 ../../libs/libDaisy/build\libdaisy.a(stm32h7xx_hal_gpio.o)
                0x08005c1c                HAL_GPIO_DeInit
 .text.HAL_GPIO_ReadPin
                0x08005dac        0xc ../../libs/libDaisy/build\libdaisy.a(stm32h7xx_hal_gpio.o)
                0x08005dac                HAL_GPIO_ReadPin
 .text.HAL_GPIO_WritePin
                0x08005db8        0x8 ../../libs/libDaisy/build\libdaisy.a(stm32h7xx_hal_gpio.o)
                0x08005db8                HAL_GPIO_WritePin
 .text.HAL_HCD_IRQHandler
                0x08005dc0      0x8f4 ../../libs/libDaisy/build\libdaisy.a(stm32h7xx_hal_hcd.o)
                0x08005dc0                HAL_HCD_IRQHandler
 .text.HAL_HCD_Stop
                0x080066b4       0x28 ../../libs/libDaisy/build\libdaisy.a(stm32h7xx_hal_hcd.o)
                0x080066b4                HAL_HCD_Stop
 .text.I2C_WaitOnTXISFlagUntilTimeout
                0x080066dc      0x16c ../../libs/libDaisy/build\libdaisy.a(stm32h7xx_hal_i2c.o)
 .text.I2C_WaitOnSTOPFlagUntilTimeout
                0x08006848      0x168 ../../libs/libDaisy/build\libdaisy.a(stm32h7xx_hal_i2c.o)
 .text.HAL_I2C_Init
                0x080069b0       0xac ../../libs/libDaisy/build\libdaisy.a(stm32h7xx_hal_i2c.o)
                0x080069b0                HAL_I2C_Init
 .text.HAL_I2C_Master_Transmit
                0x08006a5c      0x37c ../../libs/libDaisy/build\libdaisy.a(stm32h7xx_hal_i2c.o)
                0x08006a5c                HAL_I2C_Master_Transmit
 .text.HAL_I2C_Slave_Transmit
                0x08006dd8      0x254 ../../libs/libDaisy/build\libdaisy.a(stm32h7xx_hal_i2c.o)
                0x08006dd8                HAL_I2C_Slave_Transmit
 .text.HAL_I2C_EV_IRQHandler
                0x0800702c       0x10 ../../libs/libDaisy/build\libdaisy.a(stm32h7xx_hal_i2c.o)
                0x0800702c                HAL_I2C_EV_IRQHandler
 .text.HAL_I2C_GetState
                0x0800703c        0x8 ../../libs/libDaisy/build\libdaisy.a(stm32h7xx_hal_i2c.o)
                0x0800703c                HAL_I2C_GetState
 .text.HAL_I2CEx_ConfigAnalogFilter
                0x08007044       0x54 ../../libs/libDaisy/build\libdaisy.a(stm32h7xx_hal_i2c_ex.o)
                0x08007044                HAL_I2CEx_ConfigAnalogFilter
 .text.HAL_I2CEx_ConfigDigitalFilter
                0x08007098       0x58 ../../libs/libDaisy/build\libdaisy.a(stm32h7xx_hal_i2c_ex.o)
                0x08007098                HAL_I2CEx_ConfigDigitalFilter
 .text.HAL_PCD_IRQHandler
                0x080070f0      0xb48 ../../libs/libDaisy/build\libdaisy.a(stm32h7xx_hal_pcd.o)
                0x080070f0                HAL_PCD_IRQHandler
 .text.HAL_PCD_SetAddress
                0x08007c38       0x2c ../../libs/libDaisy/build\libdaisy.a(stm32h7xx_hal_pcd.o)
                0x08007c38                HAL_PCD_SetAddress
 .text.HAL_PCD_EP_Open
                0x08007c64       0x7c ../../libs/libDaisy/build\libdaisy.a(stm32h7xx_hal_pcd.o)
                0x08007c64                HAL_PCD_EP_Open
 .text.HAL_PCD_EP_Receive
                0x08007ce0       0x44 ../../libs/libDaisy/build\libdaisy.a(stm32h7xx_hal_pcd.o)
                0x08007ce0                HAL_PCD_EP_Receive
 .text.HAL_PCD_EP_Transmit
                0x08007d24       0x44 ../../libs/libDaisy/build\libdaisy.a(stm32h7xx_hal_pcd.o)
                0x08007d24                HAL_PCD_EP_Transmit
 .text.HAL_PCD_EP_SetStall
                0x08007d68       0x88 ../../libs/libDaisy/build\libdaisy.a(stm32h7xx_hal_pcd.o)
                0x08007d68                HAL_PCD_EP_SetStall
 .text.HAL_PCD_EP_ClrStall
                0x08007df0       0x78 ../../libs/libDaisy/build\libdaisy.a(stm32h7xx_hal_pcd.o)
                0x08007df0                HAL_PCD_EP_ClrStall
 .text.HAL_PCDEx_LPM_Callback
                0x08007e68        0x4 ../../libs/libDaisy/build\libdaisy.a(stm32h7xx_hal_pcd_ex.o)
                0x08007e68                HAL_PCDEx_LPM_Callback
 .text.HAL_PWREx_ConfigSupply
                0x08007e6c       0x48 ../../libs/libDaisy/build\libdaisy.a(stm32h7xx_hal_pwr_ex.o)
                0x08007e6c                HAL_PWREx_ConfigSupply
 .text.HAL_PWREx_EnableUSBVoltageDetector
                0x08007eb4       0x10 ../../libs/libDaisy/build\libdaisy.a(stm32h7xx_hal_pwr_ex.o)
                0x08007eb4                HAL_PWREx_EnableUSBVoltageDetector
 .text.QSPI_Config
                0x08007ec4      0x174 ../../libs/libDaisy/build\libdaisy.a(stm32h7xx_hal_qspi.o)
 .text.HAL_QSPI_Init
                0x08008038       0xb8 ../../libs/libDaisy/build\libdaisy.a(stm32h7xx_hal_qspi.o)
                0x08008038                HAL_QSPI_Init
 .text.HAL_QSPI_DeInit
                0x080080f0       0x24 ../../libs/libDaisy/build\libdaisy.a(stm32h7xx_hal_qspi.o)
                0x080080f0                HAL_QSPI_DeInit
 .text.HAL_QSPI_Command
                0x08008114       0xd4 ../../libs/libDaisy/build\libdaisy.a(stm32h7xx_hal_qspi.o)
                0x08008114                HAL_QSPI_Command
 .text.HAL_QSPI_Transmit
                0x080081e8       0xfc ../../libs/libDaisy/build\libdaisy.a(stm32h7xx_hal_qspi.o)
                0x080081e8                HAL_QSPI_Transmit
 .text.HAL_QSPI_Receive
                0x080082e4      0x108 ../../libs/libDaisy/build\libdaisy.a(stm32h7xx_hal_qspi.o)
                0x080082e4                HAL_QSPI_Receive
 .text.HAL_QSPI_AutoPolling
                0x080083ec       0xf0 ../../libs/libDaisy/build\libdaisy.a(stm32h7xx_hal_qspi.o)
                0x080083ec                HAL_QSPI_AutoPolling
 .text.HAL_QSPI_MemoryMapped
                0x080084dc       0xc0 ../../libs/libDaisy/build\libdaisy.a(stm32h7xx_hal_qspi.o)
                0x080084dc                HAL_QSPI_MemoryMapped
 .text.HAL_QSPI_ErrorCallback
                0x0800859c        0x4 ../../libs/libDaisy/build\libdaisy.a(stm32h7xx_hal_qspi.o)
                0x0800859c                HAL_QSPI_ErrorCallback
 .text.QSPI_DMAAbortCplt
                0x080085a0       0x38 ../../libs/libDaisy/build\libdaisy.a(stm32h7xx_hal_qspi.o)
 .text.HAL_QSPI_AbortCpltCallback
                0x080085d8        0x4 ../../libs/libDaisy/build\libdaisy.a(stm32h7xx_hal_qspi.o)
                0x080085d8                HAL_QSPI_AbortCpltCallback
 .text.HAL_QSPI_CmdCpltCallback
                0x080085dc        0x4 ../../libs/libDaisy/build\libdaisy.a(stm32h7xx_hal_qspi.o)
                0x080085dc                HAL_QSPI_CmdCpltCallback
 .text.HAL_QSPI_RxCpltCallback
                0x080085e0        0x4 ../../libs/libDaisy/build\libdaisy.a(stm32h7xx_hal_qspi.o)
                0x080085e0                HAL_QSPI_RxCpltCallback
 .text.HAL_QSPI_TxCpltCallback
                0x080085e4        0x4 ../../libs/libDaisy/build\libdaisy.a(stm32h7xx_hal_qspi.o)
                0x080085e4                HAL_QSPI_TxCpltCallback
 .text.HAL_QSPI_FifoThresholdCallback
                0x080085e8        0x4 ../../libs/libDaisy/build\libdaisy.a(stm32h7xx_hal_qspi.o)
                0x080085e8                HAL_QSPI_FifoThresholdCallback
 .text.HAL_QSPI_StatusMatchCallback
                0x080085ec        0x4 ../../libs/libDaisy/build\libdaisy.a(stm32h7xx_hal_qspi.o)
                0x080085ec                HAL_QSPI_StatusMatchCallback
 .text.HAL_QSPI_TimeOutCallback
                0x080085f0        0x4 ../../libs/libDaisy/build\libdaisy.a(stm32h7xx_hal_qspi.o)
                0x080085f0                HAL_QSPI_TimeOutCallback
 .text.HAL_QSPI_IRQHandler
                0x080085f4      0x210 ../../libs/libDaisy/build\libdaisy.a(stm32h7xx_hal_qspi.o)
                0x080085f4                HAL_QSPI_IRQHandler
 .text.HAL_RCC_GetSysClockFreq.part.0
                0x08008804      0x130 ../../libs/libDaisy/build\libdaisy.a(stm32h7xx_hal_rcc.o)
 .text.HAL_RCC_OscConfig
                0x08008934      0x5f4 ../../libs/libDaisy/build\libdaisy.a(stm32h7xx_hal_rcc.o)
                0x08008934                HAL_RCC_OscConfig
 .text.HAL_RCC_GetSysClockFreq
                0x08008f28      0x140 ../../libs/libDaisy/build\libdaisy.a(stm32h7xx_hal_rcc.o)
                0x08008f28                HAL_RCC_GetSysClockFreq
 .text.HAL_RCC_ClockConfig
                0x08009068      0x250 ../../libs/libDaisy/build\libdaisy.a(stm32h7xx_hal_rcc.o)
                0x08009068                HAL_RCC_ClockConfig
 .text.HAL_RCC_GetHCLKFreq
                0x080092b8       0x80 ../../libs/libDaisy/build\libdaisy.a(stm32h7xx_hal_rcc.o)
                0x080092b8                HAL_RCC_GetHCLKFreq
 .text.HAL_RCC_GetPCLK1Freq
                0x08009338       0x90 ../../libs/libDaisy/build\libdaisy.a(stm32h7xx_hal_rcc.o)
                0x08009338                HAL_RCC_GetPCLK1Freq
 .text.HAL_RCC_GetPCLK2Freq
                0x080093c8       0x90 ../../libs/libDaisy/build\libdaisy.a(stm32h7xx_hal_rcc.o)
                0x080093c8                HAL_RCC_GetPCLK2Freq
 .text.RCCEx_PLL2_Config
                0x08009458       0xf4 ../../libs/libDaisy/build\libdaisy.a(stm32h7xx_hal_rcc_ex.o)
 .text.RCCEx_PLL3_Config
                0x0800954c       0xf4 ../../libs/libDaisy/build\libdaisy.a(stm32h7xx_hal_rcc_ex.o)
 .text.HAL_RCCEx_PeriphCLKConfig
                0x08009640      0xbf8 ../../libs/libDaisy/build\libdaisy.a(stm32h7xx_hal_rcc_ex.o)
                0x08009640                HAL_RCCEx_PeriphCLKConfig
 .text.HAL_RCCEx_GetD3PCLK1Freq
                0x0800a238       0x24 ../../libs/libDaisy/build\libdaisy.a(stm32h7xx_hal_rcc_ex.o)
                0x0800a238                HAL_RCCEx_GetD3PCLK1Freq
 .text.HAL_RCCEx_GetPLL2ClockFreq
                0x0800a25c      0x17c ../../libs/libDaisy/build\libdaisy.a(stm32h7xx_hal_rcc_ex.o)
                0x0800a25c                HAL_RCCEx_GetPLL2ClockFreq
 .text.HAL_RCCEx_GetPLL3ClockFreq
                0x0800a3d8      0x17c ../../libs/libDaisy/build\libdaisy.a(stm32h7xx_hal_rcc_ex.o)
                0x0800a3d8                HAL_RCCEx_GetPLL3ClockFreq
 .text.HAL_RCCEx_GetPLL1ClockFreq
                0x0800a554      0x18c ../../libs/libDaisy/build\libdaisy.a(stm32h7xx_hal_rcc_ex.o)
                0x0800a554                HAL_RCCEx_GetPLL1ClockFreq
 .text.HAL_RCCEx_GetPeriphCLKFreq
                0x0800a6e0      0x390 ../../libs/libDaisy/build\libdaisy.a(stm32h7xx_hal_rcc_ex.o)
                0x0800a6e0                HAL_RCCEx_GetPeriphCLKFreq
 .text.HAL_SAI_Init.part.0
                0x0800aa70      0x390 ../../libs/libDaisy/build\libdaisy.a(stm32h7xx_hal_sai.o)
 .text.HAL_SAI_InitProtocol
                0x0800ae00      0x174 ../../libs/libDaisy/build\libdaisy.a(stm32h7xx_hal_sai.o)
                0x0800ae00                HAL_SAI_InitProtocol
 .text.HAL_SAI_Transmit_DMA
                0x0800af74      0x124 ../../libs/libDaisy/build\libdaisy.a(stm32h7xx_hal_sai.o)
                0x0800af74                HAL_SAI_Transmit_DMA
 .text.HAL_SAI_Receive_DMA
                0x0800b098       0xd0 ../../libs/libDaisy/build\libdaisy.a(stm32h7xx_hal_sai.o)
                0x0800b098                HAL_SAI_Receive_DMA
 .text.HAL_SAI_TxCpltCallback
                0x0800b168        0x4 ../../libs/libDaisy/build\libdaisy.a(stm32h7xx_hal_sai.o)
                0x0800b168                HAL_SAI_TxCpltCallback
 .text.SAI_DMATxCplt
                0x0800b16c       0x64 ../../libs/libDaisy/build\libdaisy.a(stm32h7xx_hal_sai.o)
 .text.HAL_SAI_TxHalfCpltCallback
                0x0800b1d0        0x4 ../../libs/libDaisy/build\libdaisy.a(stm32h7xx_hal_sai.o)
                0x0800b1d0                HAL_SAI_TxHalfCpltCallback
 .text.SAI_DMATxHalfCplt
                0x0800b1d4        0xc ../../libs/libDaisy/build\libdaisy.a(stm32h7xx_hal_sai.o)
 .text.SAI_DMARxCplt
                0x0800b1e0       0x64 ../../libs/libDaisy/build\libdaisy.a(stm32h7xx_hal_sai.o)
 .text.SAI_DMARxHalfCplt
                0x0800b244        0xc ../../libs/libDaisy/build\libdaisy.a(stm32h7xx_hal_sai.o)
 .text.HAL_SAI_ErrorCallback
                0x0800b250        0x4 ../../libs/libDaisy/build\libdaisy.a(stm32h7xx_hal_sai.o)
                0x0800b250                HAL_SAI_ErrorCallback
 .text.SAI_DMAError
                0x0800b254       0x6c ../../libs/libDaisy/build\libdaisy.a(stm32h7xx_hal_sai.o)
 .text.HAL_SDRAM_Init
                0x0800b2c0       0x54 ../../libs/libDaisy/build\libdaisy.a(stm32h7xx_hal_sdram.o)
                0x0800b2c0                HAL_SDRAM_Init
 .text.HAL_SDRAM_SendCommand
                0x0800b314       0x40 ../../libs/libDaisy/build\libdaisy.a(stm32h7xx_hal_sdram.o)
                0x0800b314                HAL_SDRAM_SendCommand
 .text.HAL_SDRAM_ProgramRefreshRate
                0x0800b354       0x30 ../../libs/libDaisy/build\libdaisy.a(stm32h7xx_hal_sdram.o)
                0x0800b354                HAL_SDRAM_ProgramRefreshRate
 .text.FMC_SDRAM_Init
                0x0800b384       0x7c ../../libs/libDaisy/build\libdaisy.a(stm32h7xx_ll_fmc.o)
                0x0800b384                FMC_SDRAM_Init
 .text.FMC_SDRAM_Timing_Init
                0x0800b400       0x98 ../../libs/libDaisy/build\libdaisy.a(stm32h7xx_ll_fmc.o)
                0x0800b400                FMC_SDRAM_Timing_Init
 .text.FMC_SDRAM_SendCommand
                0x0800b498       0x30 ../../libs/libDaisy/build\libdaisy.a(stm32h7xx_ll_fmc.o)
                0x0800b498                FMC_SDRAM_SendCommand
 .text.FMC_SDRAM_ProgramRefreshRate
                0x0800b4c8       0x1c ../../libs/libDaisy/build\libdaisy.a(stm32h7xx_ll_fmc.o)
                0x0800b4c8                FMC_SDRAM_ProgramRefreshRate
 .text.USB_SetTurnaroundTime
                0x0800b4e4       0xf4 ../../libs/libDaisy/build\libdaisy.a(stm32h7xx_ll_usb.o)
                0x0800b4e4                USB_SetTurnaroundTime
 .text.USB_FlushTxFifo
                0x0800b5d8       0x54 ../../libs/libDaisy/build\libdaisy.a(stm32h7xx_ll_usb.o)
                0x0800b5d8                USB_FlushTxFifo
 .text.USB_FlushRxFifo
                0x0800b62c       0x50 ../../libs/libDaisy/build\libdaisy.a(stm32h7xx_ll_usb.o)
                0x0800b62c                USB_FlushRxFifo
 .text.USB_GetDevSpeed
                0x0800b67c       0x18 ../../libs/libDaisy/build\libdaisy.a(stm32h7xx_ll_usb.o)
                0x0800b67c                USB_GetDevSpeed
 .text.USB_ActivateEndpoint
                0x0800b694       0x90 ../../libs/libDaisy/build\libdaisy.a(stm32h7xx_ll_usb.o)
                0x0800b694                USB_ActivateEndpoint
 .text.USB_EPStartXfer
                0x0800b724      0x288 ../../libs/libDaisy/build\libdaisy.a(stm32h7xx_ll_usb.o)
                0x0800b724                USB_EPStartXfer
 .text.USB_EPStopXfer
                0x0800b9ac       0x88 ../../libs/libDaisy/build\libdaisy.a(stm32h7xx_ll_usb.o)
                0x0800b9ac                USB_EPStopXfer
 .text.USB_WritePacket
                0x0800ba34       0x2c ../../libs/libDaisy/build\libdaisy.a(stm32h7xx_ll_usb.o)
                0x0800ba34                USB_WritePacket
 .text.USB_ReadPacket
                0x0800ba60       0x4c ../../libs/libDaisy/build\libdaisy.a(stm32h7xx_ll_usb.o)
                0x0800ba60                USB_ReadPacket
 .text.USB_EPSetStall
                0x0800baac       0x68 ../../libs/libDaisy/build\libdaisy.a(stm32h7xx_ll_usb.o)
                0x0800baac                USB_EPSetStall
 .text.USB_EPClearStall
                0x0800bb14       0x58 ../../libs/libDaisy/build\libdaisy.a(stm32h7xx_ll_usb.o)
                0x0800bb14                USB_EPClearStall
 .text.USB_SetDevAddress
                0x0800bb6c       0x24 ../../libs/libDaisy/build\libdaisy.a(stm32h7xx_ll_usb.o)
                0x0800bb6c                USB_SetDevAddress
 .text.USB_ReadInterrupts
                0x0800bb90        0x8 ../../libs/libDaisy/build\libdaisy.a(stm32h7xx_ll_usb.o)
                0x0800bb90                USB_ReadInterrupts
 .text.USB_ReadChInterrupts
                0x0800bb98       0x10 ../../libs/libDaisy/build\libdaisy.a(stm32h7xx_ll_usb.o)
                0x0800bb98                USB_ReadChInterrupts
 .text.USB_ReadDevAllOutEpInterrupt
                0x0800bba8       0x10 ../../libs/libDaisy/build\libdaisy.a(stm32h7xx_ll_usb.o)
                0x0800bba8                USB_ReadDevAllOutEpInterrupt
 .text.USB_ReadDevAllInEpInterrupt
                0x0800bbb8       0x10 ../../libs/libDaisy/build\libdaisy.a(stm32h7xx_ll_usb.o)
                0x0800bbb8                USB_ReadDevAllInEpInterrupt
 .text.USB_ReadDevOutEPInterrupt
                0x0800bbc8       0x14 ../../libs/libDaisy/build\libdaisy.a(stm32h7xx_ll_usb.o)
                0x0800bbc8                USB_ReadDevOutEPInterrupt
 .text.USB_ReadDevInEPInterrupt
                0x0800bbdc       0x20 ../../libs/libDaisy/build\libdaisy.a(stm32h7xx_ll_usb.o)
                0x0800bbdc                USB_ReadDevInEPInterrupt
 .text.USB_GetMode
                0x0800bbfc        0x8 ../../libs/libDaisy/build\libdaisy.a(stm32h7xx_ll_usb.o)
                0x0800bbfc                USB_GetMode
 .text.USB_ActivateSetup
                0x0800bc04       0x2c ../../libs/libDaisy/build\libdaisy.a(stm32h7xx_ll_usb.o)
                0x0800bc04                USB_ActivateSetup
 .text.USB_EP0_OutStart
                0x0800bc30       0x58 ../../libs/libDaisy/build\libdaisy.a(stm32h7xx_ll_usb.o)
                0x0800bc30                USB_EP0_OutStart
 .text.USB_InitFSLSPClkSel
                0x0800bc88       0x44 ../../libs/libDaisy/build\libdaisy.a(stm32h7xx_ll_usb.o)
                0x0800bc88                USB_InitFSLSPClkSel
 .text.USB_HC_ReadInterrupt
                0x0800bccc        0x8 ../../libs/libDaisy/build\libdaisy.a(stm32h7xx_ll_usb.o)
                0x0800bccc                USB_HC_ReadInterrupt
 .text.USB_HC_Halt
                0x0800bcd4       0xe4 ../../libs/libDaisy/build\libdaisy.a(stm32h7xx_ll_usb.o)
                0x0800bcd4                USB_HC_Halt
 .text.USB_StopHost
                0x0800bdb8      0x1e4 ../../libs/libDaisy/build\libdaisy.a(stm32h7xx_ll_usb.o)
                0x0800bdb8                USB_StopHost
 .text.USBD_SetClassConfig
                0x0800bf9c       0x10 ../../libs/libDaisy/build\libdaisy.a(usbd_core.o)
                0x0800bf9c                USBD_SetClassConfig
 .text.USBD_ClrClassConfig
                0x0800bfac       0x14 ../../libs/libDaisy/build\libdaisy.a(usbd_core.o)
                0x0800bfac                USBD_ClrClassConfig
 .text.USBD_LL_SetupStage
                0x0800bfc0       0x60 ../../libs/libDaisy/build\libdaisy.a(usbd_core.o)
                0x0800bfc0                USBD_LL_SetupStage
 .text.USBD_LL_DataOutStage
                0x0800c020       0x74 ../../libs/libDaisy/build\libdaisy.a(usbd_core.o)
                0x0800c020                USBD_LL_DataOutStage
 .text.USBD_LL_DataInStage
                0x0800c094       0xc0 ../../libs/libDaisy/build\libdaisy.a(usbd_core.o)
                0x0800c094                USBD_LL_DataInStage
 .text.USBD_LL_Reset
                0x0800c154       0x5c ../../libs/libDaisy/build\libdaisy.a(usbd_core.o)
                0x0800c154                USBD_LL_Reset
 .text.USBD_LL_SetSpeed
                0x0800c1b0        0x8 ../../libs/libDaisy/build\libdaisy.a(usbd_core.o)
                0x0800c1b0                USBD_LL_SetSpeed
 .text.USBD_LL_Suspend
                0x0800c1b8       0x20 ../../libs/libDaisy/build\libdaisy.a(usbd_core.o)
                0x0800c1b8                USBD_LL_Suspend
 .text.USBD_LL_Resume
                0x0800c1d8       0x18 ../../libs/libDaisy/build\libdaisy.a(usbd_core.o)
                0x0800c1d8                USBD_LL_Resume
 .text.USBD_LL_SOF
                0x0800c1f0       0x20 ../../libs/libDaisy/build\libdaisy.a(usbd_core.o)
                0x0800c1f0                USBD_LL_SOF
 .text.USBD_LL_IsoINIncomplete
                0x0800c210       0x2c ../../libs/libDaisy/build\libdaisy.a(usbd_core.o)
                0x0800c210                USBD_LL_IsoINIncomplete
 .text.USBD_LL_IsoOUTIncomplete
                0x0800c23c       0x2c ../../libs/libDaisy/build\libdaisy.a(usbd_core.o)
                0x0800c23c                USBD_LL_IsoOUTIncomplete
 .text.USBD_LL_DevConnected
                0x0800c268        0x4 ../../libs/libDaisy/build\libdaisy.a(usbd_core.o)
                0x0800c268                USBD_LL_DevConnected
 .text.USBD_LL_DevDisconnected
                0x0800c26c       0x24 ../../libs/libDaisy/build\libdaisy.a(usbd_core.o)
                0x0800c26c                USBD_LL_DevDisconnected
 .text.USBD_CoreFindIF
                0x0800c290        0x4 ../../libs/libDaisy/build\libdaisy.a(usbd_core.o)
                0x0800c290                USBD_CoreFindIF
 .text.USBD_CoreFindEP
                0x0800c294        0x4 ../../libs/libDaisy/build\libdaisy.a(usbd_core.o)
                0x0800c294                USBD_CoreFindEP
 .text.USBD_StdDevReq
                0x0800c298      0x360 ../../libs/libDaisy/build\libdaisy.a(usbd_ctlreq.o)
                0x0800c298                USBD_StdDevReq
 .text.USBD_StdItfReq
                0x0800c5f8       0x84 ../../libs/libDaisy/build\libdaisy.a(usbd_ctlreq.o)
                0x0800c5f8                USBD_StdItfReq
 .text.USBD_StdEPReq
                0x0800c67c      0x160 ../../libs/libDaisy/build\libdaisy.a(usbd_ctlreq.o)
                0x0800c67c                USBD_StdEPReq
 .text.USBD_ParseSetupRequest
                0x0800c7dc       0x18 ../../libs/libDaisy/build\libdaisy.a(usbd_ctlreq.o)
                0x0800c7dc                USBD_ParseSetupRequest
 .text.USBD_CtlSendData
                0x0800c7f4       0x1c ../../libs/libDaisy/build\libdaisy.a(usbd_ioreq.o)
                0x0800c7f4                USBD_CtlSendData
 .text.USBD_CtlContinueSendData
                0x0800c810       0x14 ../../libs/libDaisy/build\libdaisy.a(usbd_ioreq.o)
                0x0800c810                USBD_CtlContinueSendData
 .text.USBD_CtlContinueRx
                0x0800c824       0x14 ../../libs/libDaisy/build\libdaisy.a(usbd_ioreq.o)
                0x0800c824                USBD_CtlContinueRx
 .text.USBD_CtlSendStatus
                0x0800c838       0x18 ../../libs/libDaisy/build\libdaisy.a(usbd_ioreq.o)
                0x0800c838                USBD_CtlSendStatus
 .text.USBD_CtlReceiveStatus
                0x0800c850       0x18 ../../libs/libDaisy/build\libdaisy.a(usbd_ioreq.o)
                0x0800c850                USBD_CtlReceiveStatus
 .text.USBH_LL_IncTimer
                0x0800c868       0x20 ../../libs/libDaisy/build\libdaisy.a(usbh_core.o)
                0x0800c868                USBH_LL_IncTimer
 .text.USBH_LL_PortEnabled
                0x0800c888        0x8 ../../libs/libDaisy/build\libdaisy.a(usbh_core.o)
                0x0800c888                USBH_LL_PortEnabled
 .text.USBH_LL_PortDisabled
                0x0800c890        0x8 ../../libs/libDaisy/build\libdaisy.a(usbh_core.o)
                0x0800c890                USBH_LL_PortDisabled
 .text.USBH_LL_Connect
                0x0800c898       0x18 ../../libs/libDaisy/build\libdaisy.a(usbh_core.o)
                0x0800c898                USBH_LL_Connect
 .text.USBH_LL_Disconnect
                0x0800c8b0       0x2c ../../libs/libDaisy/build\libdaisy.a(usbh_core.o)
                0x0800c8b0                USBH_LL_Disconnect
 .text.USBH_FreePipe
                0x0800c8dc       0x18 ../../libs/libDaisy/build\libdaisy.a(usbh_pipes.o)
                0x0800c8dc                USBH_FreePipe
 .text._ZN5daisy6Random4InitEv
                0x0800c8f4       0x3c ../../libs/libDaisy/build\libdaisy.a(rng.o)
                0x0800c8f4                daisy::Random::Init()
 .text._ZN5daisy9SpiHandle4Impl7InitDmaEv
                0x0800c930       0xec ../../libs/libDaisy/build\libdaisy.a(spi.o)
                0x0800c930                daisy::SpiHandle::Impl::InitDma()
 .text._ZN5daisy9SpiHandle4Impl10StartDmaTxEPhjPFvPvEPFvS3_NS0_6ResultEES3_
                0x0800ca1c       0xc8 ../../libs/libDaisy/build\libdaisy.a(spi.o)
                0x0800ca1c                daisy::SpiHandle::Impl::StartDmaTx(unsigned char*, unsigned int, void (*)(void*), void (*)(void*, daisy::SpiHandle::Result), void*)
 .text._ZN5daisy9SpiHandle4Impl10StartDmaRxEPhjPFvPvEPFvS3_NS0_6ResultEES3_
                0x0800cae4       0xc8 ../../libs/libDaisy/build\libdaisy.a(spi.o)
                0x0800cae4                daisy::SpiHandle::Impl::StartDmaRx(unsigned char*, unsigned int, void (*)(void*), void (*)(void*, daisy::SpiHandle::Result), void*)
 .text._ZN5daisy9SpiHandle4Impl12StartDmaRxTxEPhS2_jPFvPvEPFvS3_NS0_6ResultEES3_
                0x0800cbac       0xcc ../../libs/libDaisy/build\libdaisy.a(spi.o)
                0x0800cbac                daisy::SpiHandle::Impl::StartDmaRxTx(unsigned char*, unsigned char*, unsigned int, void (*)(void*), void (*)(void*, daisy::SpiHandle::Result), void*)
 .text._ZN5daisy9SpiHandle4Impl8InitPinsEv
                0x0800cc78      0x25c ../../libs/libDaisy/build\libdaisy.a(spi.o)
                0x0800cc78                daisy::SpiHandle::Impl::InitPins()
 .text.HAL_SPI_MspInit
                0x0800ced4      0x6e8 ../../libs/libDaisy/build\libdaisy.a(spi.o)
                0x0800ced4                HAL_SPI_MspInit
 .text.dsy_spi_global_init
                0x0800d5bc       0x80 ../../libs/libDaisy/build\libdaisy.a(spi.o)
                0x0800d5bc                dsy_spi_global_init
 .text.SPI1_IRQHandler
                0x0800d63c        0xc ../../libs/libDaisy/build\libdaisy.a(spi.o)
                0x0800d63c                SPI1_IRQHandler
 .text.SPI2_IRQHandler
                0x0800d648        0xc ../../libs/libDaisy/build\libdaisy.a(spi.o)
                0x0800d648                SPI2_IRQHandler
 .text.SPI3_IRQHandler
                0x0800d654        0xc ../../libs/libDaisy/build\libdaisy.a(spi.o)
                0x0800d654                SPI3_IRQHandler
 .text.SPI4_IRQHandler
                0x0800d660        0xc ../../libs/libDaisy/build\libdaisy.a(spi.o)
                0x0800d660                SPI4_IRQHandler
 .text.SPI5_IRQHandler
                0x0800d66c        0xc ../../libs/libDaisy/build\libdaisy.a(spi.o)
                0x0800d66c                SPI5_IRQHandler
 .text.DMA2_Stream2_IRQHandler
                0x0800d678       0x34 ../../libs/libDaisy/build\libdaisy.a(spi.o)
                0x0800d678                DMA2_Stream2_IRQHandler
 .text.DMA2_Stream3_IRQHandler
                0x0800d6ac       0x38 ../../libs/libDaisy/build\libdaisy.a(spi.o)
                0x0800d6ac                DMA2_Stream3_IRQHandler
 .text.HAL_SPI_TxCpltCallback
                0x0800d6e4       0xc4 ../../libs/libDaisy/build\libdaisy.a(spi.o)
                0x0800d6e4                HAL_SPI_TxCpltCallback
 .text.HAL_SPI_RxCpltCallback
                0x0800d7a8       0xc4 ../../libs/libDaisy/build\libdaisy.a(spi.o)
                0x0800d7a8                HAL_SPI_RxCpltCallback
 .text.HAL_SPI_TxRxCpltCallback
                0x0800d86c       0xc4 ../../libs/libDaisy/build\libdaisy.a(spi.o)
                0x0800d86c                HAL_SPI_TxRxCpltCallback
 .text.HAL_SPI_ErrorCallback
                0x0800d930       0xc8 ../../libs/libDaisy/build\libdaisy.a(spi.o)
                0x0800d930                HAL_SPI_ErrorCallback
 .text.startup._GLOBAL__sub_I__Z19MapInstanceToHandleP11SPI_TypeDef
                0x0800d9f8      0x1d8 ../../libs/libDaisy/build\libdaisy.a(spi.o)
 .text.HAL_TIM_Base_MspInit
                0x0800dbd0      0x1e0 ../../libs/libDaisy/build\libdaisy.a(tim.o)
                0x0800dbd0                HAL_TIM_Base_MspInit
 .text.HAL_TIM_PeriodElapsedCallback
                0x0800ddb0       0x44 ../../libs/libDaisy/build\libdaisy.a(tim.o)
                0x0800ddb0                HAL_TIM_PeriodElapsedCallback
 .text.TIM2_IRQHandler
                0x0800ddf4        0xc ../../libs/libDaisy/build\libdaisy.a(tim.o)
                0x0800ddf4                TIM2_IRQHandler
 .text.TIM3_IRQHandler
                0x0800de00        0xc ../../libs/libDaisy/build\libdaisy.a(tim.o)
                0x0800de00                TIM3_IRQHandler
 .text.TIM4_IRQHandler
                0x0800de0c        0xc ../../libs/libDaisy/build\libdaisy.a(tim.o)
                0x0800de0c                TIM4_IRQHandler
 .text.TIM5_IRQHandler
                0x0800de18        0xc ../../libs/libDaisy/build\libdaisy.a(tim.o)
                0x0800de18                TIM5_IRQHandler
 .text._ZN5daisy11TimerHandle4InitERKNS0_6ConfigE
                0x0800de24       0xd0 ../../libs/libDaisy/build\libdaisy.a(tim.o)
                0x0800de24                daisy::TimerHandle::Init(daisy::TimerHandle::Config const&)
 .text._ZN5daisy11TimerHandle5StartEv
                0x0800def4       0x24 ../../libs/libDaisy/build\libdaisy.a(tim.o)
                0x0800def4                daisy::TimerHandle::Start()
 .text.startup._GLOBAL__sub_I__ZN5daisy11TimerHandle4Impl4InitERKNS0_6ConfigE
                0x0800df18       0x38 ../../libs/libDaisy/build\libdaisy.a(tim.o)
 .text._ZL20UART_CheckRxListenerPN5daisy11UartHandler4ImplE
                0x0800df50       0x84 ../../libs/libDaisy/build\libdaisy.a(uart.o)
 .text._ZN5daisy11UartHandler4Impl10StartDmaTxEPhjPFvPvEPFvS3_NS0_6ResultEES3_
                0x0800dfd4      0x184 ../../libs/libDaisy/build\libdaisy.a(uart.o)
                0x0800dfd4                daisy::UartHandler::Impl::StartDmaTx(unsigned char*, unsigned int, void (*)(void*), void (*)(void*, daisy::UartHandler::Result), void*)
 .text._ZN5daisy11UartHandler4Impl10StartDmaRxEPhjPFvPvEPFvS3_NS0_6ResultEES3_
                0x0800e158      0x184 ../../libs/libDaisy/build\libdaisy.a(uart.o)
                0x0800e158                daisy::UartHandler::Impl::StartDmaRx(unsigned char*, unsigned int, void (*)(void*), void (*)(void*, daisy::UartHandler::Result), void*)
 .text._ZN5daisy11UartHandler4Impl19DmaTransferFinishedEP20__UART_HandleTypeDefNS0_6ResultE
                0x0800e2dc       0xc0 ../../libs/libDaisy/build\libdaisy.a(uart.o)
                0x0800e2dc                daisy::UartHandler::Impl::DmaTransferFinished(__UART_HandleTypeDef*, daisy::UartHandler::Result)
 .text._ZN5daisy11UartHandler4Impl8InitPinsEv
                0x0800e39c      0x148 ../../libs/libDaisy/build\libdaisy.a(uart.o)
                0x0800e39c                daisy::UartHandler::Impl::InitPins()
 .text.HAL_UART_MspInit
                0x0800e4e4      0x4b4 ../../libs/libDaisy/build\libdaisy.a(uart.o)
                0x0800e4e4                HAL_UART_MspInit
 .text.dsy_uart_global_init
                0x0800e998      0x110 ../../libs/libDaisy/build\libdaisy.a(uart.o)
                0x0800e998                dsy_uart_global_init
 .text.USART1_IRQHandler
                0x0800eaa8       0x2c ../../libs/libDaisy/build\libdaisy.a(uart.o)
                0x0800eaa8                USART1_IRQHandler
 .text.USART2_IRQHandler
                0x0800ead4       0x34 ../../libs/libDaisy/build\libdaisy.a(uart.o)
                0x0800ead4                USART2_IRQHandler
 .text.USART3_IRQHandler
                0x0800eb08       0x34 ../../libs/libDaisy/build\libdaisy.a(uart.o)
                0x0800eb08                USART3_IRQHandler
 .text.UART4_IRQHandler
                0x0800eb3c       0x34 ../../libs/libDaisy/build\libdaisy.a(uart.o)
                0x0800eb3c                UART4_IRQHandler
 .text.UART5_IRQHandler
                0x0800eb70       0x34 ../../libs/libDaisy/build\libdaisy.a(uart.o)
                0x0800eb70                UART5_IRQHandler
 .text.USART6_IRQHandler
                0x0800eba4       0x34 ../../libs/libDaisy/build\libdaisy.a(uart.o)
                0x0800eba4                USART6_IRQHandler
 .text.UART7_IRQHandler
                0x0800ebd8       0x34 ../../libs/libDaisy/build\libdaisy.a(uart.o)
                0x0800ebd8                UART7_IRQHandler
 .text.UART8_IRQHandler
                0x0800ec0c       0x34 ../../libs/libDaisy/build\libdaisy.a(uart.o)
                0x0800ec0c                UART8_IRQHandler
 .text.LPUART1_IRQHandler
                0x0800ec40       0x34 ../../libs/libDaisy/build\libdaisy.a(uart.o)
                0x0800ec40                LPUART1_IRQHandler
 .text.DMA1_Stream5_IRQHandler
                0x0800ec74       0x34 ../../libs/libDaisy/build\libdaisy.a(uart.o)
                0x0800ec74                DMA1_Stream5_IRQHandler
 .text.DMA2_Stream4_IRQHandler
                0x0800eca8       0x38 ../../libs/libDaisy/build\libdaisy.a(uart.o)
                0x0800eca8                DMA2_Stream4_IRQHandler
 .text.HAL_UART_TxCpltCallback
                0x0800ece0        0x8 ../../libs/libDaisy/build\libdaisy.a(uart.o)
                0x0800ece0                HAL_UART_TxCpltCallback
 .text.HAL_UART_RxCpltCallback
                0x0800ece8       0x94 ../../libs/libDaisy/build\libdaisy.a(uart.o)
                0x0800ece8                HAL_UART_RxCpltCallback
 .text.HAL_UART_RxHalfCpltCallback
                0x0800ed7c       0x90 ../../libs/libDaisy/build\libdaisy.a(uart.o)
                0x0800ed7c                HAL_UART_RxHalfCpltCallback
 .text.HAL_UART_ErrorCallback
                0x0800ee0c       0x94 ../../libs/libDaisy/build\libdaisy.a(uart.o)
                0x0800ee0c                HAL_UART_ErrorCallback
 .text.startup._GLOBAL__sub_I__Z19MapInstanceToHandleP13USART_TypeDef
                0x0800eea0      0x1b0 ../../libs/libDaisy/build\libdaisy.a(uart.o)
 .text.dsy_dma_init
                0x0800f050      0x100 ../../libs/libDaisy/build\libdaisy.a(dma.o)
                0x0800f050                dsy_dma_init
 .text.dsy_dma_invalidate_cache_for_buffer
                0x0800f150       0x2c ../../libs/libDaisy/build\libdaisy.a(dma.o)
                0x0800f150                dsy_dma_invalidate_cache_for_buffer
 .text.HAL_MDMA_Abort_IT
                0x0800f17c       0x2c ../../libs/libDaisy/build\libdaisy.a(stm32h7xx_hal_mdma.o)
                0x0800f17c                HAL_MDMA_Abort_IT
 .text.SPI_CloseTransfer
                0x0800f1a8       0xb8 ../../libs/libDaisy/build\libdaisy.a(stm32h7xx_hal_spi.o)
 .text.HAL_SPI_Init
                0x0800f260      0x1a8 ../../libs/libDaisy/build\libdaisy.a(stm32h7xx_hal_spi.o)
                0x0800f260                HAL_SPI_Init
 .text.HAL_SPI_Transmit_DMA
                0x0800f408      0x180 ../../libs/libDaisy/build\libdaisy.a(stm32h7xx_hal_spi.o)
                0x0800f408                HAL_SPI_Transmit_DMA
 .text.HAL_SPI_Receive_DMA
                0x0800f588      0x194 ../../libs/libDaisy/build\libdaisy.a(stm32h7xx_hal_spi.o)
                0x0800f588                HAL_SPI_Receive_DMA
 .text.HAL_SPI_TransmitReceive_DMA
                0x0800f71c      0x214 ../../libs/libDaisy/build\libdaisy.a(stm32h7xx_hal_spi.o)
                0x0800f71c                HAL_SPI_TransmitReceive_DMA
 .text.SPI_DMATransmitCplt
                0x0800f930       0x28 ../../libs/libDaisy/build\libdaisy.a(stm32h7xx_hal_spi.o)
 .text.SPI_DMAReceiveCplt
                0x0800f958       0x28 ../../libs/libDaisy/build\libdaisy.a(stm32h7xx_hal_spi.o)
 .text.SPI_DMATransmitReceiveCplt
                0x0800f980       0x28 ../../libs/libDaisy/build\libdaisy.a(stm32h7xx_hal_spi.o)
 .text.HAL_SPI_TxHalfCpltCallback
                0x0800f9a8        0x4 ../../libs/libDaisy/build\libdaisy.a(stm32h7xx_hal_spi.o)
                0x0800f9a8                HAL_SPI_TxHalfCpltCallback
 .text.SPI_DMAHalfTransmitCplt
                0x0800f9ac        0xc ../../libs/libDaisy/build\libdaisy.a(stm32h7xx_hal_spi.o)
 .text.HAL_SPI_RxHalfCpltCallback
                0x0800f9b8        0x4 ../../libs/libDaisy/build\libdaisy.a(stm32h7xx_hal_spi.o)
                0x0800f9b8                HAL_SPI_RxHalfCpltCallback
 .text.SPI_DMAHalfReceiveCplt
                0x0800f9bc        0xc ../../libs/libDaisy/build\libdaisy.a(stm32h7xx_hal_spi.o)
 .text.HAL_SPI_TxRxHalfCpltCallback
                0x0800f9c8        0x4 ../../libs/libDaisy/build\libdaisy.a(stm32h7xx_hal_spi.o)
                0x0800f9c8                HAL_SPI_TxRxHalfCpltCallback
 .text.SPI_DMAHalfTransmitReceiveCplt
                0x0800f9cc        0xc ../../libs/libDaisy/build\libdaisy.a(stm32h7xx_hal_spi.o)
 .text.SPI_DMAError
                0x0800f9d8       0xd8 ../../libs/libDaisy/build\libdaisy.a(stm32h7xx_hal_spi.o)
 .text.SPI_DMAAbortOnError
                0x0800fab0       0x1c ../../libs/libDaisy/build\libdaisy.a(stm32h7xx_hal_spi.o)
 .text.HAL_SPI_SuspendCallback
                0x0800facc        0x4 ../../libs/libDaisy/build\libdaisy.a(stm32h7xx_hal_spi.o)
                0x0800facc                HAL_SPI_SuspendCallback
 .text.HAL_SPI_IRQHandler
                0x0800fad0      0x214 ../../libs/libDaisy/build\libdaisy.a(stm32h7xx_hal_spi.o)
                0x0800fad0                HAL_SPI_IRQHandler
 .text.HAL_SPI_GetState
                0x0800fce4        0x8 ../../libs/libDaisy/build\libdaisy.a(stm32h7xx_hal_spi.o)
                0x0800fce4                HAL_SPI_GetState
 .text.HAL_TIM_Base_Init
                0x0800fcec      0x16c ../../libs/libDaisy/build\libdaisy.a(stm32h7xx_hal_tim.o)
                0x0800fcec                HAL_TIM_Base_Init
 .text.HAL_TIM_Base_Start
                0x0800fe58       0xb0 ../../libs/libDaisy/build\libdaisy.a(stm32h7xx_hal_tim.o)
                0x0800fe58                HAL_TIM_Base_Start
 .text.HAL_TIM_Base_Start_IT
                0x0800ff08       0xb8 ../../libs/libDaisy/build\libdaisy.a(stm32h7xx_hal_tim.o)
                0x0800ff08                HAL_TIM_Base_Start_IT
 .text.HAL_TIM_ConfigClockSource
                0x0800ffc0      0x198 ../../libs/libDaisy/build\libdaisy.a(stm32h7xx_hal_tim.o)
                0x0800ffc0                HAL_TIM_ConfigClockSource
 .text.HAL_TIM_OC_DelayElapsedCallback
                0x08010158        0x4 ../../libs/libDaisy/build\libdaisy.a(stm32h7xx_hal_tim.o)
                0x08010158                HAL_TIM_OC_DelayElapsedCallback
 .text.HAL_TIM_IC_CaptureCallback
                0x0801015c        0x4 ../../libs/libDaisy/build\libdaisy.a(stm32h7xx_hal_tim.o)
                0x0801015c                HAL_TIM_IC_CaptureCallback
 .text.HAL_TIM_PWM_PulseFinishedCallback
                0x08010160        0x4 ../../libs/libDaisy/build\libdaisy.a(stm32h7xx_hal_tim.o)
                0x08010160                HAL_TIM_PWM_PulseFinishedCallback
 .text.HAL_TIM_TriggerCallback
                0x08010164        0x4 ../../libs/libDaisy/build\libdaisy.a(stm32h7xx_hal_tim.o)
                0x08010164                HAL_TIM_TriggerCallback
 .text.HAL_TIM_IRQHandler
                0x08010168      0x154 ../../libs/libDaisy/build\libdaisy.a(stm32h7xx_hal_tim.o)
                0x08010168                HAL_TIM_IRQHandler
 .text.HAL_TIMEx_MasterConfigSynchronization
                0x080102bc       0xb4 ../../libs/libDaisy/build\libdaisy.a(stm32h7xx_hal_tim_ex.o)
                0x080102bc                HAL_TIMEx_MasterConfigSynchronization
 .text.HAL_TIMEx_CommutCallback
                0x08010370        0x4 ../../libs/libDaisy/build\libdaisy.a(stm32h7xx_hal_tim_ex.o)
                0x08010370                HAL_TIMEx_CommutCallback
 .text.HAL_TIMEx_BreakCallback
                0x08010374        0x4 ../../libs/libDaisy/build\libdaisy.a(stm32h7xx_hal_tim_ex.o)
                0x08010374                HAL_TIMEx_BreakCallback
 .text.HAL_TIMEx_Break2Callback
                0x08010378        0x4 ../../libs/libDaisy/build\libdaisy.a(stm32h7xx_hal_tim_ex.o)
                0x08010378                HAL_TIMEx_Break2Callback
 .text.HAL_UART_Transmit_DMA
                0x0801037c       0x8c ../../libs/libDaisy/build\libdaisy.a(stm32h7xx_hal_uart.o)
                0x0801037c                HAL_UART_Transmit_DMA
 .text.UART_DMATransmitCplt
                0x08010408       0x44 ../../libs/libDaisy/build\libdaisy.a(stm32h7xx_hal_uart.o)
 .text.HAL_UART_TxHalfCpltCallback
                0x0801044c        0x4 ../../libs/libDaisy/build\libdaisy.a(stm32h7xx_hal_uart.o)
                0x0801044c                HAL_UART_TxHalfCpltCallback
 .text.UART_DMATxHalfCplt
                0x08010450        0xc ../../libs/libDaisy/build\libdaisy.a(stm32h7xx_hal_uart.o)
 .text.UART_DMAError
                0x0801045c       0xd4 ../../libs/libDaisy/build\libdaisy.a(stm32h7xx_hal_uart.o)
 .text.UART_DMAAbortOnError
                0x08010530       0x14 ../../libs/libDaisy/build\libdaisy.a(stm32h7xx_hal_uart.o)
 .text.HAL_UARTEx_RxEventCallback
                0x08010544        0x4 ../../libs/libDaisy/build\libdaisy.a(stm32h7xx_hal_uart.o)
                0x08010544                HAL_UARTEx_RxEventCallback
 .text.HAL_UART_IRQHandler
                0x08010548      0x380 ../../libs/libDaisy/build\libdaisy.a(stm32h7xx_hal_uart.o)
                0x08010548                HAL_UART_IRQHandler
 .text.UART_DMARxHalfCplt
                0x080108c8       0x20 ../../libs/libDaisy/build\libdaisy.a(stm32h7xx_hal_uart.o)
 .text.UART_DMAReceiveCplt
                0x080108e8       0x9c ../../libs/libDaisy/build\libdaisy.a(stm32h7xx_hal_uart.o)
 .text.HAL_UART_GetState
                0x08010984        0xc ../../libs/libDaisy/build\libdaisy.a(stm32h7xx_hal_uart.o)
                0x08010984                HAL_UART_GetState
 .text.UART_SetConfig
                0x08010990      0x534 ../../libs/libDaisy/build\libdaisy.a(stm32h7xx_hal_uart.o)
                0x08010990                UART_SetConfig
 .text.UART_AdvFeatureConfig
                0x08010ec4       0xb0 ../../libs/libDaisy/build\libdaisy.a(stm32h7xx_hal_uart.o)
                0x08010ec4                UART_AdvFeatureConfig
 .text.UART_CheckIdleState
                0x08010f74      0x260 ../../libs/libDaisy/build\libdaisy.a(stm32h7xx_hal_uart.o)
                0x08010f74                UART_CheckIdleState
 .text.HAL_UART_Init
                0x080111d4       0x68 ../../libs/libDaisy/build\libdaisy.a(stm32h7xx_hal_uart.o)
                0x080111d4                HAL_UART_Init
 .text.UART_Start_Receive_DMA
                0x0801123c       0xa4 ../../libs/libDaisy/build\libdaisy.a(stm32h7xx_hal_uart.o)
                0x0801123c                UART_Start_Receive_DMA
 .text.HAL_UART_Receive_DMA
                0x080112e0       0x48 ../../libs/libDaisy/build\libdaisy.a(stm32h7xx_hal_uart.o)
                0x080112e0                HAL_UART_Receive_DMA
 .text.HAL_UARTEx_WakeupCallback
                0x08011328        0x4 ../../libs/libDaisy/build\libdaisy.a(stm32h7xx_hal_uart_ex.o)
                0x08011328                HAL_UARTEx_WakeupCallback
 .text.HAL_UARTEx_RxFifoFullCallback
                0x0801132c        0x4 ../../libs/libDaisy/build\libdaisy.a(stm32h7xx_hal_uart_ex.o)
                0x0801132c                HAL_UARTEx_RxFifoFullCallback
 .text.HAL_UARTEx_TxFifoEmptyCallback
                0x08011330        0x4 ../../libs/libDaisy/build\libdaisy.a(stm32h7xx_hal_uart_ex.o)
                0x08011330                HAL_UARTEx_TxFifoEmptyCallback
 .text._ZN7daisysp10Oscillator7ProcessEv
                0x08011334      0x36c ../../libs/DaisySP/build\libdaisysp.a(oscillator.o)
                0x08011334                daisysp::Oscillator::Process()
 .text._ZN7daisysp10Oscillator12CalcPhaseIncEf
                0x080116a0        0xc ../../libs/DaisySP/build\libdaisysp.a(oscillator.o)
                0x080116a0                daisysp::Oscillator::CalcPhaseInc(float)
 .text.__aeabi_atexit
                0x080116ac        0xa c:/program files/daisytoolchain/bin/../lib/gcc/arm-none-eabi/10.2.1/../../../../arm-none-eabi/lib/thumb/v7e-m+dp/hard\libstdc++_nano.a(atexit_arm.o)
                0x080116ac                __aeabi_atexit
 *fill*         0x080116b6        0x2 
 .text.sinf     0x080116b8      0x20c c:/program files/daisytoolchain/bin/../lib/gcc/arm-none-eabi/10.2.1/../../../../arm-none-eabi/lib/thumb/v7e-m+dp/hard\libm.a(lib_a-sinf.o)
                0x080116b8                sinf
 .text.with_errnof
                0x080118c4       0x18 c:/program files/daisytoolchain/bin/../lib/gcc/arm-none-eabi/10.2.1/../../../../arm-none-eabi/lib/thumb/v7e-m+dp/hard\libm.a(lib_a-math_errf.o)
 .text.__math_invalidf
                0x080118dc       0x20 c:/program files/daisytoolchain/bin/../lib/gcc/arm-none-eabi/10.2.1/../../../../arm-none-eabi/lib/thumb/v7e-m+dp/hard\libm.a(lib_a-math_errf.o)
                0x080118dc                __math_invalidf
 .text.__cxa_atexit
                0x080118fc       0x1c c:/program files/daisytoolchain/bin/../lib/gcc/arm-none-eabi/10.2.1/../../../../arm-none-eabi/lib/thumb/v7e-m+dp/hard\libc_nano.a(lib_a-cxa_atexit.o)
                0x080118fc                __cxa_atexit
 .text.__errno  0x08011918        0xc c:/program files/daisytoolchain/bin/../lib/gcc/arm-none-eabi/10.2.1/../../../../arm-none-eabi/lib/thumb/v7e-m+dp/hard\libc_nano.a(lib_a-errno.o)
                0x08011918                __errno
 .text.__libc_init_array
                0x08011924       0x48 c:/program files/daisytoolchain/bin/../lib/gcc/arm-none-eabi/10.2.1/../../../../arm-none-eabi/lib/thumb/v7e-m+dp/hard\libc_nano.a(lib_a-init.o)
                0x08011924                __libc_init_array
 .text.memcpy   0x0801196c       0x1c c:/program files/daisytoolchain/bin/../lib/gcc/arm-none-eabi/10.2.1/../../../../arm-none-eabi/lib/thumb/v7e-m+dp/hard\libc_nano.a(lib_a-memcpy-stub.o)
                0x0801196c                memcpy
 .text.memset   0x08011988       0x10 c:/program files/daisytoolchain/bin/../lib/gcc/arm-none-eabi/10.2.1/../../../../arm-none-eabi/lib/thumb/v7e-m+dp/hard\libc_nano.a(lib_a-memset.o)
                0x08011988                memset
 *(.rodata)
 .rodata        0x08011998       0x10 ../../libs/libDaisy/build\libdaisy.a(daisy_seed.o)
 .rodata        0x080119a8       0x10 ../../libs/libDaisy/build\libdaisy.a(i2c.o)
 .rodata        0x080119b8       0x10 ../../libs/libDaisy/build\libdaisy.a(tim.o)
 .rodata        0x080119c8       0x12 ../../libs/libDaisy/build\libdaisy.a(uart.o)
 *(.rodata*)
 *fill*         0x080119da        0x2 
 .rodata._ZN5daisy10QSPIHandle4Impl5GetAFEj.str1.4
                0x080119dc        0x7 ../../libs/libDaisy/build\libdaisy.a(qspi.o)
 *fill*         0x080119e3        0x1 
 .rodata.CSWTCH.53
                0x080119e4       0x14 ../../libs/libDaisy/build\libdaisy.a(sai.o)
 .rodata.D1CorePrescTable
                0x080119f8       0x10 ../../libs/libDaisy/build\libdaisy.a(system_stm32h7xx.o)
                0x080119f8                D1CorePrescTable
 .rodata.CSWTCH.24
                0x08011a08        0x4 ../../libs/libDaisy/build\libdaisy.a(usbd_conf.o)
 .rodata.CSWTCH.19
                0x08011a0c        0x4 ../../libs/libDaisy/build\libdaisy.a(usbh_conf.o)
 .rodata.flagBitshiftOffset.0
                0x08011a10        0x8 ../../libs/libDaisy/build\libdaisy.a(stm32h7xx_hal_dma.o)
 .rodata._ZL13pins_none_spi
                0x08011a18        0x3 ../../libs/libDaisy/build\libdaisy.a(spi.o)
 *fill*         0x08011a1b        0x1 
 .rodata._ZL16pins_periphs_spi
                0x08011a1c       0x60 ../../libs/libDaisy/build\libdaisy.a(spi.o)
 .rodata.CSWTCH.61
                0x08011a7c       0x29 ../../libs/libDaisy/build\libdaisy.a(stm32h7xx_hal_uart.o)
 *fill*         0x08011aa5        0x3 
 .rodata.CSWTCH.62
                0x08011aa8        0x6 ../../libs/libDaisy/build\libdaisy.a(stm32h7xx_hal_uart.o)
 *fill*         0x08011aae        0x2 
 .rodata.CSWTCH.69
                0x08011ab0        0x6 ../../libs/libDaisy/build\libdaisy.a(stm32h7xx_hal_uart.o)
 *fill*         0x08011ab6        0x2 
 .rodata.UARTPrescTable
                0x08011ab8       0x18 ../../libs/libDaisy/build\libdaisy.a(stm32h7xx_hal_uart.o)
                0x08011ab8                UARTPrescTable
 .rodata.__inv_pio4
                0x08011ad0       0x60 c:/program files/daisytoolchain/bin/../lib/gcc/arm-none-eabi/10.2.1/../../../../arm-none-eabi/lib/thumb/v7e-m+dp/hard\libm.a(lib_a-sincosf_data.o)
                0x08011ad0                __inv_pio4
 .rodata.__sincosf_table
                0x08011b30       0xe0 c:/program files/daisytoolchain/bin/../lib/gcc/arm-none-eabi/10.2.1/../../../../arm-none-eabi/lib/thumb/v7e-m+dp/hard\libm.a(lib_a-sincosf_data.o)
                0x08011b30                __sincosf_table
 .rodata.__sf_fake_stderr
                0x08011c10       0x20 c:/program files/daisytoolchain/bin/../lib/gcc/arm-none-eabi/10.2.1/../../../../arm-none-eabi/lib/thumb/v7e-m+dp/hard\libc_nano.a(lib_a-findfp.o)
                0x08011c10                __sf_fake_stderr
 .rodata.__sf_fake_stdin
                0x08011c30       0x20 c:/program files/daisytoolchain/bin/../lib/gcc/arm-none-eabi/10.2.1/../../../../arm-none-eabi/lib/thumb/v7e-m+dp/hard\libc_nano.a(lib_a-findfp.o)
                0x08011c30                __sf_fake_stdin
 .rodata.__sf_fake_stdout
                0x08011c50       0x20 c:/program files/daisytoolchain/bin/../lib/gcc/arm-none-eabi/10.2.1/../../../../arm-none-eabi/lib/thumb/v7e-m+dp/hard\libc_nano.a(lib_a-findfp.o)
                0x08011c50                __sf_fake_stdout
 *(.glue_7)
 .glue_7        0x08011c70        0x0 linker stubs
 *(.glue_7t)
 .glue_7t       0x08011c70        0x0 linker stubs
 *(.init)
 .init          0x08011c70        0x4 c:/program files/daisytoolchain/bin/../lib/gcc/arm-none-eabi/10.2.1/thumb/v7e-m+dp/hard/crti.o
                0x08011c70                _init
 .init          0x08011c74        0x8 c:/program files/daisytoolchain/bin/../lib/gcc/arm-none-eabi/10.2.1/thumb/v7e-m+dp/hard/crtn.o
 *(.fini)
 .fini          0x08011c7c        0x4 c:/program files/daisytoolchain/bin/../lib/gcc/arm-none-eabi/10.2.1/thumb/v7e-m+dp/hard/crti.o
                0x08011c7c                _fini
 .fini          0x08011c80        0x8 c:/program files/daisytoolchain/bin/../lib/gcc/arm-none-eabi/10.2.1/thumb/v7e-m+dp/hard/crtn.o
                0x08011c88                . = ALIGN (0x4)
                0x08011c88                _etext = .

.eh_frame       0x08011c88        0x0
 .eh_frame      0x08011c88        0x0 c:/program files/daisytoolchain/bin/../lib/gcc/arm-none-eabi/10.2.1/thumb/v7e-m+dp/hard/crtbegin.o

.vfp11_veneer   0x08011c88        0x0
 .vfp11_veneer  0x08011c88        0x0 linker stubs

.v4_bx          0x08011c88        0x0
 .v4_bx         0x08011c88        0x0 linker stubs

.iplt           0x08011c88        0x0
 .iplt          0x08011c88        0x0 c:/program files/daisytoolchain/bin/../lib/gcc/arm-none-eabi/10.2.1/thumb/v7e-m+dp/hard/crtbegin.o

.ARM.extab      0x08011c88        0x0
                0x08011c88                . = ALIGN (0x4)
 *(.ARM.extab)
 *(.gnu.linkonce.armextab.*)
                0x08011c88                . = ALIGN (0x4)

.exidx          0x08011c88        0x8
                0x08011c88                . = ALIGN (0x4)
                [!provide]                PROVIDE (__exidx_start = .)
 *(.ARM.exidx*)
 .ARM.exidx     0x08011c88        0x8 c:/program files/daisytoolchain/bin/../lib/gcc/arm-none-eabi/10.2.1/thumb/v7e-m+dp/hard\libgcc.a(_udivmoddi4.o)
                0x08011c90                . = ALIGN (0x4)
                [!provide]                PROVIDE (__exidx_end = .)

.rel.dyn        0x08011c90        0x0
 .rel.iplt      0x08011c90        0x0 c:/program files/daisytoolchain/bin/../lib/gcc/arm-none-eabi/10.2.1/thumb/v7e-m+dp/hard/crtbegin.o

.ARM.attributes
                0x00000000       0x2e
 *(.ARM.attributes)
 .ARM.attributes
                0x00000000       0x1e c:/program files/daisytoolchain/bin/../lib/gcc/arm-none-eabi/10.2.1/thumb/v7e-m+dp/hard/crti.o
 .ARM.attributes
                0x0000001e       0x32 c:/program files/daisytoolchain/bin/../lib/gcc/arm-none-eabi/10.2.1/thumb/v7e-m+dp/hard/crtbegin.o
 .ARM.attributes
                0x00000050       0x32 build/startup_stm32h750xx.o
 .ARM.attributes
                0x00000082       0x32 build/main.o
 .ARM.attributes
                0x000000b4       0x32 build/XorM.o
 .ARM.attributes
                0x000000e6       0x32 ../../libs/libDaisy/build\libdaisy.a(daisy_seed.o)
 .ARM.attributes
                0x00000118       0x32 ../../libs/libDaisy/build\libdaisy.a(codec_ak4556.o)
 .ARM.attributes
                0x0000014a       0x32 ../../libs/libDaisy/build\libdaisy.a(codec_wm8731.o)
 .ARM.attributes
                0x0000017c       0x32 ../../libs/libDaisy/build\libdaisy.a(sdram.o)
 .ARM.attributes
                0x000001ae       0x32 ../../libs/libDaisy/build\libdaisy.a(audio.o)
 .ARM.attributes
                0x000001e0       0x32 ../../libs/libDaisy/build\libdaisy.a(gpio.o)
 .ARM.attributes
                0x00000212       0x32 ../../libs/libDaisy/build\libdaisy.a(i2c.o)
 .ARM.attributes
                0x00000244       0x32 ../../libs/libDaisy/build\libdaisy.a(qspi.o)
 .ARM.attributes
                0x00000276       0x32 ../../libs/libDaisy/build\libdaisy.a(sai.o)
 .ARM.attributes
                0x000002a8       0x32 ../../libs/libDaisy/build\libdaisy.a(system.o)
 .ARM.attributes
                0x000002da       0x32 ../../libs/libDaisy/build\libdaisy.a(system_stm32h7xx.o)
 .ARM.attributes
                0x0000030c       0x32 ../../libs/libDaisy/build\libdaisy.a(usbd_conf.o)
 .ARM.attributes
                0x0000033e       0x32 ../../libs/libDaisy/build\libdaisy.a(usbh_conf.o)
 .ARM.attributes
                0x00000370       0x32 ../../libs/libDaisy/build\libdaisy.a(stm32h7xx_hal.o)
 .ARM.attributes
                0x000003a2       0x32 ../../libs/libDaisy/build\libdaisy.a(stm32h7xx_hal_cortex.o)
 .ARM.attributes
                0x000003d4       0x32 ../../libs/libDaisy/build\libdaisy.a(stm32h7xx_hal_dma.o)
 .ARM.attributes
                0x00000406       0x32 ../../libs/libDaisy/build\libdaisy.a(stm32h7xx_hal_gpio.o)
 .ARM.attributes
                0x00000438       0x32 ../../libs/libDaisy/build\libdaisy.a(stm32h7xx_hal_hcd.o)
 .ARM.attributes
                0x0000046a       0x32 ../../libs/libDaisy/build\libdaisy.a(stm32h7xx_hal_i2c.o)
 .ARM.attributes
                0x0000049c       0x32 ../../libs/libDaisy/build\libdaisy.a(stm32h7xx_hal_i2c_ex.o)
 .ARM.attributes
                0x000004ce       0x32 ../../libs/libDaisy/build\libdaisy.a(stm32h7xx_hal_pcd.o)
 .ARM.attributes
                0x00000500       0x32 ../../libs/libDaisy/build\libdaisy.a(stm32h7xx_hal_pcd_ex.o)
 .ARM.attributes
                0x00000532       0x32 ../../libs/libDaisy/build\libdaisy.a(stm32h7xx_hal_pwr_ex.o)
 .ARM.attributes
                0x00000564       0x32 ../../libs/libDaisy/build\libdaisy.a(stm32h7xx_hal_qspi.o)
 .ARM.attributes
                0x00000596       0x32 ../../libs/libDaisy/build\libdaisy.a(stm32h7xx_hal_rcc.o)
 .ARM.attributes
                0x000005c8       0x32 ../../libs/libDaisy/build\libdaisy.a(stm32h7xx_hal_rcc_ex.o)
 .ARM.attributes
                0x000005fa       0x32 ../../libs/libDaisy/build\libdaisy.a(stm32h7xx_hal_sai.o)
 .ARM.attributes
                0x0000062c       0x32 ../../libs/libDaisy/build\libdaisy.a(stm32h7xx_hal_sdram.o)
 .ARM.attributes
                0x0000065e       0x32 ../../libs/libDaisy/build\libdaisy.a(stm32h7xx_ll_fmc.o)
 .ARM.attributes
                0x00000690       0x32 ../../libs/libDaisy/build\libdaisy.a(stm32h7xx_ll_usb.o)
 .ARM.attributes
                0x000006c2       0x32 ../../libs/libDaisy/build\libdaisy.a(usbd_core.o)
 .ARM.attributes
                0x000006f4       0x32 ../../libs/libDaisy/build\libdaisy.a(usbd_ctlreq.o)
 .ARM.attributes
                0x00000726       0x32 ../../libs/libDaisy/build\libdaisy.a(usbd_ioreq.o)
 .ARM.attributes
                0x00000758       0x32 ../../libs/libDaisy/build\libdaisy.a(usbh_core.o)
 .ARM.attributes
                0x0000078a       0x32 ../../libs/libDaisy/build\libdaisy.a(usbh_pipes.o)
 .ARM.attributes
                0x000007bc       0x32 ../../libs/libDaisy/build\libdaisy.a(rng.o)
 .ARM.attributes
                0x000007ee       0x32 ../../libs/libDaisy/build\libdaisy.a(spi.o)
 .ARM.attributes
                0x00000820       0x32 ../../libs/libDaisy/build\libdaisy.a(tim.o)
 .ARM.attributes
                0x00000852       0x32 ../../libs/libDaisy/build\libdaisy.a(uart.o)
 .ARM.attributes
                0x00000884       0x32 ../../libs/libDaisy/build\libdaisy.a(dma.o)
 .ARM.attributes
                0x000008b6       0x32 ../../libs/libDaisy/build\libdaisy.a(stm32h7xx_hal_mdma.o)
 .ARM.attributes
                0x000008e8       0x32 ../../libs/libDaisy/build\libdaisy.a(stm32h7xx_hal_spi.o)
 .ARM.attributes
                0x0000091a       0x32 ../../libs/libDaisy/build\libdaisy.a(stm32h7xx_hal_tim.o)
 .ARM.attributes