Archive member included to satisfy reference by file (symbol)

../../libs/libDaisy/build\libdaisy.a(daisy_seed.o)
                              build/main.o (daisy::DaisySeed::StartAudio(void (*)(float const* const*, float**, unsigned int)))
../../libs/libDaisy/build\libdaisy.a(codec_ak4556.o)
                              ../../libs/libDaisy/build\libdaisy.a(daisy_seed.o) (daisy::Ak4556::Init(daisy::Pin))
../../libs/libDaisy/build\libdaisy.a(codec_wm8731.o)
                              ../../libs/libDaisy/build\libdaisy.a(daisy_seed.o) (daisy::Wm8731::Init(daisy::Wm8731::Config const&, daisy::I2CHandle))
../../libs/libDaisy/build\libdaisy.a(sdram.o)
                              ../../libs/libDaisy/build\libdaisy.a(daisy_seed.o) (SdramHandle::Init())
../../libs/libDaisy/build\libdaisy.a(audio.o)
                              ../../libs/libDaisy/build\libdaisy.a(daisy_seed.o) (daisy::AudioHandle::Init(daisy::AudioHandle::Config const&, daisy::SaiHandle))
../../libs/libDaisy/build\libdaisy.a(gpio.o)
                              ../../libs/libDaisy/build\libdaisy.a(daisy_seed.o) (daisy::GPIO::Init(daisy::GPIO::Config const&))
../../libs/libDaisy/build\libdaisy.a(i2c.o)
                              ../../libs/libDaisy/build\libdaisy.a(daisy_seed.o) (daisy::I2CHandle::Init(daisy::I2CHandle::Config const&))
../../libs/libDaisy/build\libdaisy.a(qspi.o)
                              ../../libs/libDaisy/build\libdaisy.a(daisy_seed.o) (daisy::QSPIHandle::Init(daisy::QSPIHandle::Config const&))
../../libs/libDaisy/build\libdaisy.a(sai.o)
                              ../../libs/libDaisy/build\libdaisy.a(daisy_seed.o) (daisy::SaiHandle::Init(daisy::SaiHandle::Config const&))
../../libs/libDaisy/build\libdaisy.a(system.o)
                              ../../libs/libDaisy/build\libdaisy.a(daisy_seed.o) (daisy::System::DeInit())
../../libs/libDaisy/build\libdaisy.a(system_stm32h7xx.o)
                              build/startup_stm32h750xx.o (SystemInit)
../../libs/libDaisy/build\libdaisy.a(usbd_conf.o)
                              ../../libs/libDaisy/build\libdaisy.a(system.o) (hpcd_USB_OTG_HS)
../../libs/libDaisy/build\libdaisy.a(usbh_conf.o)
                              ../../libs/libDaisy/build\libdaisy.a(system.o) (hhcd_USB_OTG_HS)
../../libs/libDaisy/build\libdaisy.a(stm32h7xx_hal.o)
                              ../../libs/libDaisy/build\libdaisy.a(system.o) (HAL_Init)
../../libs/libDaisy/build\libdaisy.a(stm32h7xx_hal_cortex.o)
                              ../../libs/libDaisy/build\libdaisy.a(stm32h7xx_hal.o) (HAL_NVIC_SetPriorityGrouping)
../../libs/libDaisy/build\libdaisy.a(stm32h7xx_hal_dma.o)
                              ../../libs/libDaisy/build\libdaisy.a(i2c.o) (HAL_DMA_Init)
../../libs/libDaisy/build\libdaisy.a(stm32h7xx_hal_gpio.o)
                              ../../libs/libDaisy/build\libdaisy.a(sdram.o) (HAL_GPIO_Init)
../../libs/libDaisy/build\libdaisy.a(stm32h7xx_hal_hcd.o)
                              ../../libs/libDaisy/build\libdaisy.a(usbh_conf.o) (HAL_HCD_HC_Init)
../../libs/libDaisy/build\libdaisy.a(stm32h7xx_hal_i2c.o)
                              ../../libs/libDaisy/build\libdaisy.a(i2c.o) (HAL_I2C_Init)
../../libs/libDaisy/build\libdaisy.a(stm32h7xx_hal_i2c_ex.o)
                              ../../libs/libDaisy/build\libdaisy.a(i2c.o) (HAL_I2CEx_ConfigAnalogFilter)
../../libs/libDaisy/build\libdaisy.a(stm32h7xx_hal_pcd.o)
                              ../../libs/libDaisy/build\libdaisy.a(usbd_conf.o) (HAL_PCD_Init)
../../libs/libDaisy/build\libdaisy.a(stm32h7xx_hal_pcd_ex.o)
                              ../../libs/libDaisy/build\libdaisy.a(usbd_conf.o) (HAL_PCDEx_SetTxFiFo)
../../libs/libDaisy/build\libdaisy.a(stm32h7xx_hal_pwr_ex.o)
                              ../../libs/libDaisy/build\libdaisy.a(system.o) (HAL_PWREx_ConfigSupply)
../../libs/libDaisy/build\libdaisy.a(stm32h7xx_hal_qspi.o)
                              ../../libs/libDaisy/build\libdaisy.a(qspi.o) (HAL_QSPI_Init)
../../libs/libDaisy/build\libdaisy.a(stm32h7xx_hal_rcc.o)
                              ../../libs/libDaisy/build\libdaisy.a(system.o) (HAL_RCC_OscConfig)
../../libs/libDaisy/build\libdaisy.a(stm32h7xx_hal_rcc_ex.o)
                              ../../libs/libDaisy/build\libdaisy.a(system.o) (HAL_RCCEx_PeriphCLKConfig)
../../libs/libDaisy/build\libdaisy.a(stm32h7xx_hal_sai.o)
                              ../../libs/libDaisy/build\libdaisy.a(sai.o) (HAL_SAI_InitProtocol)
../../libs/libDaisy/build\libdaisy.a(stm32h7xx_hal_sdram.o)
                              ../../libs/libDaisy/build\libdaisy.a(sdram.o) (HAL_SDRAM_Init)
../../libs/libDaisy/build\libdaisy.a(stm32h7xx_ll_fmc.o)
                              ../../libs/libDaisy/build\libdaisy.a(stm32h7xx_hal_sdram.o) (FMC_SDRAM_Init)
../../libs/libDaisy/build\libdaisy.a(stm32h7xx_ll_usb.o)
                              ../../libs/libDaisy/build\libdaisy.a(stm32h7xx_hal_hcd.o) (USB_CoreInit)
../../libs/libDaisy/build\libdaisy.a(usbd_core.o)
[...]
Memory Configuration

Name             Origin             Length             Attributes
FLASH            0x08000000         0x00020000         xr
DTCMRAM          0x20000000         0x00020000         xrw
SRAM             0x24000000         0x00080000         xrw
RAM_D2           0x30000000         0x00048000         xrw
RAM_D3           0x38000000         0x00010000         xrw
BACKUP_SRAM      0x38800000         0x00001000         xrw
ITCMRAM          0x00000000         0x00010000         xrw
SDRAM            0xc0000000         0x04000000         xrw
QSPIFLASH        0x90000000         0x00800000         xr
*default*        0x00000000         0xffffffff

Linker script and memory map

LOAD c:/program files/daisytoolchain/bin/../lib/gcc/arm-none-eabi/10.2.1/thumb/v7e-m+dp/hard/crti.o
LOAD c:/program files/daisytoolchain/bin/../lib/gcc/arm-none-eabi/10.2.1/thumb/v7e-m+dp/hard/crtbegin.o
LOAD c:/program files/daisytoolchain/bin/../lib/gcc/arm-none-eabi/10.2.1/../../../../arm-none-eabi/lib/thumb/v7e-m+dp/hard/crt0.o
LOAD build/startup_stm32h750xx.o
LOAD build/main.o
LOAD build/CircularBuffer.o
LOAD ../../libs/libDaisy/build\libdaisy.a
LOAD c:/program files/daisytoolchain/bin/../lib/gcc/arm-none-eabi/10.2.1/../../../../arm-none-eabi/lib/thumb/v7e-m+dp/hard\libnosys.a
LOAD ../../libs/DaisySP/build\libdaisysp.a
LOAD c:/program files/daisytoolchain/bin/../lib/gcc/arm-none-eabi/10.2.1/../../../../arm-none-eabi/lib/thumb/v7e-m+dp/hard\libstdc++_nano.a
LOAD c:/program files/daisytoolchain/bin/../lib/gcc/arm-none-eabi/10.2.1/../../../../arm-none-eabi/lib/thumb/v7e-m+dp/hard\libm.a
LOAD c:/program files/daisytoolchain/bin/../lib/gcc/arm-none-eabi/10.2.1/../../../../arm-none-eabi/lib/thumb/v7e-m+dp/hard\libc_nano.a
START GROUP
LOAD c:/program files/daisytoolchain/bin/../lib/gcc/arm-none-eabi/10.2.1/thumb/v7e-m+dp/hard\libgcc.a
LOAD c:/program files/daisytoolchain/bin/../lib/gcc/arm-none-eabi/10.2.1/../../../../arm-none-eabi/lib/thumb/v7e-m+dp/hard\libc_nano.a
END GROUP
START GROUP
LOAD c:/program files/daisytoolchain/bin/../lib/gcc/arm-none-eabi/10.2.1/thumb/v7e-m+dp/hard\libgcc.a
LOAD c:/program files/daisytoolchain/bin/../lib/gcc/arm-none-eabi/10.2.1/../../../../arm-none-eabi/lib/thumb/v7e-m+dp/hard\libc_nano.a
LOAD c:/program files/daisytoolchain/bin/../lib/gcc/arm-none-eabi/10.2.1/../../../../arm-none-eabi/lib/thumb/v7e-m+dp/hard\libnosys.a
END GROUP
START GROUP
LOAD c:/program files/daisytoolchain/bin/../lib/gcc/arm-none-eabi/10.2.1/thumb/v7e-m+dp/hard\libgcc.a
LOAD c:/program files/daisytoolchain/bin/../lib/gcc/arm-none-eabi/10.2.1/../../../../arm-none-eabi/lib/thumb/v7e-m+dp/hard\libc_nano.a
LOAD c:/program files/daisytoolchain/bin/../lib/gcc/arm-none-eabi/10.2.1/../../../../arm-none-eabi/lib/thumb/v7e-m+dp/hard\libnosys.a
END GROUP
LOAD c:/program files/daisytoolchain/bin/../lib/gcc/arm-none-eabi/10.2.1/thumb/v7e-m+dp/hard/crtend.o
LOAD c:/program files/daisytoolchain/bin/../lib/gcc/arm-none-eabi/10.2.1/thumb/v7e-m+dp/hard/crtn.o
                0x20020000                _estack = 0x20020000

.isr_vector     0x08000000      0x298
                0x08000000                . = ALIGN (0x4)
 *(.isr_vector)
 .isr_vector    0x08000000      0x298 build/startup_stm32h750xx.o
                0x08000000                g_pfnVectors
                0x08000298                . = ALIGN (0x4)

.text           0x08000298    0x10eb4
                0x08000298                . = ALIGN (0x4)
                0x08000298                _stext = .
 *(.text)
 .text          0x08000298       0x40 c:/program files/daisytoolchain/bin/../lib/gcc/arm-none-eabi/10.2.1/thumb/v7e-m+dp/hard/crtbegin.o
 .text          0x080002d8       0x30 c:/program files/daisytoolchain/bin/../lib/gcc/arm-none-eabi/10.2.1/thumb/v7e-m+dp/hard\libgcc.a(_aeabi_uldivmod.o)
                0x080002d8                __aeabi_uldivmod
 .text          0x08000308      0x2d0 c:/program files/daisytoolchain/bin/../lib/gcc/arm-none-eabi/10.2.1/thumb/v7e-m+dp/hard\libgcc.a(_udivmoddi4.o)
                0x08000308                __udivmoddi4
 .text          0x080005d8        0x4 c:/program files/daisytoolchain/bin/../lib/gcc/arm-none-eabi/10.2.1/thumb/v7e-m+dp/hard\libgcc.a(_dvmd_tls.o)
                0x080005d8                __aeabi_idiv0
                0x080005d8                __aeabi_ldiv0
 *(.text*)
 .text.Default_Handler
                0x080005dc        0xc build/startup_stm32h750xx.o
                0x080005dc                RTC_Alarm_IRQHandler
                0x080005dc                HASH_RNG_IRQHandler
                0x080005dc                EXTI2_IRQHandler
                0x080005dc                TIM8_CC_IRQHandler
                0x080005dc                HRTIM1_Master_IRQHandler
                0x080005dc                DebugMon_Handler
                0x080005dc                TIM1_CC_IRQHandler
                0x080005dc                BDMA_Channel6_IRQHandler
                0x080005dc                DMA2_Stream5_IRQHandler
                0x080005dc                HRTIM1_FLT_IRQHandler
                0x080005dc                JPEG_IRQHandler
                0x080005dc                BDMA_Channel1_IRQHandler
                0x080005dc                HRTIM1_TIMD_IRQHandler
                0x080005dc                TAMP_STAMP_IRQHandler
                0x080005dc                PendSV_Handler
                0x080005dc                NMI_Handler
                0x080005dc                EXTI3_IRQHandler
                0x080005dc                LPTIM4_IRQHandler
                0x080005dc                TIM8_TRG_COM_TIM14_IRQHandler
                0x080005dc                LPTIM2_IRQHandler
                0x080005dc                DFSDM1_FLT1_IRQHandler
                0x080005dc                DMAMUX2_OVR_IRQHandler
                0x080005dc                TIM8_UP_TIM13_IRQHandler
                0x080005dc                I2C3_ER_IRQHandler
                0x080005dc                DFSDM1_FLT2_IRQHandler
                0x080005dc                MDMA_IRQHandler
                0x080005dc                LPTIM3_IRQHandler
                0x080005dc                HSEM1_IRQHandler
                0x080005dc                EXTI0_IRQHandler
                0x080005dc                DMA1_Stream2_IRQHandler
                0x080005dc                FPU_IRQHandler
                0x080005dc                OTG_HS_WKUP_IRQHandler
                0x080005dc                FDCAN1_IT1_IRQHandler
                0x080005dc                UsageFault_Handler
                0x080005dc                LTDC_ER_IRQHandler
                0x080005dc                HRTIM1_TIME_IRQHandler
                0x080005dc                TIM6_DAC_IRQHandler
                0x080005dc                DCMI_IRQHandler
                0x080005dc                HRTIM1_TIMC_IRQHandler
                0x080005dc                SAI2_IRQHandler
                0x080005dc                DFSDM1_FLT3_IRQHandler
                0x080005dc                TIM17_IRQHandler
                0x080005dc                CRYP_IRQHandler
                0x080005dc                BDMA_Channel7_IRQHandler
                0x080005dc                LPTIM5_IRQHandler
                0x080005dc                ADC3_IRQHandler
                0x080005dc                DMA2_Stream0_IRQHandler
                0x080005dc                BDMA_Channel2_IRQHandler
                0x080005dc                DMAMUX1_OVR_IRQHandler
                0x080005dc                TIM16_IRQHandler
                0x080005dc                BDMA_Channel5_IRQHandler
                0x080005dc                RCC_IRQHandler
                0x080005dc                TIM8_BRK_TIM12_IRQHandler
                0x080005dc                TIM1_TRG_COM_IRQHandler
                0x080005dc                Default_Handler
                0x080005dc                ECC_IRQHandler
                0x080005dc                CEC_IRQHandler
                0x080005dc                EXTI15_10_IRQHandler
                0x080005dc                BDMA_Channel0_IRQHandler
                0x080005dc                ADC_IRQHandler
                0x080005dc                DMA1_Stream7_IRQHandler
                0x080005dc                HRTIM1_TIMA_IRQHandler
                0x080005dc                TIM7_IRQHandler
                0x080005dc                SDMMC1_IRQHandler
                0x080005dc                DMA2_Stream7_IRQHandler
                0x080005dc                TIM15_IRQHandler
                0x080005dc                PVD_AVD_IRQHandler
                0x080005dc                EXTI9_5_IRQHandler
                0x080005dc                RTC_WKUP_IRQHandler
                0x080005dc                LTDC_IRQHandler
                0x080005dc                SAI3_IRQHandler
                0x080005dc                ETH_WKUP_IRQHandler
                0x080005dc                SPDIF_RX_IRQHandler
                0x080005dc                MemManage_Handler
                0x080005dc                SVC_Handler
                0x080005dc                CRS_IRQHandler
                0x080005dc                EXTI4_IRQHandler
                0x080005dc                HRTIM1_TIMB_IRQHandler
                0x080005dc                FDCAN2_IT1_IRQHandler
                0x080005dc                ETH_IRQHandler
                0x080005dc                TIM1_UP_IRQHandler
                0x080005dc                BDMA_Channel4_IRQHandler
                0x080005dc                WWDG_IRQHandler
                0x080005dc                SPI6_IRQHandler
                0x080005dc                I2C4_EV_IRQHandler
                0x080005dc                MDIOS_IRQHandler
                0x080005dc                FDCAN2_IT0_IRQHandler
                0x080005dc                FDCAN1_IT0_IRQHandler
                0x080005dc                OTG_FS_WKUP_IRQHandler
                0x080005dc                DMA2D_IRQHandler
                0x080005dc                TIM1_BRK_IRQHandler
                0x080005dc                EXTI1_IRQHandler
                0x080005dc                SDMMC2_IRQHandler
                0x080005dc                OTG_FS_EP1_OUT_IRQHandler
                0x080005dc                BDMA_Channel3_IRQHandler
                0x080005dc                MDIOS_WKUP_IRQHandler
                0x080005dc                DFSDM1_FLT0_IRQHandler
                0x080005dc                SAI4_IRQHandler
                0x080005dc                I2C2_ER_IRQHandler
                0x080005dc                DMA2_Stream1_IRQHandler
                0x080005dc                FLASH_IRQHandler
                0x080005dc                BusFault_Handler
                0x080005dc                OTG_FS_IRQHandler
                0x080005dc                WAKEUP_PIN_IRQHandler
                0x080005dc                OTG_FS_EP1_IN_IRQHandler
                0x080005dc                I2C1_ER_IRQHandler
                0x080005dc                FMC_IRQHandler
                0x080005dc                FDCAN_CAL_IRQHandler
                0x080005dc                SWPMI1_IRQHandler
                0x080005dc                COMP1_IRQHandler
                0x080005dc                LPTIM1_IRQHandler
                0x080005dc                I2C4_ER_IRQHandler
                0x080005dc                DMA2_Stream6_IRQHandler
                0x080005dc                SAI1_IRQHandler
 .text.Reset_Handler
                0x080005e8       0x44 build/startup_stm32h750xx.o
                0x080005e8                Reset_Handler
 .text._ZN5daisy9DaisySeedD2Ev
                0x0800062c        0x4 build/main.o
                0x0800062c                daisy::DaisySeed::~DaisySeed()
                0x0800062c                daisy::DaisySeed::~DaisySeed()
 .text._ZN14CircularBufferD2Ev
                0x08000630        0x4 build/main.o
                0x08000630                CircularBuffer::~CircularBuffer()
                0x08000630                CircularBuffer::~CircularBuffer()
 .text._Z13AudioCallbackPKPKfPPfj
                0x08000634       0x68 build/main.o
                0x08000634                AudioCallback(float const* const*, float**, unsigned int)
 .text.startup.main
                0x0800069c       0x90 build/main.o
                0x0800069c                main
 .text.startup._GLOBAL__sub_I_buff
                0x0800072c       0x70 build/main.o
 .text._ZN14CircularBuffer4InitEPfjf
                0x0800079c       0x1c build/CircularBuffer.o
                0x0800079c                CircularBuffer::Init(float*, unsigned int, float)
 .text._ZN14CircularBuffer11SetBuffSizeEfhf
                0x080007b8       0x60 build/CircularBuffer.o
                0x080007b8                CircularBuffer::SetBuffSize(float, unsigned char, float)
 .text._ZN14CircularBuffer5WriteEf
                0x08000818       0x24 build/CircularBuffer.o
                0x08000818                CircularBuffer::Write(float)
 .text._ZN14CircularBuffer7SetModeENS_8ReadModeE
                0x0800083c       0x14 build/CircularBuffer.o
                0x0800083c                CircularBuffer::SetMode(CircularBuffer::ReadMode)
 .text._ZN14CircularBuffer4ReadEv
                0x08000850       0x28 build/CircularBuffer.o
                0x08000850                CircularBuffer::Read()
 .text._ZN5daisy9DaisySeed10StartAudioEPFvPKPKfPPfjE
                0x08000878        0x8 ../../libs/libDaisy/build\libdaisy.a(daisy_seed.o)
                0x08000878                daisy::DaisySeed::StartAudio(void (*)(float const* const*, float**, unsigned int))
 .text._ZN5daisy9DaisySeed15AudioSampleRateEv
                0x08000880        0x8 ../../libs/libDaisy/build\libdaisy.a(daisy_seed.o)
                0x08000880                daisy::DaisySeed::AudioSampleRate()
 .text._ZN5daisy9DaisySeed17SetAudioBlockSizeEj
                0x08000888       0x38 ../../libs/libDaisy/build\libdaisy.a(daisy_seed.o)
                0x08000888                daisy::DaisySeed::SetAudioBlockSize(unsigned int)
 .text._ZN5daisy9DaisySeed17CheckBoardVersionEv
                0x080008c0       0x6c ../../libs/libDaisy/build\libdaisy.a(daisy_seed.o)
                0x080008c0                daisy::DaisySeed::CheckBoardVersion()
 .text._ZN5daisy9DaisySeed14ConfigureAudioEv
                0x0800092c      0x110 ../../libs/libDaisy/build\libdaisy.a(daisy_seed.o)
                0x0800092c                daisy::DaisySeed::ConfigureAudio()
 .text._ZN5daisy9DaisySeed4InitEb
                0x08000a3c      0x104 ../../libs/libDaisy/build\libdaisy.a(daisy_seed.o)
                0x08000a3c                daisy::DaisySeed::Init(bool)
 .text._ZN5daisy6Ak45564InitENS_3PinE
                0x08000b40       0x44 ../../libs/libDaisy/build\libdaisy.a(codec_ak4556.o)
                0x08000b40                daisy::Ak4556::Init(daisy::Pin)
 .text._ZN5daisy6Wm873120WriteControlRegisterEht
                0x08000b84       0x3c ../../libs/libDaisy/build\libdaisy.a(codec_wm8731.o)
                0x08000b84                daisy::Wm8731::WriteControlRegister(unsigned char, unsigned short)
 .text._ZN5daisy6Wm87314InitERKNS0_6ConfigENS_9I2CHandleE
                0x08000bc0      0x1bc ../../libs/libDaisy/build\libdaisy.a(codec_wm8731.o)
                0x08000bc0                daisy::Wm8731::Init(daisy::Wm8731::Config const&, daisy::I2CHandle)
 .text._ZN11SdramHandle10DeviceInitEv
                0x08000d7c       0x98 ../../libs/libDaisy/build\libdaisy.a(sdram.o)
                0x08000d7c                SdramHandle::DeviceInit()
 .text._ZN11SdramHandle4InitEv
                0x08000e14       0x7c ../../libs/libDaisy/build\libdaisy.a(sdram.o)
                0x08000e14                SdramHandle::Init()
 .text.HAL_SDRAM_MspInit
                0x08000e90      0x1a8 ../../libs/libDaisy/build\libdaisy.a(sdram.o)
                0x08000e90                HAL_SDRAM_MspInit
 .text._ZN5daisy11AudioHandle4Impl16InternalCallbackEPlS2_j
                0x08001038      0xbbc ../../libs/libDaisy/build\libdaisy.a(audio.o)
                0x08001038                daisy::AudioHandle::Impl::InternalCallback(long*, long*, unsigned int)
 .text._ZN5daisy11AudioHandle4InitERKNS0_6ConfigENS_9SaiHandleE
                0x08001bf4       0x70 ../../libs/libDaisy/build\libdaisy.a(audio.o)
                0x08001bf4                daisy::AudioHandle::Init(daisy::AudioHandle::Config const&, daisy::SaiHandle)
 .text._ZNK5daisy11AudioHandle9GetConfigEv
                0x08001c64        0x8 ../../libs/libDaisy/build\libdaisy.a(audio.o)
                0x08001c64                daisy::AudioHandle::GetConfig() const
 .text._ZN5daisy11AudioHandle12SetBlockSizeEj
                0x08001c6c       0x1c ../../libs/libDaisy/build\libdaisy.a(audio.o)
                0x08001c6c                daisy::AudioHandle::SetBlockSize(unsigned int)
 .text._ZN5daisy11AudioHandle13GetSampleRateEv
                0x08001c88        0x8 ../../libs/libDaisy/build\libdaisy.a(audio.o)
                0x08001c88                daisy::AudioHandle::GetSampleRate()
 .text._ZN5daisy11AudioHandle5StartEPFvPKPKfPPfjE
                0x08001c90       0x44 ../../libs/libDaisy/build\libdaisy.a(audio.o)
                0x08001c90                daisy::AudioHandle::Start(void (*)(float const* const*, float**, unsigned int))
 .text.startup._GLOBAL__sub_I__ZN5daisy11AudioHandle4Impl4InitENS0_6ConfigENS_9SaiHandleE
                0x08001cd4       0x24 ../../libs/libDaisy/build\libdaisy.a(audio.o)
 .text._ZN5daisy4GPIO4InitERKNS0_6ConfigE
                0x08001cf8      0x1cc ../../libs/libDaisy/build\libdaisy.a(gpio.o)
                0x08001cf8                daisy::GPIO::Init(daisy::GPIO::Config const&)
 .text._ZN5daisy4GPIO4InitENS_3PinENS0_4ModeENS0_4PullENS0_5SpeedE
                0x08001ec4      0x1cc ../../libs/libDaisy/build\libdaisy.a(gpio.o)
                0x08001ec4                daisy::GPIO::Init(daisy::Pin, daisy::GPIO::Mode, daisy::GPIO::Pull, daisy::GPIO::Speed)
 .text._ZN5daisy4GPIO4ReadEv
                0x08002090       0x18 ../../libs/libDaisy/build\libdaisy.a(gpio.o)
                0x08002090                daisy::GPIO::Read()
 .text._ZN5daisy4GPIO5WriteEb
                0x080020a8       0x14 ../../libs/libDaisy/build\libdaisy.a(gpio.o)
                0x080020a8                daisy::GPIO::Write(bool)
 .text._ZN5daisy9I2CHandle4Impl8InitPinsEv
                0x080020bc       0x70 ../../libs/libDaisy/build\libdaisy.a(i2c.o)
                0x080020bc                daisy::I2CHandle::Impl::InitPins()
 .text.HAL_I2C_MspInit
                0x0800212c      0x1b4 ../../libs/libDaisy/build\libdaisy.a(i2c.o)
                0x0800212c                HAL_I2C_MspInit
 .text.dsy_i2c_global_init
                0x080022e0       0x78 ../../libs/libDaisy/build\libdaisy.a(i2c.o)
                0x080022e0                dsy_i2c_global_init
 .text.DMA1_Stream6_IRQHandler
                0x08002358       0x34 ../../libs/libDaisy/build\libdaisy.a(i2c.o)
                0x08002358                DMA1_Stream6_IRQHandler
 .text.I2C1_EV_IRQHandler
                0x0800238c        0xc ../../libs/libDaisy/build\libdaisy.a(i2c.o)
                0x0800238c                I2C1_EV_IRQHandler
 .text.I2C2_EV_IRQHandler
                0x08002398        0xc ../../libs/libDaisy/build\libdaisy.a(i2c.o)
                0x08002398                I2C2_EV_IRQHandler
 .text.I2C3_EV_IRQHandler
                0x080023a4        0xc ../../libs/libDaisy/build\libdaisy.a(i2c.o)
                0x080023a4                I2C3_EV_IRQHandler
 .text._ZN5daisy9I2CHandle4InitERKNS0_6ConfigE
                0x080023b0      0x130 ../../libs/libDaisy/build\libdaisy.a(i2c.o)
                0x080023b0                daisy::I2CHandle::Init(daisy::I2CHandle::Config const&)
 .text._ZN5daisy9I2CHandle16TransmitBlockingEtPhtm
                0x080024e0       0x50 ../../libs/libDaisy/build\libdaisy.a(i2c.o)
                0x080024e0                daisy::I2CHandle::TransmitBlocking(unsigned short, unsigned char*, unsigned short, unsigned long)
 .text.startup._GLOBAL__sub_I__ZN5daisy9I2CHandle4Impl10GlobalInitEv
                0x08002530       0x2c ../../libs/libDaisy/build\libdaisy.a(i2c.o)
 .text._ZN5daisy10QSPIHandle4Impl11WriteEnableEv
                0x0800255c       0x8c ../../libs/libDaisy/build\libdaisy.a(qspi.o)
                0x0800255c                daisy::QSPIHandle::Impl::WriteEnable()
 .text._ZN5daisy10QSPIHandle4Impl17DummyCyclesConfigENS0_6Config6DeviceE
                0x080025e8      0x118 ../../libs/libDaisy/build\libdaisy.a(qspi.o)
                0x080025e8                daisy::QSPIHandle::Impl::DummyCyclesConfig(daisy::QSPIHandle::Config::Device)
 .text._ZN5daisy10QSPIHandle4Impl10QuadEnableEv
                0x08002700      0x168 ../../libs/libDaisy/build\libdaisy.a(qspi.o)
                0x08002700                daisy::QSPIHandle::Impl::QuadEnable()
 .text._ZN5daisy10QSPIHandle4Impl21DefaultStatusRegisterEv
                0x08002868      0x158 ../../libs/libDaisy/build\libdaisy.a(qspi.o)
                0x08002868                daisy::QSPIHandle::Impl::DefaultStatusRegister()
 .text._ZN5daisy10QSPIHandle4Impl7PreInitEm
                0x080029c0      0x198 ../../libs/libDaisy/build\libdaisy.a(qspi.o)
                0x080029c0                daisy::QSPIHandle::Impl::PreInit(unsigned long)
 .text._ZN5daisy10QSPIHandle4InitERKNS0_6ConfigE
                0x08002b58      0x1b4 ../../libs/libDaisy/build\libdaisy.a(qspi.o)
                0x08002b58                daisy::QSPIHandle::Init(daisy::QSPIHandle::Config const&)
 .text.HAL_QSPI_MspInit
                0x08002d0c      0x194 ../../libs/libDaisy/build\libdaisy.a(qspi.o)
                0x08002d0c                HAL_QSPI_MspInit
 .text.HAL_QSPI_MspDeInit
                0x08002ea0       0x7c ../../libs/libDaisy/build\libdaisy.a(qspi.o)
                0x08002ea0                HAL_QSPI_MspDeInit
 .text.QUADSPI_IRQHandler
                0x08002f1c        0xc ../../libs/libDaisy/build\libdaisy.a(qspi.o)
                0x08002f1c                QUADSPI_IRQHandler
 .text.startup._GLOBAL__sub_I__ZN5daisy10QSPIHandle4Impl7PreInitEm
                0x08002f28       0x40 ../../libs/libDaisy/build\libdaisy.a(qspi.o)
 .text._ZN5daisy9SaiHandle4Impl7InitDmaENS1_15PeripheralBlockE
                0x08002f68       0xa0 ../../libs/libDaisy/build\libdaisy.a(sai.o)
                0x08002f68                daisy::SaiHandle::Impl::InitDma(daisy::SaiHandle::Impl::PeripheralBlock)
 .text._ZN5daisy9SaiHandle4Impl8InitPinsEv
                0x08003008       0xbc ../../libs/libDaisy/build\libdaisy.a(sai.o)
                0x08003008                daisy::SaiHandle::Impl::InitPins()
 .text.HAL_SAI_MspInit
                0x080030c4      0x164 ../../libs/libDaisy/build\libdaisy.a(sai.o)
                0x080030c4                HAL_SAI_MspInit
 .text.DMA1_Stream0_IRQHandler
                0x08003228        0xc ../../libs/libDaisy/build\libdaisy.a(sai.o)
                0x08003228                DMA1_Stream0_IRQHandler
 .text.DMA1_Stream1_IRQHandler
                0x08003234        0xc ../../libs/libDaisy/build\libdaisy.a(sai.o)
                0x08003234                DMA1_Stream1_IRQHandler
 .text.DMA1_Stream3_IRQHandler
                0x08003240        0xc ../../libs/libDaisy/build\libdaisy.a(sai.o)
                0x08003240                DMA1_Stream3_IRQHandler
 .text.DMA1_Stream4_IRQHandler
                0x0800324c        0xc ../../libs/libDaisy/build\libdaisy.a(sai.o)
                0x0800324c                DMA1_Stream4_IRQHandler
 .text.HAL_SAI_RxHalfCpltCallback
                0x08003258       0x78 ../../libs/libDaisy/build\libdaisy.a(sai.o)
                0x08003258                HAL_SAI_RxHalfCpltCallback
 .text.HAL_SAI_RxCpltCallback
                0x080032d0       0x70 ../../libs/libDaisy/build\libdaisy.a(sai.o)
                0x080032d0                HAL_SAI_RxCpltCallback
 .text._ZN5daisy9SaiHandle4InitERKNS0_6ConfigE
                0x08003340      0x1f0 ../../libs/libDaisy/build\libdaisy.a(sai.o)
                0x08003340                daisy::SaiHandle::Init(daisy::SaiHandle::Config const&)
 .text._ZNK5daisy9SaiHandle9GetConfigEv
                0x08003530        0x4 ../../libs/libDaisy/build\libdaisy.a(sai.o)
                0x08003530                daisy::SaiHandle::GetConfig() const
 .text._ZN5daisy9SaiHandle8StartDmaEPlS1_jPFvS1_S1_jE
                0x08003534       0xbc ../../libs/libDaisy/build\libdaisy.a(sai.o)
                0x08003534                daisy::SaiHandle::StartDma(long*, long*, unsigned int, void (*)(long*, long*, unsigned int))
 .text._ZN5daisy9SaiHandle13GetSampleRateEv
                0x080035f0       0x24 ../../libs/libDaisy/build\libdaisy.a(sai.o)
                0x080035f0                daisy::SaiHandle::GetSampleRate()
 .text._ZNK5daisy9SaiHandle9GetOffsetEv
                0x08003614        0x8 ../../libs/libDaisy/build\libdaisy.a(sai.o)
                0x08003614                daisy::SaiHandle::GetOffset() const
 .text.startup._GLOBAL__sub_I__ZN5daisy9SaiHandle4Impl4InitERKNS0_6ConfigE
                0x0800361c       0x20 ../../libs/libDaisy/build\libdaisy.a(sai.o)
 .text._ZN5daisy11TimerHandleD2Ev
                0x0800363c        0x4 ../../libs/libDaisy/build\libdaisy.a(system.o)
                0x0800363c                daisy::TimerHandle::~TimerHandle()
                0x0800363c                daisy::TimerHandle::~TimerHandle()
 .text.SysTick_Handler
                0x08003640       0x10 ../../libs/libDaisy/build\libdaisy.a(system.o)
                0x08003640                SysTick_Handler
 .text.OTG_HS_EP1_OUT_IRQHandler
                0x08003650       0x24 ../../libs/libDaisy/build\libdaisy.a(system.o)
                0x08003650                OTG_HS_EP1_OUT_IRQHandler
 .text.OTG_HS_EP1_IN_IRQHandler
                0x08003674       0x24 ../../libs/libDaisy/build\libdaisy.a(system.o)
                0x08003674                OTG_HS_EP1_IN_IRQHandler
 .text.OTG_HS_IRQHandler
                0x08003698       0x24 ../../libs/libDaisy/build\libdaisy.a(system.o)
                0x08003698                OTG_HS_IRQHandler
 .text.HardFault_Handler
                0x080036bc       0xe0 ../../libs/libDaisy/build\libdaisy.a(system.o)
                0x080036bc                HardFault_Handler
 .text._ZN5daisy6System5DelayEm
                0x0800379c        0x4 ../../libs/libDaisy/build\libdaisy.a(system.o)
                0x0800379c                daisy::System::Delay(unsigned long)
 .text._ZN5daisy6System20GetBootloaderVersionEv
                0x080037a0       0x34 ../../libs/libDaisy/build\libdaisy.a(system.o)
                0x080037a0                daisy::System::GetBootloaderVersion()
 *fill*         0x080037d4        0x4 
 .text._ZN5daisy6System15ConfigureClocksEv
                0x080037d8      0x1a4 ../../libs/libDaisy/build\libdaisy.a(system.o)
                0x080037d8                daisy::System::ConfigureClocks()
 .text._ZN5daisy6System12ConfigureMpuEv
                0x0800397c       0x7c ../../libs/libDaisy/build\libdaisy.a(system.o)
                0x0800397c                daisy::System::ConfigureMpu()
 .text._ZN5daisy6System4InitERKNS0_6ConfigE
                0x080039f8       0xf8 ../../libs/libDaisy/build\libdaisy.a(system.o)
                0x080039f8                daisy::System::Init(daisy::System::Config const&)
 .text._ZN5daisy6System12GetPClk1FreqEv
                0x08003af0        0x4 ../../libs/libDaisy/build\libdaisy.a(system.o)
                0x08003af0                daisy::System::GetPClk1Freq()
 .text._ZN5daisy6System22GetProgramMemoryRegionEv
                0x08003af4       0x78 ../../libs/libDaisy/build\libdaisy.a(system.o)
                0x08003af4                daisy::System::GetProgramMemoryRegion()
 .text.startup._GLOBAL__sub_I__ZN5daisy9boot_infoE
                0x08003b6c       0x1c ../../libs/libDaisy/build\libdaisy.a(system.o)
 .text.SystemInit
                0x08003b88       0x9c ../../libs/libDaisy/build\libdaisy.a(system_stm32h7xx.o)
                0x08003b88                SystemInit
 .text.HAL_PCD_SetupStageCallback
                0x08003c24        0xc ../../libs/libDaisy/build\libdaisy.a(usbd_conf.o)
                0x08003c24                HAL_PCD_SetupStageCallback
 .text.HAL_PCD_DataOutStageCallback
                0x08003c30       0x14 ../../libs/libDaisy/build\libdaisy.a(usbd_conf.o)
                0x08003c30                HAL_PCD_DataOutStageCallback
 .text.HAL_PCD_DataInStageCallback
                0x08003c44       0x14 ../../libs/libDaisy/build\libdaisy.a(usbd_conf.o)
                0x08003c44                HAL_PCD_DataInStageCallback
 .text.HAL_PCD_SOFCallback
                0x08003c58        0x8 ../../libs/libDaisy/build\libdaisy.a(usbd_conf.o)
                0x08003c58                HAL_PCD_SOFCallback
 .text.HAL_PCD_ResetCallback
                0x08003c60       0x24 ../../libs/libDaisy/build\libdaisy.a(usbd_conf.o)
                0x08003c60                HAL_PCD_ResetCallback
 .text.HAL_PCD_SuspendCallback
                0x08003c84       0x30 ../../libs/libDaisy/build\libdaisy.a(usbd_conf.o)
                0x08003c84                HAL_PCD_SuspendCallback
 .text.HAL_PCD_ResumeCallback
                0x08003cb4        0x8 ../../libs/libDaisy/build\libdaisy.a(usbd_conf.o)
                0x08003cb4                HAL_PCD_ResumeCallback
 .text.HAL_PCD_ISOOUTIncompleteCallback
                0x08003cbc        0x8 ../../libs/libDaisy/build\libdaisy.a(usbd_conf.o)
                0x08003cbc                HAL_PCD_ISOOUTIncompleteCallback
 .text.HAL_PCD_ISOINIncompleteCallback
                0x08003cc4        0x8 ../../libs/libDaisy/build\libdaisy.a(usbd_conf.o)
                0x08003cc4                HAL_PCD_ISOINIncompleteCallback
 .text.HAL_PCD_ConnectCallback
                0x08003ccc        0x8 ../../libs/libDaisy/build\libdaisy.a(usbd_conf.o)
                0x08003ccc                HAL_PCD_ConnectCallback
 .text.HAL_PCD_DisconnectCallback
                0x08003cd4        0x8 ../../libs/libDaisy/build\libdaisy.a(usbd_conf.o)
                0x08003cd4                HAL_PCD_DisconnectCallback
 .text.USBD_LL_OpenEP
                0x08003cdc       0x24 ../../libs/libDaisy/build\libdaisy.a(usbd_conf.o)
                0x08003cdc                USBD_LL_OpenEP
 .text.USBD_LL_StallEP
                0x08003d00       0x1c ../../libs/libDaisy/build\libdaisy.a(usbd_conf.o)
                0x08003d00                USBD_LL_StallEP
 .text.USBD_LL_ClearStallEP
                0x08003d1c       0x1c ../../libs/libDaisy/build\libdaisy.a(usbd_conf.o)
                0x08003d1c                USBD_LL_ClearStallEP
 .text.USBD_LL_IsStallEP
                0x08003d38       0x28 ../../libs/libDaisy/build\libdaisy.a(usbd_conf.o)
                0x08003d38                USBD_LL_IsStallEP
 .text.USBD_LL_SetUSBAddress
                0x08003d60       0x1c ../../libs/libDaisy/build\libdaisy.a(usbd_conf.o)
                0x08003d60                USBD_LL_SetUSBAddress
 .text.USBD_LL_Transmit
                0x08003d7c       0x1c ../../libs/libDaisy/build\libdaisy.a(usbd_conf.o)
                0x08003d7c                USBD_LL_Transmit
 .text.USBD_LL_PrepareReceive
                0x08003d98       0x1c ../../libs/libDaisy/build\libdaisy.a(usbd_conf.o)
                0x08003d98                USBD_LL_PrepareReceive
 .text.HAL_HCD_SOF_Callback
                0x08003db4        0x8 ../../libs/libDaisy/build\libdaisy.a(usbh_conf.o)
                0x08003db4                HAL_HCD_SOF_Callback
 .text.HAL_HCD_Connect_Callback
                0x08003dbc        0x8 ../../libs/libDaisy/build\libdaisy.a(usbh_conf.o)
                0x08003dbc                HAL_HCD_Connect_Callback
 .text.HAL_HCD_Disconnect_Callback
                0x08003dc4        0x8 ../../libs/libDaisy/build\libdaisy.a(usbh_conf.o)
                0x08003dc4                HAL_HCD_Disconnect_Callback
 .text.HAL_HCD_HC_NotifyURBChange_Callback
                0x08003dcc        0x4 ../../libs/libDaisy/build\libdaisy.a(usbh_conf.o)
                0x08003dcc                HAL_HCD_HC_NotifyURBChange_Callback
 .text.HAL_HCD_PortEnabled_Callback
                0x08003dd0        0x8 ../../libs/libDaisy/build\libdaisy.a(usbh_conf.o)
                0x08003dd0                HAL_HCD_PortEnabled_Callback
 .text.HAL_HCD_PortDisabled_Callback
                0x08003dd8        0x8 ../../libs/libDaisy/build\libdaisy.a(usbh_conf.o)
                0x08003dd8                HAL_HCD_PortDisabled_Callback
 .text.USBH_LL_Stop
                0x08003de0       0x1c ../../libs/libDaisy/build\libdaisy.a(usbh_conf.o)
                0x08003de0                USBH_LL_Stop
 .text.HAL_MspInit
                0x08003dfc        0x4 ../../libs/libDaisy/build\libdaisy.a(stm32h7xx_hal.o)
                0x08003dfc                HAL_MspInit
 .text.HAL_InitTick
                0x08003e00       0x4c ../../libs/libDaisy/build\libdaisy.a(stm32h7xx_hal.o)
                0x08003e00                HAL_InitTick
 .text.HAL_Init
                0x08003e4c       0x60 ../../libs/libDaisy/build\libdaisy.a(stm32h7xx_hal.o)
                0x08003e4c                HAL_Init
 .text.HAL_IncTick
                0x08003eac       0x18 ../../libs/libDaisy/build\libdaisy.a(stm32h7xx_hal.o)
                0x08003eac                HAL_IncTick
 .text.HAL_GetTick
                0x08003ec4        0xc ../../libs/libDaisy/build\libdaisy.a(stm32h7xx_hal.o)
                0x08003ec4                HAL_GetTick
 .text.HAL_Delay
                0x08003ed0       0x24 ../../libs/libDaisy/build\libdaisy.a(stm32h7xx_hal.o)
                0x08003ed0                HAL_Delay
 .text.HAL_GetREVID
                0x08003ef4        0xc ../../libs/libDaisy/build\libdaisy.a(stm32h7xx_hal.o)
                0x08003ef4                HAL_GetREVID
 .text.HAL_NVIC_SetPriorityGrouping
                0x08003f00       0x24 ../../libs/libDaisy/build\libdaisy.a(stm32h7xx_hal_cortex.o)
                0x08003f00                HAL_NVIC_SetPriorityGrouping
 .text.HAL_NVIC_SetPriority
                0x08003f24       0x7c ../../libs/libDaisy/build\libdaisy.a(stm32h7xx_hal_cortex.o)
                0x08003f24                HAL_NVIC_SetPriority
 .text.HAL_NVIC_EnableIRQ
                0x08003fa0       0x1c ../../libs/libDaisy/build\libdaisy.a(stm32h7xx_hal_cortex.o)
                0x08003fa0                HAL_NVIC_EnableIRQ
 .text.HAL_NVIC_DisableIRQ
                0x08003fbc       0x28 ../../libs/libDaisy/build\libdaisy.a(stm32h7xx_hal_cortex.o)
                0x08003fbc                HAL_NVIC_DisableIRQ
 .text.HAL_SYSTICK_Config
                0x08003fe4       0x2c ../../libs/libDaisy/build\libdaisy.a(stm32h7xx_hal_cortex.o)
                0x08003fe4                HAL_SYSTICK_Config
 .text.HAL_MPU_Disable
                0x08004010       0x1c ../../libs/libDaisy/build\libdaisy.a(stm32h7xx_hal_cortex.o)
                0x08004010                HAL_MPU_Disable
 .text.HAL_MPU_Enable
                0x0800402c       0x20 ../../libs/libDaisy/build\libdaisy.a(stm32h7xx_hal_cortex.o)
                0x0800402c                HAL_MPU_Enable
 .text.HAL_MPU_ConfigRegion
                0x0800404c       0x64 ../../libs/libDaisy/build\libdaisy.a(stm32h7xx_hal_cortex.o)
                0x0800404c                HAL_MPU_ConfigRegion
 .text.HAL_SYSTICK_Callback
                0x080040b0        0x4 ../../libs/libDaisy/build\libdaisy.a(stm32h7xx_hal_cortex.o)
                0x080040b0                HAL_SYSTICK_Callback
 .text.HAL_SYSTICK_IRQHandler
                0x080040b4        0x8 ../../libs/libDaisy/build\libdaisy.a(stm32h7xx_hal_cortex.o)
                0x080040b4                HAL_SYSTICK_IRQHandler
 .text.DMA_CalcBaseAndBitshift
                0x080040bc       0xf4 ../../libs/libDaisy/build\libdaisy.a(stm32h7xx_hal_dma.o)
 .text.DMA_CalcDMAMUXChannelBaseAndMask
                0x080041b0       0xd8 ../../libs/libDaisy/build\libdaisy.a(stm32h7xx_hal_dma.o)
 .text.HAL_DMA_Init
                0x08004288      0x4dc ../../libs/libDaisy/build\libdaisy.a(stm32h7xx_hal_dma.o)
                0x08004288                HAL_DMA_Init
 .text.HAL_DMA_Start_IT
                0x08004764      0x344 ../../libs/libDaisy/build\libdaisy.a(stm32h7xx_hal_dma.o)
                0x08004764                HAL_DMA_Start_IT
 .text.HAL_DMA_Abort
                0x08004aa8      0x2f0 ../../libs/libDaisy/build\libdaisy.a(stm32h7xx_hal_dma.o)
                0x08004aa8                HAL_DMA_Abort
 .text.HAL_DMA_Abort_IT
                0x08004d98      0x194 ../../libs/libDaisy/build\libdaisy.a(stm32h7xx_hal_dma.o)
                0x08004d98                HAL_DMA_Abort_IT
 .text.HAL_DMA_IRQHandler
                0x08004f2c      0x6a0 ../../libs/libDaisy/build\libdaisy.a(stm32h7xx_hal_dma.o)
                0x08004f2c                HAL_DMA_IRQHandler
 .text.HAL_DMA_GetError
                0x080055cc        0x4 ../../libs/libDaisy/build\libdaisy.a(stm32h7xx_hal_dma.o)
                0x080055cc                HAL_DMA_GetError
 .text.HAL_GPIO_Init
                0x080055d0      0x274 ../../libs/libDaisy/build\libdaisy.a(stm32h7xx_hal_gpio.o)
                0x080055d0                HAL_GPIO_Init
 .text.HAL_GPIO_DeInit
                0x08005844      0x190 ../../libs/libDaisy/build\libdaisy.a(stm32h7xx_hal_gpio.o)
                0x08005844                HAL_GPIO_DeInit
 .text.HAL_GPIO_ReadPin
                0x080059d4        0xc ../../libs/libDaisy/build\libdaisy.a(stm32h7xx_hal_gpio.o)
                0x080059d4                HAL_GPIO_ReadPin
 .text.HAL_GPIO_WritePin
                0x080059e0        0x8 ../../libs/libDaisy/build\libdaisy.a(stm32h7xx_hal_gpio.o)
                0x080059e0                HAL_GPIO_WritePin
 .text.HAL_HCD_IRQHandler
                0x080059e8      0x8f4 ../../libs/libDaisy/build\libdaisy.a(stm32h7xx_hal_hcd.o)
                0x080059e8                HAL_HCD_IRQHandler
 .text.HAL_HCD_Stop
                0x080062dc       0x28 ../../libs/libDaisy/build\libdaisy.a(stm32h7xx_hal_hcd.o)
                0x080062dc                HAL_HCD_Stop
 .text.I2C_WaitOnTXISFlagUntilTimeout
                0x08006304      0x16c ../../libs/libDaisy/build\libdaisy.a(stm32h7xx_hal_i2c.o)
 .text.I2C_WaitOnSTOPFlagUntilTimeout
                0x08006470      0x168 ../../libs/libDaisy/build\libdaisy.a(stm32h7xx_hal_i2c.o)
 .text.HAL_I2C_Init
                0x080065d8       0xac ../../libs/libDaisy/build\libdaisy.a(stm32h7xx_hal_i2c.o)
                0x080065d8                HAL_I2C_Init
 .text.HAL_I2C_Master_Transmit
                0x08006684      0x37c ../../libs/libDaisy/build\libdaisy.a(stm32h7xx_hal_i2c.o)
                0x08006684                HAL_I2C_Master_Transmit
 .text.HAL_I2C_Slave_Transmit
                0x08006a00      0x254 ../../libs/libDaisy/build\libdaisy.a(stm32h7xx_hal_i2c.o)
                0x08006a00                HAL_I2C_Slave_Transmit
 .text.HAL_I2C_EV_IRQHandler
                0x08006c54       0x10 ../../libs/libDaisy/build\libdaisy.a(stm32h7xx_hal_i2c.o)
                0x08006c54                HAL_I2C_EV_IRQHandler
 .text.HAL_I2C_GetState
                0x08006c64        0x8 ../../libs/libDaisy/build\libdaisy.a(stm32h7xx_hal_i2c.o)
                0x08006c64                HAL_I2C_GetState
 .text.HAL_I2CEx_ConfigAnalogFilter
                0x08006c6c       0x54 ../../libs/libDaisy/build\libdaisy.a(stm32h7xx_hal_i2c_ex.o)
                0x08006c6c                HAL_I2CEx_ConfigAnalogFilter
 .text.HAL_I2CEx_ConfigDigitalFilter
                0x08006cc0       0x58 ../../libs/libDaisy/build\libdaisy.a(stm32h7xx_hal_i2c_ex.o)
                0x08006cc0                HAL_I2CEx_ConfigDigitalFilter
 .text.HAL_PCD_IRQHandler
                0x08006d18      0xb48 ../../libs/libDaisy/build\libdaisy.a(stm32h7xx_hal_pcd.o)
                0x08006d18                HAL_PCD_IRQHandler
 .text.HAL_PCD_SetAddress
                0x08007860       0x2c ../../libs/libDaisy/build\libdaisy.a(stm32h7xx_hal_pcd.o)
                0x08007860                HAL_PCD_SetAddress
 .text.HAL_PCD_EP_Open
                0x0800788c       0x7c ../../libs/libDaisy/build\libdaisy.a(stm32h7xx_hal_pcd.o)
                0x0800788c                HAL_PCD_EP_Open
 .text.HAL_PCD_EP_Receive
                0x08007908       0x44 ../../libs/libDaisy/build\libdaisy.a(stm32h7xx_hal_pcd.o)
                0x08007908                HAL_PCD_EP_Receive
 .text.HAL_PCD_EP_Transmit
                0x0800794c       0x44 ../../libs/libDaisy/build\libdaisy.a(stm32h7xx_hal_pcd.o)
                0x0800794c                HAL_PCD_EP_Transmit
 .text.HAL_PCD_EP_SetStall
                0x08007990       0x88 ../../libs/libDaisy/build\libdaisy.a(stm32h7xx_hal_pcd.o)
                0x08007990                HAL_PCD_EP_SetStall
 .text.HAL_PCD_EP_ClrStall
                0x08007a18       0x78 ../../libs/libDaisy/build\libdaisy.a(stm32h7xx_hal_pcd.o)
                0x08007a18                HAL_PCD_EP_ClrStall
 .text.HAL_PCDEx_LPM_Callback
                0x08007a90        0x4 ../../libs/libDaisy/build\libdaisy.a(stm32h7xx_hal_pcd_ex.o)
                0x08007a90                HAL_PCDEx_LPM_Callback
 .text.HAL_PWREx_ConfigSupply
                0x08007a94       0x48 ../../libs/libDaisy/build\libdaisy.a(stm32h7xx_hal_pwr_ex.o)
                0x08007a94                HAL_PWREx_ConfigSupply
 .text.HAL_PWREx_EnableUSBVoltageDetector
                0x08007adc       0x10 ../../libs/libDaisy/build\libdaisy.a(stm32h7xx_hal_pwr_ex.o)
                0x08007adc                HAL_PWREx_EnableUSBVoltageDetector
 .text.QSPI_Config
                0x08007aec      0x174 ../../libs/libDaisy/build\libdaisy.a(stm32h7xx_hal_qspi.o)
 .text.HAL_QSPI_Init
                0x08007c60       0xb8 ../../libs/libDaisy/build\libdaisy.a(stm32h7xx_hal_qspi.o)
                0x08007c60                HAL_QSPI_Init
 .text.HAL_QSPI_DeInit
                0x08007d18       0x24 ../../libs/libDaisy/build\libdaisy.a(stm32h7xx_hal_qspi.o)
                0x08007d18                HAL_QSPI_DeInit
 .text.HAL_QSPI_Command
                0x08007d3c       0xd4 ../../libs/libDaisy/build\libdaisy.a(stm32h7xx_hal_qspi.o)
                0x08007d3c                HAL_QSPI_Command
 .text.HAL_QSPI_Transmit
                0x08007e10       0xfc ../../libs/libDaisy/build\libdaisy.a(stm32h7xx_hal_qspi.o)
                0x08007e10                HAL_QSPI_Transmit
 .text.HAL_QSPI_Receive
                0x08007f0c      0x108 ../../libs/libDaisy/build\libdaisy.a(stm32h7xx_hal_qspi.o)
                0x08007f0c                HAL_QSPI_Receive
 .text.HAL_QSPI_AutoPolling
                0x08008014       0xf0 ../../libs/libDaisy/build\libdaisy.a(stm32h7xx_hal_qspi.o)
                0x08008014                HAL_QSPI_AutoPolling
 .text.HAL_QSPI_MemoryMapped
                0x08008104       0xc0 ../../libs/libDaisy/build\libdaisy.a(stm32h7xx_hal_qspi.o)
                0x08008104                HAL_QSPI_MemoryMapped
 .text.HAL_QSPI_ErrorCallback
                0x080081c4        0x4 ../../libs/libDaisy/build\libdaisy.a(stm32h7xx_hal_qspi.o)
                0x080081c4                HAL_QSPI_ErrorCallback
 .text.QSPI_DMAAbortCplt
                0x080081c8       0x38 ../../libs/libDaisy/build\libdaisy.a(stm32h7xx_hal_qspi.o)
 .text.HAL_QSPI_AbortCpltCallback
                0x08008200        0x4 ../../libs/libDaisy/build\libdaisy.a(stm32h7xx_hal_qspi.o)
                0x08008200                HAL_QSPI_AbortCpltCallback
 .text.HAL_QSPI_CmdCpltCallback
                0x08008204        0x4 ../../libs/libDaisy/build\libdaisy.a(stm32h7xx_hal_qspi.o)
                0x08008204                HAL_QSPI_CmdCpltCallback
 .text.HAL_QSPI_RxCpltCallback
                0x08008208        0x4 ../../libs/libDaisy/build\libdaisy.a(stm32h7xx_hal_qspi.o)
                0x08008208                HAL_QSPI_RxCpltCallback
 .text.HAL_QSPI_TxCpltCallback
                0x0800820c        0x4 ../../libs/libDaisy/build\libdaisy.a(stm32h7xx_hal_qspi.o)
                0x0800820c                HAL_QSPI_TxCpltCallback
 .text.HAL_QSPI_FifoThresholdCallback
                0x08008210        0x4 ../../libs/libDaisy/build\libdaisy.a(stm32h7xx_hal_qspi.o)
                0x08008210                HAL_QSPI_FifoThresholdCallback
 .text.HAL_QSPI_StatusMatchCallback
                0x08008214        0x4 ../../libs/libDaisy/build\libdaisy.a(stm32h7xx_hal_qspi.o)
                0x08008214                HAL_QSPI_StatusMatchCallback
 .text.HAL_QSPI_TimeOutCallback
                0x08008218        0x4 ../../libs/libDaisy/build\libdaisy.a(stm32h7xx_hal_qspi.o)
                0x08008218                HAL_QSPI_TimeOutCallback
 .text.HAL_QSPI_IRQHandler
                0x0800821c      0x210 ../../libs/libDaisy/build\libdaisy.a(stm32h7xx_hal_qspi.o)
                0x0800821c                HAL_QSPI_IRQHandler
 .text.HAL_RCC_GetSysClockFreq.part.0
                0x0800842c      0x130 ../../libs/libDaisy/build\libdaisy.a(stm32h7xx_hal_rcc.o)
 .text.HAL_RCC_OscConfig
                0x0800855c      0x5f4 ../../libs/libDaisy/build\libdaisy.a(stm32h7xx_hal_rcc.o)
                0x0800855c                HAL_RCC_OscConfig
 .text.HAL_RCC_GetSysClockFreq
                0x08008b50      0x140 ../../libs/libDaisy/build\libdaisy.a(stm32h7xx_hal_rcc.o)
                0x08008b50                HAL_RCC_GetSysClockFreq
 .text.HAL_RCC_ClockConfig
                0x08008c90      0x250 ../../libs/libDaisy/build\libdaisy.a(stm32h7xx_hal_rcc.o)
                0x08008c90                HAL_RCC_ClockConfig
 .text.HAL_RCC_GetHCLKFreq
                0x08008ee0       0x80 ../../libs/libDaisy/build\libdaisy.a(stm32h7xx_hal_rcc.o)
                0x08008ee0                HAL_RCC_GetHCLKFreq
 .text.HAL_RCC_GetPCLK1Freq
                0x08008f60       0x90 ../../libs/libDaisy/build\libdaisy.a(stm32h7xx_hal_rcc.o)
                0x08008f60                HAL_RCC_GetPCLK1Freq
 .text.HAL_RCC_GetPCLK2Freq
                0x08008ff0       0x90 ../../libs/libDaisy/build\libdaisy.a(stm32h7xx_hal_rcc.o)
                0x08008ff0                HAL_RCC_GetPCLK2Freq
 .text.RCCEx_PLL2_Config
                0x08009080       0xf4 ../../libs/libDaisy/build\libdaisy.a(stm32h7xx_hal_rcc_ex.o)
 .text.RCCEx_PLL3_Config
                0x08009174       0xf4 ../../libs/libDaisy/build\libdaisy.a(stm32h7xx_hal_rcc_ex.o)
 .text.HAL_RCCEx_PeriphCLKConfig
                0x08009268      0xbf8 ../../libs/libDaisy/build\libdaisy.a(stm32h7xx_hal_rcc_ex.o)
                0x08009268                HAL_RCCEx_PeriphCLKConfig
 .text.HAL_RCCEx_GetD3PCLK1Freq
                0x08009e60       0x24 ../../libs/libDaisy/build\libdaisy.a(stm32h7xx_hal_rcc_ex.o)
                0x08009e60                HAL_RCCEx_GetD3PCLK1Freq
 .text.HAL_RCCEx_GetPLL2ClockFreq
                0x08009e84      0x17c ../../libs/libDaisy/build\libdaisy.a(stm32h7xx_hal_rcc_ex.o)
                0x08009e84                HAL_RCCEx_GetPLL2ClockFreq
 .text.HAL_RCCEx_GetPLL3ClockFreq
                0x0800a000      0x17c ../../libs/libDaisy/build\libdaisy.a(stm32h7xx_hal_rcc_ex.o)
                0x0800a000                HAL_RCCEx_GetPLL3ClockFreq
 .text.HAL_RCCEx_GetPLL1ClockFreq
                0x0800a17c      0x18c ../../libs/libDaisy/build\libdaisy.a(stm32h7xx_hal_rcc_ex.o)
                0x0800a17c                HAL_RCCEx_GetPLL1ClockFreq
 .text.HAL_RCCEx_GetPeriphCLKFreq
                0x0800a308      0x390 ../../libs/libDaisy/build\libdaisy.a(stm32h7xx_hal_rcc_ex.o)
                0x0800a308                HAL_RCCEx_GetPeriphCLKFreq
 .text.HAL_SAI_Init.part.0
                0x0800a698      0x390 ../../libs/libDaisy/build\libdaisy.a(stm32h7xx_hal_sai.o)
 .text.HAL_SAI_InitProtocol
                0x0800aa28      0x174 ../../libs/libDaisy/build\libdaisy.a(stm32h7xx_hal_sai.o)
                0x0800aa28                HAL_SAI_InitProtocol
 .text.HAL_SAI_Transmit_DMA
                0x0800ab9c      0x124 ../../libs/libDaisy/build\libdaisy.a(stm32h7xx_hal_sai.o)
                0x0800ab9c                HAL_SAI_Transmit_DMA
 .text.HAL_SAI_Receive_DMA
                0x0800acc0       0xd0 ../../libs/libDaisy/build\libdaisy.a(stm32h7xx_hal_sai.o)
                0x0800acc0                HAL_SAI_Receive_DMA
 .text.HAL_SAI_TxCpltCallback
                0x0800ad90        0x4 ../../libs/libDaisy/build\libdaisy.a(stm32h7xx_hal_sai.o)
                0x0800ad90                HAL_SAI_TxCpltCallback
 .text.SAI_DMATxCplt
                0x0800ad94       0x64 ../../libs/libDaisy/build\libdaisy.a(stm32h7xx_hal_sai.o)
 .text.HAL_SAI_TxHalfCpltCallback
                0x0800adf8        0x4 ../../libs/libDaisy/build\libdaisy.a(stm32h7xx_hal_sai.o)
                0x0800adf8                HAL_SAI_TxHalfCpltCallback
 .text.SAI_DMATxHalfCplt
                0x0800adfc        0xc ../../libs/libDaisy/build\libdaisy.a(stm32h7xx_hal_sai.o)
 .text.SAI_DMARxCplt
                0x0800ae08       0x64 ../../libs/libDaisy/build\libdaisy.a(stm32h7xx_hal_sai.o)
 .text.SAI_DMARxHalfCplt
                0x0800ae6c        0xc ../../libs/libDaisy/build\libdaisy.a(stm32h7xx_hal_sai.o)
 .text.HAL_SAI_ErrorCallback
                0x0800ae78        0x4 ../../libs/libDaisy/build\libdaisy.a(stm32h7xx_hal_sai.o)
                0x0800ae78                HAL_SAI_ErrorCallback
 .text.SAI_DMAError
                0x0800ae7c       0x6c ../../libs/libDaisy/build\libdaisy.a(stm32h7xx_hal_sai.o)
 .text.HAL_SDRAM_Init
                0x0800aee8       0x54 ../../libs/libDaisy/build\libdaisy.a(stm32h7xx_hal_sdram.o)
                0x0800aee8                HAL_SDRAM_Init
 .text.HAL_SDRAM_SendCommand
                0x0800af3c       0x40 ../../libs/libDaisy/build\libdaisy.a(stm32h7xx_hal_sdram.o)
                0x0800af3c                HAL_SDRAM_SendCommand
 .text.HAL_SDRAM_ProgramRefreshRate
                0x0800af7c       0x30 ../../libs/libDaisy/build\libdaisy.a(stm32h7xx_hal_sdram.o)
                0x0800af7c                HAL_SDRAM_ProgramRefreshRate
 .text.FMC_SDRAM_Init
                0x0800afac       0x7c ../../libs/libDaisy/build\libdaisy.a(stm32h7xx_ll_fmc.o)
                0x0800afac                FMC_SDRAM_Init
 .text.FMC_SDRAM_Timing_Init
                0x0800b028       0x98 ../../libs/libDaisy/build\libdaisy.a(stm32h7xx_ll_fmc.o)
                0x0800b028                FMC_SDRAM_Timing_Init
 .text.FMC_SDRAM_SendCommand
                0x0800b0c0       0x30 ../../libs/libDaisy/build\libdaisy.a(stm32h7xx_ll_fmc.o)
                0x0800b0c0                FMC_SDRAM_SendCommand
 .text.FMC_SDRAM_ProgramRefreshRate
                0x0800b0f0       0x1c ../../libs/libDaisy/build\libdaisy.a(stm32h7xx_ll_fmc.o)
                0x0800b0f0                FMC_SDRAM_ProgramRefreshRate
 .text.USB_SetTurnaroundTime
                0x0800b10c       0xf4 ../../libs/libDaisy/build\libdaisy.a(stm32h7xx_ll_usb.o)
                0x0800b10c                USB_SetTurnaroundTime
 .text.USB_FlushTxFifo
                0x0800b200       0x54 ../../libs/libDaisy/build\libdaisy.a(stm32h7xx_ll_usb.o)
                0x0800b200                USB_FlushTxFifo
 .text.USB_FlushRxFifo
                0x0800b254       0x50 ../../libs/libDaisy/build\libdaisy.a(stm32h7xx_ll_usb.o)
                0x0800b254                USB_FlushRxFifo
 .text.USB_GetDevSpeed
                0x0800b2a4       0x18 ../../libs/libDaisy/build\libdaisy.a(stm32h7xx_ll_usb.o)
                0x0800b2a4                USB_GetDevSpeed
 .text.USB_ActivateEndpoint
                0x0800b2bc       0x90 ../../libs/libDaisy/build\libdaisy.a(stm32h7xx_ll_usb.o)
                0x0800b2bc                USB_ActivateEndpoint
 .text.USB_EPStartXfer
                0x0800b34c      0x288 ../../libs/libDaisy/build\libdaisy.a(stm32h7xx_ll_usb.o)
                0x0800b34c                USB_EPStartXfer
 .text.USB_EPStopXfer
                0x0800b5d4       0x88 ../../libs/libDaisy/build\libdaisy.a(stm32h7xx_ll_usb.o)
                0x0800b5d4                USB_EPStopXfer
 .text.USB_WritePacket
                0x0800b65c       0x2c ../../libs/libDaisy/build\libdaisy.a(stm32h7xx_ll_usb.o)
                0x0800b65c                USB_WritePacket
 .text.USB_ReadPacket
                0x0800b688       0x4c ../../libs/libDaisy/build\libdaisy.a(stm32h7xx_ll_usb.o)
                0x0800b688                USB_ReadPacket
 .text.USB_EPSetStall
                0x0800b6d4       0x68 ../../libs/libDaisy/build\libdaisy.a(stm32h7xx_ll_usb.o)
                0x0800b6d4                USB_EPSetStall
 .text.USB_EPClearStall
                0x0800b73c       0x58 ../../libs/libDaisy/build\libdaisy.a(stm32h7xx_ll_usb.o)
                0x0800b73c                USB_EPClearStall
 .text.USB_SetDevAddress
                0x0800b794       0x24 ../../libs/libDaisy/build\libdaisy.a(stm32h7xx_ll_usb.o)
                0x0800b794                USB_SetDevAddress
 .text.USB_ReadInterrupts
                0x0800b7b8        0x8 ../../libs/libDaisy/build\libdaisy.a(stm32h7xx_ll_usb.o)
                0x0800b7b8                USB_ReadInterrupts
 .text.USB_ReadChInterrupts
                0x0800b7c0       0x10 ../../libs/libDaisy/build\libdaisy.a(stm32h7xx_ll_usb.o)
                0x0800b7c0                USB_ReadChInterrupts
 .text.USB_ReadDevAllOutEpInterrupt
                0x0800b7d0       0x10 ../../libs/libDaisy/build\libdaisy.a(stm32h7xx_ll_usb.o)
                0x0800b7d0                USB_ReadDevAllOutEpInterrupt
 .text.USB_ReadDevAllInEpInterrupt
                0x0800b7e0       0x10 ../../libs/libDaisy/build\libdaisy.a(stm32h7xx_ll_usb.o)
                0x0800b7e0                USB_ReadDevAllInEpInterrupt
 .text.USB_ReadDevOutEPInterrupt
                0x0800b7f0       0x14 ../../libs/libDaisy/build\libdaisy.a(stm32h7xx_ll_usb.o)
                0x0800b7f0                USB_ReadDevOutEPInterrupt
 .text.USB_ReadDevInEPInterrupt
                0x0800b804       0x20 ../../libs/libDaisy/build\libdaisy.a(stm32h7xx_ll_usb.o)
                0x0800b804                USB_ReadDevInEPInterrupt
 .text.USB_GetMode
                0x0800b824        0x8 ../../libs/libDaisy/build\libdaisy.a(stm32h7xx_ll_usb.o)
                0x0800b824                USB_GetMode
 .text.USB_ActivateSetup
                0x0800b82c       0x2c ../../libs/libDaisy/build\libdaisy.a(stm32h7xx_ll_usb.o)
                0x0800b82c                USB_ActivateSetup
 .text.USB_EP0_OutStart
                0x0800b858       0x58 ../../libs/libDaisy/build\libdaisy.a(stm32h7xx_ll_usb.o)
                0x0800b858                USB_EP0_OutStart
 .text.USB_InitFSLSPClkSel
                0x0800b8b0       0x44 ../../libs/libDaisy/build\libdaisy.a(stm32h7xx_ll_usb.o)
                0x0800b8b0                USB_InitFSLSPClkSel
 .text.USB_HC_ReadInterrupt
                0x0800b8f4        0x8 ../../libs/libDaisy/build\libdaisy.a(stm32h7xx_ll_usb.o)
                0x0800b8f4                USB_HC_ReadInterrupt
 .text.USB_HC_Halt
                0x0800b8fc       0xe4 ../../libs/libDaisy/build\libdaisy.a(stm32h7xx_ll_usb.o)
                0x0800b8fc                USB_HC_Halt
 .text.USB_StopHost
                0x0800b9e0      0x1e4 ../../libs/libDaisy/build\libdaisy.a(stm32h7xx_ll_usb.o)
                0x0800b9e0                USB_StopHost
 .text.USBD_SetClassConfig
                0x0800bbc4       0x10 ../../libs/libDaisy/build\libdaisy.a(usbd_core.o)
                0x0800bbc4                USBD_SetClassConfig
 .text.USBD_ClrClassConfig
                0x0800bbd4       0x14 ../../libs/libDaisy/build\libdaisy.a(usbd_core.o)
                0x0800bbd4                USBD_ClrClassConfig
 .text.USBD_LL_SetupStage
                0x0800bbe8       0x60 ../../libs/libDaisy/build\libdaisy.a(usbd_core.o)
                0x0800bbe8                USBD_LL_SetupStage
 .text.USBD_LL_DataOutStage
                0x0800bc48       0x74 ../../libs/libDaisy/build\libdaisy.a(usbd_core.o)
                0x0800bc48                USBD_LL_DataOutStage
 .text.USBD_LL_DataInStage
                0x0800bcbc       0xc0 ../../libs/libDaisy/build\libdaisy.a(usbd_core.o)
                0x0800bcbc                USBD_LL_DataInStage
 .text.USBD_LL_Reset
                0x0800bd7c       0x5c ../../libs/libDaisy/build\libdaisy.a(usbd_core.o)
                0x0800bd7c                USBD_LL_Reset
 .text.USBD_LL_SetSpeed
                0x0800bdd8        0x8 ../../libs/libDaisy/build\libdaisy.a(usbd_core.o)
                0x0800bdd8                USBD_LL_SetSpeed
 .text.USBD_LL_Suspend
                0x0800bde0       0x20 ../../libs/libDaisy/build\libdaisy.a(usbd_core.o)
                0x0800bde0                USBD_LL_Suspend
 .text.USBD_LL_Resume
                0x0800be00       0x18 ../../libs/libDaisy/build\libdaisy.a(usbd_core.o)
                0x0800be00                USBD_LL_Resume
 .text.USBD_LL_SOF
                0x0800be18       0x20 ../../libs/libDaisy/build\libdaisy.a(usbd_core.o)
                0x0800be18                USBD_LL_SOF
 .text.USBD_LL_IsoINIncomplete
                0x0800be38       0x2c ../../libs/libDaisy/build\libdaisy.a(usbd_core.o)
                0x0800be38                USBD_LL_IsoINIncomplete
 .text.USBD_LL_IsoOUTIncomplete
                0x0800be64       0x2c ../../libs/libDaisy/build\libdaisy.a(usbd_core.o)
                0x0800be64                USBD_LL_IsoOUTIncomplete
 .text.USBD_LL_DevConnected
                0x0800be90        0x4 ../../libs/libDaisy/build\libdaisy.a(usbd_core.o)
                0x0800be90                USBD_LL_DevConnected
 .text.USBD_LL_DevDisconnected
                0x0800be94       0x24 ../../libs/libDaisy/build\libdaisy.a(usbd_core.o)
                0x0800be94                USBD_LL_DevDisconnected
 .text.USBD_CoreFindIF
                0x0800beb8        0x4 ../../libs/libDaisy/build\libdaisy.a(usbd_core.o)
                0x0800beb8                USBD_CoreFindIF
 .text.USBD_CoreFindEP
                0x0800bebc        0x4 ../../libs/libDaisy/build\libdaisy.a(usbd_core.o)
                0x0800bebc                USBD_CoreFindEP
 .text.USBD_StdDevReq
                0x0800bec0      0x360 ../../libs/libDaisy/build\libdaisy.a(usbd_ctlreq.o)
                0x0800bec0                USBD_StdDevReq
 .text.USBD_StdItfReq
                0x0800c220       0x84 ../../libs/libDaisy/build\libdaisy.a(usbd_ctlreq.o)
                0x0800c220                USBD_StdItfReq
 .text.USBD_StdEPReq
                0x0800c2a4      0x160 ../../libs/libDaisy/build\libdaisy.a(usbd_ctlreq.o)
                0x0800c2a4                USBD_StdEPReq
 .text.USBD_ParseSetupRequest
                0x0800c404       0x18 ../../libs/libDaisy/build\libdaisy.a(usbd_ctlreq.o)
                0x0800c404                USBD_ParseSetupRequest
 .text.USBD_CtlSendData
                0x0800c41c       0x1c ../../libs/libDaisy/build\libdaisy.a(usbd_ioreq.o)
                0x0800c41c                USBD_CtlSendData
 .text.USBD_CtlContinueSendData
                0x0800c438       0x14 ../../libs/libDaisy/build\libdaisy.a(usbd_ioreq.o)
                0x0800c438                USBD_CtlContinueSendData
 .text.USBD_CtlContinueRx
                0x0800c44c       0x14 ../../libs/libDaisy/build\libdaisy.a(usbd_ioreq.o)
                0x0800c44c                USBD_CtlContinueRx
 .text.USBD_CtlSendStatus
                0x0800c460       0x18 ../../libs/libDaisy/build\libdaisy.a(usbd_ioreq.o)
                0x0800c460                USBD_CtlSendStatus
 .text.USBD_CtlReceiveStatus
                0x0800c478       0x18 ../../libs/libDaisy/build\libdaisy.a(usbd_ioreq.o)
                0x0800c478                USBD_CtlReceiveStatus
 .text.USBH_LL_IncTimer
                0x0800c490       0x20 ../../libs/libDaisy/build\libdaisy.a(usbh_core.o)
                0x0800c490                USBH_LL_IncTimer
 .text.USBH_LL_PortEnabled
                0x0800c4b0        0x8 ../../libs/libDaisy/build\libdaisy.a(usbh_core.o)
                0x0800c4b0                USBH_LL_PortEnabled
 .text.USBH_LL_PortDisabled
                0x0800c4b8        0x8 ../../libs/libDaisy/build\libdaisy.a(usbh_core.o)
                0x0800c4b8                USBH_LL_PortDisabled
 .text.USBH_LL_Connect
                0x0800c4c0       0x18 ../../libs/libDaisy/build\libdaisy.a(usbh_core.o)
                0x0800c4c0                USBH_LL_Connect
 .text.USBH_LL_Disconnect
                0x0800c4d8       0x2c ../../libs/libDaisy/build\libdaisy.a(usbh_core.o)
                0x0800c4d8                USBH_LL_Disconnect
 .text.USBH_FreePipe
                0x0800c504       0x18 ../../libs/libDaisy/build\libdaisy.a(usbh_pipes.o)
                0x0800c504                USBH_FreePipe
 .text._ZN5daisy6Random4InitEv
                0x0800c51c       0x3c ../../libs/libDaisy/build\libdaisy.a(rng.o)
                0x0800c51c                daisy::Random::Init()
 .text._ZN5daisy9SpiHandle4Impl7InitDmaEv
                0x0800c558       0xec ../../libs/libDaisy/build\libdaisy.a(spi.o)
                0x0800c558                daisy::SpiHandle::Impl::InitDma()
 .text._ZN5daisy9SpiHandle4Impl10StartDmaTxEPhjPFvPvEPFvS3_NS0_6ResultEES3_
                0x0800c644       0xc8 ../../libs/libDaisy/build\libdaisy.a(spi.o)
                0x0800c644                daisy::SpiHandle::Impl::StartDmaTx(unsigned char*, unsigned int, void (*)(void*), void (*)(void*, daisy::SpiHandle::Result), void*)
 .text._ZN5daisy9SpiHandle4Impl10StartDmaRxEPhjPFvPvEPFvS3_NS0_6ResultEES3_
                0x0800c70c       0xc8 ../../libs/libDaisy/build\libdaisy.a(spi.o)
                0x0800c70c                daisy::SpiHandle::Impl::StartDmaRx(unsigned char*, unsigned int, void (*)(void*), void (*)(void*, daisy::SpiHandle::Result), void*)
 .text._ZN5daisy9SpiHandle4Impl12StartDmaRxTxEPhS2_jPFvPvEPFvS3_NS0_6ResultEES3_
                0x0800c7d4       0xcc ../../libs/libDaisy/build\libdaisy.a(spi.o)
                0x0800c7d4                daisy::SpiHandle::Impl::StartDmaRxTx(unsigned char*, unsigned char*, unsigned int, void (*)(void*), void (*)(void*, daisy::SpiHandle::Result), void*)
 .text._ZN5daisy9SpiHandle4Impl8InitPinsEv
                0x0800c8a0      0x25c ../../libs/libDaisy/build\libdaisy.a(spi.o)
                0x0800c8a0                daisy::SpiHandle::Impl::InitPins()
 .text.HAL_SPI_MspInit
                0x0800cafc      0x6e8 ../../libs/libDaisy/build\libdaisy.a(spi.o)
                0x0800cafc                HAL_SPI_MspInit
 .text.dsy_spi_global_init
                0x0800d1e4       0x80 ../../libs/libDaisy/build\libdaisy.a(spi.o)
                0x0800d1e4                dsy_spi_global_init
 .text.SPI1_IRQHandler
                0x0800d264        0xc ../../libs/libDaisy/build\libdaisy.a(spi.o)
                0x0800d264                SPI1_IRQHandler
 .text.SPI2_IRQHandler
                0x0800d270        0xc ../../libs/libDaisy/build\libdaisy.a(spi.o)
                0x0800d270                SPI2_IRQHandler
 .text.SPI3_IRQHandler
                0x0800d27c        0xc ../../libs/libDaisy/build\libdaisy.a(spi.o)
                0x0800d27c                SPI3_IRQHandler
 .text.SPI4_IRQHandler
                0x0800d288        0xc ../../libs/libDaisy/build\libdaisy.a(spi.o)
                0x0800d288                SPI4_IRQHandler
 .text.SPI5_IRQHandler
                0x0800d294        0xc ../../libs/libDaisy/build\libdaisy.a(spi.o)
                0x0800d294                SPI5_IRQHandler
 .text.DMA2_Stream2_IRQHandler
                0x0800d2a0       0x34 ../../libs/libDaisy/build\libdaisy.a(spi.o)
                0x0800d2a0                DMA2_Stream2_IRQHandler
 .text.DMA2_Stream3_IRQHandler
                0x0800d2d4       0x38 ../../libs/libDaisy/build\libdaisy.a(spi.o)
                0x0800d2d4                DMA2_Stream3_IRQHandler
 .text.HAL_SPI_TxCpltCallback
                0x0800d30c       0xc4 ../../libs/libDaisy/build\libdaisy.a(spi.o)
                0x0800d30c                HAL_SPI_TxCpltCallback
 .text.HAL_SPI_RxCpltCallback
                0x0800d3d0       0xc4 ../../libs/libDaisy/build\libdaisy.a(spi.o)
                0x0800d3d0                HAL_SPI_RxCpltCallback
 .text.HAL_SPI_TxRxCpltCallback
                0x0800d494       0xc4 ../../libs/libDaisy/build\libdaisy.a(spi.o)
                0x0800d494                HAL_SPI_TxRxCpltCallback
 .text.HAL_SPI_ErrorCallback
                0x0800d558       0xc8 ../../libs/libDaisy/build\libdaisy.a(spi.o)
                0x0800d558                HAL_SPI_ErrorCallback
 .text.startup._GLOBAL__sub_I__Z19MapInstanceToHandleP11SPI_TypeDef
                0x0800d620      0x1d8 ../../libs/libDaisy/build\libdaisy.a(spi.o)
 .text.HAL_TIM_Base_MspInit
                0x0800d7f8      0x1e0 ../../libs/libDaisy/build\libdaisy.a(tim.o)
                0x0800d7f8                HAL_TIM_Base_MspInit
 .text.HAL_TIM_PeriodElapsedCallback
                0x0800d9d8       0x44 ../../libs/libDaisy/build\libdaisy.a(tim.o)
                0x0800d9d8                HAL_TIM_PeriodElapsedCallback
 .text.TIM2_IRQHandler
                0x0800da1c        0xc ../../libs/libDaisy/build\libdaisy.a(tim.o)
                0x0800da1c                TIM2_IRQHandler
 .text.TIM3_IRQHandler
                0x0800da28        0xc ../../libs/libDaisy/build\libdaisy.a(tim.o)
                0x0800da28                TIM3_IRQHandler
 .text.TIM4_IRQHandler
                0x0800da34        0xc ../../libs/libDaisy/build\libdaisy.a(tim.o)
                0x0800da34                TIM4_IRQHandler
 .text.TIM5_IRQHandler
                0x0800da40        0xc ../../libs/libDaisy/build\libdaisy.a(tim.o)
                0x0800da40                TIM5_IRQHandler
 .text._ZN5daisy11TimerHandle4InitERKNS0_6ConfigE
                0x0800da4c       0xd0 ../../libs/libDaisy/build\libdaisy.a(tim.o)
                0x0800da4c                daisy::TimerHandle::Init(daisy::TimerHandle::Config const&)
 .text._ZN5daisy11TimerHandle5StartEv
                0x0800db1c       0x24 ../../libs/libDaisy/build\libdaisy.a(tim.o)
                0x0800db1c                daisy::TimerHandle::Start()
 .text.startup._GLOBAL__sub_I__ZN5daisy11TimerHandle4Impl4InitERKNS0_6ConfigE
                0x0800db40       0x38 ../../libs/libDaisy/build\libdaisy.a(tim.o)
 .text._ZL20UART_CheckRxListenerPN5daisy11UartHandler4ImplE
                0x0800db78       0x84 ../../libs/libDaisy/build\libdaisy.a(uart.o)
 .text._ZN5daisy11UartHandler4Impl10StartDmaTxEPhjPFvPvEPFvS3_NS0_6ResultEES3_
                0x0800dbfc      0x184 ../../libs/libDaisy/build\libdaisy.a(uart.o)
                0x0800dbfc                daisy::UartHandler::Impl::StartDmaTx(unsigned char*, unsigned int, void (*)(void*), void (*)(void*, daisy::UartHandler::Result), void*)
 .text._ZN5daisy11UartHandler4Impl10StartDmaRxEPhjPFvPvEPFvS3_NS0_6ResultEES3_
                0x0800dd80      0x184 ../../libs/libDaisy/build\libdaisy.a(uart.o)
                0x0800dd80                daisy::UartHandler::Impl::StartDmaRx(unsigned char*, unsigned int, void (*)(void*), void (*)(void*, daisy::UartHandler::Result), void*)
 .text._ZN5daisy11UartHandler4Impl19DmaTransferFinishedEP20__UART_HandleTypeDefNS0_6ResultE
                0x0800df04       0xc0 ../../libs/libDaisy/build\libdaisy.a(uart.o)
                0x0800df04                daisy::UartHandler::Impl::DmaTransferFinished(__UART_HandleTypeDef*, daisy::UartHandler::Result)
 .text._ZN5daisy11UartHandler4Impl8InitPinsEv
                0x0800dfc4      0x148 ../../libs/libDaisy/build\libdaisy.a(uart.o)
                0x0800dfc4                daisy::UartHandler::Impl::InitPins()
 .text.HAL_UART_MspInit
                0x0800e10c      0x4b4 ../../libs/libDaisy/build\libdaisy.a(uart.o)
                0x0800e10c                HAL_UART_MspInit
 .text.dsy_uart_global_init
                0x0800e5c0      0x110 ../../libs/libDaisy/build\libdaisy.a(uart.o)
                0x0800e5c0                dsy_uart_global_init
 .text.USART1_IRQHandler
                0x0800e6d0       0x2c ../../libs/libDaisy/build\libdaisy.a(uart.o)
                0x0800e6d0                USART1_IRQHandler
 .text.USART2_IRQHandler
                0x0800e6fc       0x34 ../../libs/libDaisy/build\libdaisy.a(uart.o)
                0x0800e6fc                USART2_IRQHandler
 .text.USART3_IRQHandler
                0x0800e730       0x34 ../../libs/libDaisy/build\libdaisy.a(uart.o)
                0x0800e730                USART3_IRQHandler
 .text.UART4_IRQHandler
                0x0800e764       0x34 ../../libs/libDaisy/build\libdaisy.a(uart.o)
                0x0800e764                UART4_IRQHandler
 .text.UART5_IRQHandler
                0x0800e798       0x34 ../../libs/libDaisy/build\libdaisy.a(uart.o)
                0x0800e798                UART5_IRQHandler
 .text.USART6_IRQHandler
                0x0800e7cc       0x34 ../../libs/libDaisy/build\libdaisy.a(uart.o)
                0x0800e7cc                USART6_IRQHandler
 .text.UART7_IRQHandler
                0x0800e800       0x34 ../../libs/libDaisy/build\libdaisy.a(uart.o)
                0x0800e800                UART7_IRQHandler
 .text.UART8_IRQHandler
                0x0800e834       0x34 ../../libs/libDaisy/build\libdaisy.a(uart.o)
                0x0800e834                UART8_IRQHandler
 .text.LPUART1_IRQHandler
                0x0800e868       0x34 ../../libs/libDaisy/build\libdaisy.a(uart.o)
                0x0800e868                LPUART1_IRQHandler
 .text.DMA1_Stream5_IRQHandler
                0x0800e89c       0x34 ../../libs/libDaisy/build\libdaisy.a(uart.o)
                0x0800e89c                DMA1_Stream5_IRQHandler
 .text.DMA2_Stream4_IRQHandler
                0x0800e8d0       0x38 ../../libs/libDaisy/build\libdaisy.a(uart.o)
                0x0800e8d0                DMA2_Stream4_IRQHandler
 .text.HAL_UART_TxCpltCallback
                0x0800e908        0x8 ../../libs/libDaisy/build\libdaisy.a(uart.o)
                0x0800e908                HAL_UART_TxCpltCallback
 .text.HAL_UART_RxCpltCallback
                0x0800e910       0x94 ../../libs/libDaisy/build\libdaisy.a(uart.o)
                0x0800e910                HAL_UART_RxCpltCallback
 .text.HAL_UART_RxHalfCpltCallback
                0x0800e9a4       0x90 ../../libs/libDaisy/build\libdaisy.a(uart.o)
                0x0800e9a4                HAL_UART_RxHalfCpltCallback
 .text.HAL_UART_ErrorCallback
                0x0800ea34       0x94 ../../libs/libDaisy/build\libdaisy.a(uart.o)
                0x0800ea34                HAL_UART_ErrorCallback
 .text.startup._GLOBAL__sub_I__Z19MapInstanceToHandleP13USART_TypeDef
                0x0800eac8      0x1b0 ../../libs/libDaisy/build\libdaisy.a(uart.o)
 .text.dsy_dma_init
                0x0800ec78      0x100 ../../libs/libDaisy/build\libdaisy.a(dma.o)
                0x0800ec78                dsy_dma_init
 .text.dsy_dma_invalidate_cache_for_buffer
                0x0800ed78       0x2c ../../libs/libDaisy/build\libdaisy.a(dma.o)
                0x0800ed78                dsy_dma_invalidate_cache_for_buffer
 .text.HAL_MDMA_Abort_IT
                0x0800eda4       0x2c ../../libs/libDaisy/build\libdaisy.a(stm32h7xx_hal_mdma.o)
                0x0800eda4                HAL_MDMA_Abort_IT
 .text.SPI_CloseTransfer
                0x0800edd0       0xb8 ../../libs/libDaisy/build\libdaisy.a(stm32h7xx_hal_spi.o)
 .text.HAL_SPI_Init
                0x0800ee88      0x1a8 ../../libs/libDaisy/build\libdaisy.a(stm32h7xx_hal_spi.o)
                0x0800ee88                HAL_SPI_Init
 .text.HAL_SPI_Transmit_DMA
                0x0800f030      0x180 ../../libs/libDaisy/build\libdaisy.a(stm32h7xx_hal_spi.o)
                0x0800f030                HAL_SPI_Transmit_DMA
 .text.HAL_SPI_Receive_DMA
                0x0800f1b0      0x194 ../../libs/libDaisy/build\libdaisy.a(stm32h7xx_hal_spi.o)
                0x0800f1b0                HAL_SPI_Receive_DMA
 .text.HAL_SPI_TransmitReceive_DMA
                0x0800f344      0x214 ../../libs/libDaisy/build\libdaisy.a(stm32h7xx_hal_spi.o)
                0x0800f344                HAL_SPI_TransmitReceive_DMA
 .text.SPI_DMATransmitCplt
                0x0800f558       0x28 ../../libs/libDaisy/build\libdaisy.a(stm32h7xx_hal_spi.o)
 .text.SPI_DMAReceiveCplt
                0x0800f580       0x28 ../../libs/libDaisy/build\libdaisy.a(stm32h7xx_hal_spi.o)
 .text.SPI_DMATransmitReceiveCplt
                0x0800f5a8       0x28 ../../libs/libDaisy/build\libdaisy.a(stm32h7xx_hal_spi.o)
 .text.HAL_SPI_TxHalfCpltCallback
                0x0800f5d0        0x4 ../../libs/libDaisy/build\libdaisy.a(stm32h7xx_hal_spi.o)
                0x0800f5d0                HAL_SPI_TxHalfCpltCallback
 .text.SPI_DMAHalfTransmitCplt
                0x0800f5d4        0xc ../../libs/libDaisy/build\libdaisy.a(stm32h7xx_hal_spi.o)
 .text.HAL_SPI_RxHalfCpltCallback
                0x0800f5e0        0x4 ../../libs/libDaisy/build\libdaisy.a(stm32h7xx_hal_spi.o)
                0x0800f5e0                HAL_SPI_RxHalfCpltCallback
 .text.SPI_DMAHalfReceiveCplt
                0x0800f5e4        0xc ../../libs/libDaisy/build\libdaisy.a(stm32h7xx_hal_spi.o)
 .text.HAL_SPI_TxRxHalfCpltCallback
                0x0800f5f0        0x4 ../../libs/libDaisy/build\libdaisy.a(stm32h7xx_hal_spi.o)
                0x0800f5f0                HAL_SPI_TxRxHalfCpltCallback
 .text.SPI_DMAHalfTransmitReceiveCplt
                0x0800f5f4        0xc ../../libs/libDaisy/build\libdaisy.a(stm32h7xx_hal_spi.o)
 .text.SPI_DMAError
                0x0800f600       0xd8 ../../libs/libDaisy/build\libdaisy.a(stm32h7xx_hal_spi.o)
 .text.SPI_DMAAbortOnError
                0x0800f6d8       0x1c ../../libs/libDaisy/build\libdaisy.a(stm32h7xx_hal_spi.o)
 .text.HAL_SPI_SuspendCallback
                0x0800f6f4        0x4 ../../libs/libDaisy/build\libdaisy.a(stm32h7xx_hal_spi.o)
                0x0800f6f4                HAL_SPI_SuspendCallback
 .text.HAL_SPI_IRQHandler
                0x0800f6f8      0x214 ../../libs/libDaisy/build\libdaisy.a(stm32h7xx_hal_spi.o)
                0x0800f6f8                HAL_SPI_IRQHandler
 .text.HAL_SPI_GetState
                0x0800f90c        0x8 ../../libs/libDaisy/build\libdaisy.a(stm32h7xx_hal_spi.o)
                0x0800f90c                HAL_SPI_GetState
 .text.HAL_TIM_Base_Init
                0x0800f914      0x16c ../../libs/libDaisy/build\libdaisy.a(stm32h7xx_hal_tim.o)
                0x0800f914                HAL_TIM_Base_Init
 .text.HAL_TIM_Base_Start
                0x0800fa80       0xb0 ../../libs/libDaisy/build\libdaisy.a(stm32h7xx_hal_tim.o)
                0x0800fa80                HAL_TIM_Base_Start
 .text.HAL_TIM_Base_Start_IT
                0x0800fb30       0xb8 ../../libs/libDaisy/build\libdaisy.a(stm32h7xx_hal_tim.o)
                0x0800fb30                HAL_TIM_Base_Start_IT
 .text.HAL_TIM_ConfigClockSource
                0x0800fbe8      0x198 ../../libs/libDaisy/build\libdaisy.a(stm32h7xx_hal_tim.o)
                0x0800fbe8                HAL_TIM_ConfigClockSource
 .text.HAL_TIM_OC_DelayElapsedCallback
                0x0800fd80        0x4 ../../libs/libDaisy/build\libdaisy.a(stm32h7xx_hal_tim.o)
                0x0800fd80                HAL_TIM_OC_DelayElapsedCallback
 .text.HAL_TIM_IC_CaptureCallback
                0x0800fd84        0x4 ../../libs/libDaisy/build\libdaisy.a(stm32h7xx_hal_tim.o)
                0x0800fd84                HAL_TIM_IC_CaptureCallback
 .text.HAL_TIM_PWM_PulseFinishedCallback
                0x0800fd88        0x4 ../../libs/libDaisy/build\libdaisy.a(stm32h7xx_hal_tim.o)
                0x0800fd88                HAL_TIM_PWM_PulseFinishedCallback
 .text.HAL_TIM_TriggerCallback
                0x0800fd8c        0x4 ../../libs/libDaisy/build\libdaisy.a(stm32h7xx_hal_tim.o)
                0x0800fd8c                HAL_TIM_TriggerCallback
 .text.HAL_TIM_IRQHandler
                0x0800fd90      0x154 ../../libs/libDaisy/build\libdaisy.a(stm32h7xx_hal_tim.o)
                0x0800fd90                HAL_TIM_IRQHandler
 .text.HAL_TIMEx_MasterConfigSynchronization
                0x0800fee4       0xb4 ../../libs/libDaisy/build\libdaisy.a(stm32h7xx_hal_tim_ex.o)
                0x0800fee4                HAL_TIMEx_MasterConfigSynchronization
 .text.HAL_TIMEx_CommutCallback
                0x0800ff98        0x4 ../../libs/libDaisy/build\libdaisy.a(stm32h7xx_hal_tim_ex.o)
                0x0800ff98                HAL_TIMEx_CommutCallback
 .text.HAL_TIMEx_BreakCallback
                0x0800ff9c        0x4 ../../libs/libDaisy/build\libdaisy.a(stm32h7xx_hal_tim_ex.o)
                0x0800ff9c                HAL_TIMEx_BreakCallback
 .text.HAL_TIMEx_Break2Callback
                0x0800ffa0        0x4 ../../libs/libDaisy/build\libdaisy.a(stm32h7xx_hal_tim_ex.o)
                0x0800ffa0                HAL_TIMEx_Break2Callback
 .text.HAL_UART_Transmit_DMA
                0x0800ffa4       0x8c ../../libs/libDaisy/build\libdaisy.a(stm32h7xx_hal_uart.o)
                0x0800ffa4                HAL_UART_Transmit_DMA
 .text.UART_DMATransmitCplt
                0x08010030       0x44 ../../libs/libDaisy/build\libdaisy.a(stm32h7xx_hal_uart.o)
 .text.HAL_UART_TxHalfCpltCallback
                0x08010074        0x4 ../../libs/libDaisy/build\libdaisy.a(stm32h7xx_hal_uart.o)
                0x08010074                HAL_UART_TxHalfCpltCallback
 .text.UART_DMATxHalfCplt
                0x08010078        0xc ../../libs/libDaisy/build\libdaisy.a(stm32h7xx_hal_uart.o)
 .text.UART_DMAError
                0x08010084       0xd4 ../../libs/libDaisy/build\libdaisy.a(stm32h7xx_hal_uart.o)
 .text.UART_DMAAbortOnError
                0x08010158       0x14 ../../libs/libDaisy/build\libdaisy.a(stm32h7xx_hal_uart.o)
 .text.HAL_UARTEx_RxEventCallback
                0x0801016c        0x4 ../../libs/libDaisy/build\libdaisy.a(stm32h7xx_hal_uart.o)
                0x0801016c                HAL_UARTEx_RxEventCallback
 .text.HAL_UART_IRQHandler
                0x08010170      0x380 ../../libs/libDaisy/build\libdaisy.a(stm32h7xx_hal_uart.o)
                0x08010170                HAL_UART_IRQHandler
 .text.UART_DMARxHalfCplt
                0x080104f0       0x20 ../../libs/libDaisy/build\libdaisy.a(stm32h7xx_hal_uart.o)
 .text.UART_DMAReceiveCplt
                0x08010510       0x9c ../../libs/libDaisy/build\libdaisy.a(stm32h7xx_hal_uart.o)
 .text.HAL_UART_GetState
                0x080105ac        0xc ../../libs/libDaisy/build\libdaisy.a(stm32h7xx_hal_uart.o)
                0x080105ac                HAL_UART_GetState
 .text.UART_SetConfig
                0x080105b8      0x534 ../../libs/libDaisy/build\libdaisy.a(stm32h7xx_hal_uart.o)
                0x080105b8                UART_SetConfig
 .text.UART_AdvFeatureConfig
                0x08010aec       0xb0 ../../libs/libDaisy/build\libdaisy.a(stm32h7xx_hal_uart.o)
                0x08010aec                UART_AdvFeatureConfig
 .text.UART_CheckIdleState
                0x08010b9c      0x260 ../../libs/libDaisy/build\libdaisy.a(stm32h7xx_hal_uart.o)
                0x08010b9c                UART_CheckIdleState
 .text.HAL_UART_Init
                0x08010dfc       0x68 ../../libs/libDaisy/build\libdaisy.a(stm32h7xx_hal_uart.o)
                0x08010dfc                HAL_UART_Init
 .text.UART_Start_Receive_DMA
                0x08010e64       0xa4 ../../libs/libDaisy/build\libdaisy.a(stm32h7xx_hal_uart.o)
                0x08010e64                UART_Start_Receive_DMA
 .text.HAL_UART_Receive_DMA
                0x08010f08       0x48 ../../libs/libDaisy/build\libdaisy.a(stm32h7xx_hal_uart.o)
                0x08010f08                HAL_UART_Receive_DMA
 .text.HAL_UARTEx_WakeupCallback
                0x08010f50        0x4 ../../libs/libDaisy/build\libdaisy.a(stm32h7xx_hal_uart_ex.o)
                0x08010f50                HAL_UARTEx_WakeupCallback
 .text.HAL_UARTEx_RxFifoFullCallback
                0x08010f54        0x4 ../../libs/libDaisy/build\libdaisy.a(stm32h7xx_hal_uart_ex.o)
                0x08010f54                HAL_UARTEx_RxFifoFullCallback
 .text.HAL_UARTEx_TxFifoEmptyCallback
                0x08010f58        0x4 ../../libs/libDaisy/build\libdaisy.a(stm32h7xx_hal_uart_ex.o)
                0x08010f58                HAL_UARTEx_TxFifoEmptyCallback
 .text.__aeabi_atexit
                0x08010f5c        0xa c:/program files/daisytoolchain/bin/../lib/gcc/arm-none-eabi/10.2.1/../../../../arm-none-eabi/lib/thumb/v7e-m+dp/hard\libstdc++_nano.a(atexit_arm.o)
                0x08010f5c                __aeabi_atexit
 *fill*         0x08010f66        0x2 
 .text.__cxa_atexit
                0x08010f68       0x1c c:/program files/daisytoolchain/bin/../lib/gcc/arm-none-eabi/10.2.1/../../../../arm-none-eabi/lib/thumb/v7e-m+dp/hard\libc_nano.a(lib_a-cxa_atexit.o)
                0x08010f68                __cxa_atexit
 .text.__libc_init_array
                0x08010f84       0x48 c:/program files/daisytoolchain/bin/../lib/gcc/arm-none-eabi/10.2.1/../../../../arm-none-eabi/lib/thumb/v7e-m+dp/hard\libc_nano.a(lib_a-init.o)
                0x08010f84                __libc_init_array
 .text.memcpy   0x08010fcc       0x1c c:/program files/daisytoolchain/bin/../lib/gcc/arm-none-eabi/10.2.1/../../../../arm-none-eabi/lib/thumb/v7e-m+dp/hard\libc_nano.a(lib_a-memcpy-stub.o)
                0x08010fcc                memcpy
 .text.memset   0x08010fe8       0x10 c:/program files/daisytoolchain/bin/../lib/gcc/arm-none-eabi/10.2.1/../../../../arm-none-eabi/lib/thumb/v7e-m+dp/hard\libc_nano.a(lib_a-memset.o)
                0x08010fe8                memset
 *(.rodata)
 .rodata        0x08010ff8       0x10 ../../libs/libDaisy/build\libdaisy.a(daisy_seed.o)
 .rodata        0x08011008       0x10 ../../libs/libDaisy/build\libdaisy.a(i2c.o)
 .rodata        0x08011018       0x10 ../../libs/libDaisy/build\libdaisy.a(tim.o)
 .rodata        0x08011028       0x12 ../../libs/libDaisy/build\libdaisy.a(uart.o)
 *(.rodata*)
 *fill*         0x0801103a        0x2 
 .rodata._ZN5daisy4seedL3D28E
                0x0801103c        0x2 build/main.o
 *fill*         0x0801103e        0x2 
 .rodata._ZN5daisy10QSPIHandle4Impl5GetAFEj.str1.4
                0x08011040        0x7 ../../libs/libDaisy/build\libdaisy.a(qspi.o)
 *fill*         0x08011047        0x1 
 .rodata.CSWTCH.53
                0x08011048       0x14 ../../libs/libDaisy/build\libdaisy.a(sai.o)
 .rodata.D1CorePrescTable
                0x0801105c       0x10 ../../libs/libDaisy/build\libdaisy.a(system_stm32h7xx.o)
                0x0801105c                D1CorePrescTable
 .rodata.CSWTCH.24
                0x0801106c        0x4 ../../libs/libDaisy/build\libdaisy.a(usbd_conf.o)
 .rodata.CSWTCH.19
                0x08011070        0x4 ../../libs/libDaisy/build\libdaisy.a(usbh_conf.o)
 .rodata.flagBitshiftOffset.0
                0x08011074        0x8 ../../libs/libDaisy/build\libdaisy.a(stm32h7xx_hal_dma.o)
 .rodata._ZL13pins_none_spi
                0x0801107c        0x3 ../../libs/libDaisy/build\libdaisy.a(spi.o)
 *fill*         0x0801107f        0x1 
 .rodata._ZL16pins_periphs_spi
                0x08011080       0x60 ../../libs/libDaisy/build\libdaisy.a(spi.o)
 .rodata.CSWTCH.61
                0x080110e0       0x29 ../../libs/libDaisy/build\libdaisy.a(stm32h7xx_hal_uart.o)
 *fill*         0x08011109        0x3 
 .rodata.CSWTCH.62
                0x0801110c        0x6 ../../libs/libDaisy/build\libdaisy.a(stm32h7xx_hal_uart.o)
 *fill*         0x08011112        0x2 
 .rodata.CSWTCH.69
                0x08011114        0x6 ../../libs/libDaisy/build\libdaisy.a(stm32h7xx_hal_uart.o)
 *fill*         0x0801111a        0x2 
 .rodata.UARTPrescTable
                0x0801111c       0x18 ../../libs/libDaisy/build\libdaisy.a(stm32h7xx_hal_uart.o)
                0x0801111c                UARTPrescTable
 *(.glue_7)
 .glue_7        0x08011134        0x0 linker stubs
 *(.glue_7t)
 .glue_7t       0x08011134        0x0 linker stubs
 *(.init)
 .init          0x08011134        0x4 c:/program files/daisytoolchain/bin/../lib/gcc/arm-none-eabi/10.2.1/thumb/v7e-m+dp/hard/crti.o
                0x08011134                _init
 .init          0x08011138        0x8 c:/program files/daisytoolchain/bin/../lib/gcc/arm-none-eabi/10.2.1/thumb/v7e-m+dp/hard/crtn.o
 *(.fini)
 .fini          0x08011140        0x4 c:/program files/daisytoolchain/bin/../lib/gcc/arm-none-eabi/10.2.1/thumb/v7e-m+dp/hard/crti.o
                0x08011140                _fini
 .fini          0x08011144        0x8 c:/program files/daisytoolchain/bin/../lib/gcc/arm-none-eabi/10.2.1/thumb/v7e-m+dp/hard/crtn.o
                0x0801114c                . = ALIGN (0x4)
                0x0801114c                _etext = .

.eh_frame       0x0801114c        0x0
 .eh_frame      0x0801114c        0x0 c:/program files/daisytoolchain/bin/../lib/gcc/arm-none-eabi/10.2.1/thumb/v7e-m+dp/hard/crtbegin.o

.vfp11_veneer   0x0801114c        0x0
 .vfp11_veneer  0x0801114c        0x0 linker stubs

.v4_bx          0x0801114c        0x0
 .v4_bx         0x0801114c        0x0 linker stubs

.iplt           0x0801114c        0x0
 .iplt          0x0801114c        0x0 c:/program files/daisytoolchain/bin/../lib/gcc/arm-none-eabi/10.2.1/thumb/v7e-m+dp/hard/crtbegin.o

.ARM.extab      0x0801114c        0x0
                0x0801114c                . = ALIGN (0x4)
 *(.ARM.extab)
 *(.gnu.linkonce.armextab.*)
                0x0801114c                . = ALIGN (0x4)

.exidx          0x0801114c        0x8
                0x0801114c                . = ALIGN (0x4)
                [!provide]                PROVIDE (__exidx_start = .)
 *(.ARM.exidx*)
 .ARM.exidx     0x0801114c        0x8 c:/program files/daisytoolchain/bin/../lib/gcc/arm-none-eabi/10.2.1/thumb/v7e-m+dp/hard\libgcc.a(_udivmoddi4.o)
                0x08011154                . = ALIGN (0x4)
                [!provide]                PROVIDE (__exidx_end = .)

.rel.dyn        0x08011154        0x0
 .rel.iplt      0x08011154        0x0 c:/program files/daisytoolchain/bin/../lib/gcc/arm-none-eabi/10.2.1/thumb/v7e-m+dp/hard/crtbegin.o

.ARM.attributes
                0x00000000       0x2e
 *(.ARM.attributes)
 .ARM.attributes
                0x00000000       0x1e c:/program files/daisytoolchain/bin/../lib/gcc/arm-none-eabi/10.2.1/thumb/v7e-m+dp/hard/crti.o
 .ARM.attributes
                0x0000001e       0x32 c:/program files/daisytoolchain/bin/../lib/gcc/arm-none-eabi/10.2.1/thumb/v7e-m+dp/hard/crtbegin.o
 .ARM.attributes
                0x00000050       0x32 build/startup_stm32h750xx.o
 .ARM.attributes
                0x00000082       0x32 build/main.o
 .ARM.attributes
                0x000000b4       0x32 build/CircularBuffer.o
 .ARM.attributes
                0x000000e6       0x32 ../../libs/libDaisy/build\libdaisy.a(daisy_seed.o)
 .ARM.attributes
                0x00000118       0x32 ../../libs/libDaisy/build\libdaisy.a(codec_ak4556.o)
 .ARM.attributes
                0x0000014a       0x32 ../../libs/libDaisy/build\libdaisy.a(codec_wm8731.o)
 .ARM.attributes
                0x0000017c       0x32 ../../libs/libDaisy/build\libdaisy.a(sdram.o)
 .ARM.attributes
                0x000001ae       0x32 ../../libs/libDaisy/build\libdaisy.a(audio.o)
 .ARM.attributes
                0x000001e0       0x32 ../../libs/libDaisy/build\libdaisy.a(gpio.o)
 .ARM.attributes
                0x00000212       0x32 ../../libs/libDaisy/build\libdaisy.a(i2c.o)
 .ARM.attributes
                0x00000244       0x32 ../../libs/libDaisy/build\libdaisy.a(qspi.o)
 .ARM.attributes
                0x00000276       0x32 ../../libs/libDaisy/build\libdaisy.a(sai.o)
 .ARM.attributes
                0x000002a8       0x32 ../../libs/libDaisy/build\libdaisy.a(system.o)
 .ARM.attributes
                0x000002da       0x32 ../../libs/libDaisy/build\libdaisy.a(system_stm32h7xx.o)
 .ARM.attributes
                0x0000030c       0x32 ../../libs/libDaisy/build\libdaisy.a(usbd_conf.o)
 .ARM.attributes
                0x0000033e       0x32 ../../libs/libDaisy/build\libdaisy.a(usbh_conf.o)
 .ARM.attributes
                0x00000370       0x32 ../../libs/libDaisy/build\libdaisy.a(stm32h7xx_hal.o)
 .ARM.attributes
                0x000003a2       0x32 ../../libs/libDaisy/build\libdaisy.a(stm32h7xx_hal_cortex.o)
 .ARM.attributes
                0x000003d4       0x32 ../../libs/libDaisy/build\libdaisy.a(stm32h7xx_hal_dma.o)
 .ARM.attributes
                0x00000406       0x32 ../../libs/libDaisy/build\libdaisy.a(stm32h7xx_hal_gpio.o)
 .ARM.attributes
                0x00000438       0x32 ../../libs/libDaisy/build\libdaisy.a(stm32h7xx_hal_hcd.o)
 .ARM.attributes
                0x0000046a       0x32 ../../libs/libDaisy/build\libdaisy.a(stm32h7xx_hal_i2c.o)
 .ARM.attributes
                0x0000049c       0x32 ../../libs/libDaisy/build\libdaisy.a(stm32h7xx_hal_i2c_ex.o)
 .ARM.attributes
                0x000004ce       0x32 ../../libs/libDaisy/build\libdaisy.a(stm32h7xx_hal_pcd.o)
 .ARM.attributes
                0x00000500       0x32 ../../libs/libDaisy/build\libdaisy.a(stm32h7xx_hal_pcd_ex.o)
 .ARM.attributes
                0x00000532       0x32 ../../libs/libDaisy/build\libdaisy.a(stm32h7xx_hal_pwr_ex.o)
 .ARM.attributes
                0x00000564       0x32 ../../libs/libDaisy/build\libdaisy.a(stm32h7xx_hal_qspi.o)
 .ARM.attributes
                0x00000596       0x32 ../../libs/libDaisy/build\libdaisy.a(stm32h7xx_hal_rcc.o)
 .ARM.attributes
                0x000005c8       0x32 ../../libs/libDaisy/build\libdaisy.a(stm32h7xx_hal_rcc_ex.o)
 .ARM.attributes
                0x000005fa       0x32 ../../libs/libDaisy/build\libdaisy.a(stm32h7xx_hal_sai.o)
 .ARM.attributes
                0x0000062c       0x32 ../../libs/libDaisy/build\libdaisy.a(stm32h7xx_hal_sdram.o)
 .ARM.attributes
                0x0000065e       0x32 ../../libs/libDaisy/build\libdaisy.a(stm32h7xx_ll_fmc.o)
 .ARM.attributes
                0x00000690       0x32 ../../libs/libDaisy/build\libdaisy.a(stm32h7xx_ll_usb.o)
 .ARM.attributes
                0x000006c2       0x32 ../../libs/libDaisy/build\libdaisy.a(usbd_core.o)
 .ARM.attributes
                0x000006f4       0x32 ../../libs/libDaisy/build\libdaisy.a(usbd_ctlreq.o)
 .ARM.attributes
                0x00000726       0x32 ../../libs/libDaisy/build\libdaisy.a(usbd_ioreq.o)
 .ARM.attributes
                0x00000758       0x32 ../../libs/libDaisy/build\libdaisy.a(usbh_core.o)
 .ARM.attributes
                0x0000078a       0x32 ../../libs/libDaisy/build\libdaisy.a(usbh_pipes.o)
 .ARM.attributes
                0x000007bc       0x32 ../../libs/libDaisy/build\libdaisy.a(rng.o)
 .ARM.attributes
                0x000007ee       0x32 ../../libs/libDaisy/build\libdaisy.a(spi.o)
 .ARM.attributes
                0x00000820       0x32 ../../libs/libDaisy/build\libdaisy.a(tim.o)
 .ARM.attributes
                0x00000852       0x32 ../../libs/libDaisy/build\libdaisy.a(uart.o)
 .ARM.attributes
                0x00000884       0x32 ../../libs/libDaisy/build\libdaisy.a(dma.o)
 .ARM.attributes
                0x000008b6       0x32 ../../libs/libDaisy/build\libdaisy.a(stm32h7xx_hal_mdma.o)
 .ARM.attributes
                0x000008e8       0x32 ../../libs/libDaisy/build\libdaisy.a(stm32h7xx_hal_spi.o)
 .ARM.attributes
                0x0000091a       0x32 ../../libs/libDaisy/build\libdaisy.a(stm32h7xx_hal_tim.o)
 .ARM.attributes
                0x0000094c       0x32 ../../libs/libDaisy/build\libdaisy.a(stm32h7xx_hal_tim_ex.o)
 .ARM.attributes
                0x0000097e       0x32 ../../libs/libDaisy/build\libdaisy.a(stm32h7xx_hal_uart.o)
 .ARM.attributes
                0x000009b0       0x32 ../../libs/libDaisy/build\libdaisy.a(stm32h7xx_hal_uart_ex.o)
 .ARM.attributes
                0x000009e2       0x32 c:/program files/daisytoolchain/bin/../lib/gcc/arm-none-eabi/10.2.1/../../../../arm-none-eabi/lib/thumb/v7e-m+dp/hard\libstdc++_nano.a(atexit_arm.o)
 .ARM.attributes
                0x00000a14       0x32 c:/program files/daisytoolchain/bin/../lib/gcc/arm-none-eabi/10.2.1/../../../../arm-none-eabi/lib/thumb/v7e-m+dp/hard\libc_nano.a(lib_a-cxa_atexit.o)
 .ARM.attributes
                0x00000a46       0x32 c:/program files/daisytoolchain/bin/../lib/gcc/arm-none-eabi/10.2.1/../../../../arm-none-eabi/lib/thumb/v7e-m+dp/hard\libc_nano.a(lib_a-init.o)
 .ARM.attributes
                0x00000a78       0x32 c:/program files/daisytoolchain/bin/../lib/gcc/arm-none-eabi/10.2.1/../../../../arm-none-eabi/lib/thumb/v7e-m+dp/hard\libc_nano.a(lib_a-memcpy-stub.o)
 .ARM.attributes
                0x00000aaa       0x32 c:/program files/daisytoolchain/bin/../lib/gcc/arm-none-eabi/10.2.1/../../../../arm-none-eabi/lib/thumb/v7e-m+dp/hard\libc_nano.a(lib_a-memset.o)
 .ARM.attributes
                0x00000adc       0x1e c:/program files/daisytoolchain/bin/../lib/gcc/arm-none-eabi/10.2.1/thumb/v7e-m+dp/hard\libgcc.a(_aeabi_uldivmod.o)
 .ARM.attributes
                0x00000afa       0x32 c:/program files/daisytoolchain/bin/../lib/gcc/arm-none-eabi/10.2.1/thumb/v7e-m+dp/hard\libgcc.a(_udivmoddi4.o)
 .ARM.attributes
                0x00000b2c       0x1e c:/program files/daisytoolchain/bin/../lib/gcc/arm-none-eabi/10.2.1/thumb/v7e-m+dp/hard\libgcc.a(_dvmd_tls.o)
 .ARM.attributes
                0x00000b4a       0x1e c:/program files/daisytoolchain/bin/../lib/gcc/arm-none-eabi/10.2.1/thumb/v7e-m+dp/hard/crtn.o

.preinit_array  0x08011154        0x0
                0x08011154                PROVIDE (__preinit_array_start = .)
 *(.preinit_array*)
                0x08011154                PROVIDE (__preinit_array_end = .)

.init_array     0x08011154       0x28
                0x08011154                PROVIDE (__init_array_start = .)
 *(SORT_BY_NAME(.init_array.*))
 *(.init_array*)
 .init_array    0x08011154        0x4 c:/program files/daisytoolchain/bin/../lib/gcc/arm-none-eabi/10.2.1/thumb/v7e-m+dp/hard/crtbegin.o
 .init_array    0x08011158        0x4 build/main.o
 .init_array    0x0801115c        0x4 ../../libs/libDaisy/build\libdaisy.a(audio.o)
 .init_array    0x08011160        0x4 ../../libs/libDaisy/build\libdaisy.a(i2c.o)
 .init_array    0x08011164        0x4 ../../libs/libDaisy/build\libdaisy.a(qspi.o)
 .init_array    0x08011168        0x4 ../../libs/libDaisy/build\libdaisy.a(sai.o)
 .init_array    0x0801116c        0x4 ../../libs/libDaisy/build\libdaisy.a(system.o)
 .init_array    0x08011170        0x4 ../../libs/libDaisy/build\libdaisy.a(spi.o)
 .init_array    0x08011174        0x4 ../../libs/libDaisy/build\libdaisy.a(tim.o)
 .init_array    0x08011178        0x4 ../../libs/libDaisy/build\libdaisy.a(uart.o)
                0x0801117c                PROVIDE (__init_array_end = .)

.fini_array     0x0801117c        0x4
                [!provide]                PROVIDE (__fini_array_start = .)
 *(.fini_array*)