Archive member included to satisfy reference by file (symbol)

../../../libDaisy/build\libdaisy.a(daisy_seed.o)
                              build/main.o (daisy::DaisySeed::StartAudio(void (*)(float const* const*, float**, unsigned int)))
../../../libDaisy/build\libdaisy.a(codec_ak4556.o)
                              ../../../libDaisy/build\libdaisy.a(daisy_seed.o) (daisy::Ak4556::Init(daisy::Pin))
../../../libDaisy/build\libdaisy.a(codec_wm8731.o)
                              ../../../libDaisy/build\libdaisy.a(daisy_seed.o) (daisy::Wm8731::Init(daisy::Wm8731::Config const&, daisy::I2CHandle))
../../../libDaisy/build\libdaisy.a(sdram.o)
                              ../../../libDaisy/build\libdaisy.a(daisy_seed.o) (SdramHandle::Init())
../../../libDaisy/build\libdaisy.a(audio.o)
                              ../../../libDaisy/build\libdaisy.a(daisy_seed.o) (daisy::AudioHandle::Init(daisy::AudioHandle::Config const&, daisy::SaiHandle))
../../../libDaisy/build\libdaisy.a(gpio.o)
                              ../../../libDaisy/build\libdaisy.a(daisy_seed.o) (daisy::GPIO::Init(daisy::GPIO::Config const&))
../../../libDaisy/build\libdaisy.a(i2c.o)
                              ../../../libDaisy/build\libdaisy.a(daisy_seed.o) (daisy::I2CHandle::Init(daisy::I2CHandle::Config const&))
../../../libDaisy/build\libdaisy.a(qspi.o)
                              ../../../libDaisy/build\libdaisy.a(daisy_seed.o) (daisy::QSPIHandle::Init(daisy::QSPIHandle::Config const&))
../../../libDaisy/build\libdaisy.a(sai.o)
                              ../../../libDaisy/build\libdaisy.a(daisy_seed.o) (daisy::SaiHandle::Init(daisy::SaiHandle::Config const&))
../../../libDaisy/build\libdaisy.a(system.o)
                              ../../../libDaisy/build\libdaisy.a(daisy_seed.o) (daisy::System::DeInit())
../../../libDaisy/build\libdaisy.a(system_stm32h7xx.o)
                              build/startup_stm32h750xx.o (SystemInit)
../../../libDaisy/build\libdaisy.a(usbd_conf.o)
                              ../../../libDaisy/build\libdaisy.a(system.o) (hpcd_USB_OTG_HS)
../../../libDaisy/build\libdaisy.a(usbh_conf.o)
                              ../../../libDaisy/build\libdaisy.a(system.o) (hhcd_USB_OTG_HS)
../../../libDaisy/build\libdaisy.a(stm32h7xx_hal.o)
                              ../../../libDaisy/build\libdaisy.a(system.o) (HAL_Init)
../../../libDaisy/build\libdaisy.a(stm32h7xx_hal_cortex.o)
                              ../../../libDaisy/build\libdaisy.a(stm32h7xx_hal.o) (HAL_NVIC_SetPriorityGrouping)
../../../libDaisy/build\libdaisy.a(stm32h7xx_hal_dma.o)
                              ../../../libDaisy/build\libdaisy.a(i2c.o) (HAL_DMA_Init)
../../../libDaisy/build\libdaisy.a(stm32h7xx_hal_gpio.o)
                              ../../../libDaisy/build\libdaisy.a(sdram.o) (HAL_GPIO_Init)
../../../libDaisy/build\libdaisy.a(stm32h7xx_hal_hcd.o)
                              ../../../libDaisy/build\libdaisy.a(usbh_conf.o) (HAL_HCD_HC_Init)
../../../libDaisy/build\libdaisy.a(stm32h7xx_hal_i2c.o)
                              ../../../libDaisy/build\libdaisy.a(i2c.o) (HAL_I2C_Init)
../../../libDaisy/build\libdaisy.a(stm32h7xx_hal_i2c_ex.o)
                              ../../../libDaisy/build\libdaisy.a(i2c.o) (HAL_I2CEx_ConfigAnalogFilter)
../../../libDaisy/build\libdaisy.a(stm32h7xx_hal_pcd.o)
                              ../../../libDaisy/build\libdaisy.a(usbd_conf.o) (HAL_PCD_Init)
../../../libDaisy/build\libdaisy.a(stm32h7xx_hal_pcd_ex.o)
                              ../../../libDaisy/build\libdaisy.a(usbd_conf.o) (HAL_PCDEx_SetTxFiFo)
../../../libDaisy/build\libdaisy.a(stm32h7xx_hal_pwr_ex.o)
                              ../../../libDaisy/build\libdaisy.a(system.o) (HAL_PWREx_ConfigSupply)
../../../libDaisy/build\libdaisy.a(stm32h7xx_hal_qspi.o)
                              ../../../libDaisy/build\libdaisy.a(qspi.o) (HAL_QSPI_Init)
../../../libDaisy/build\libdaisy.a(stm32h7xx_hal_rcc.o)
                              ../../../libDaisy/build\libdaisy.a(system.o) (HAL_RCC_OscConfig)
../../../libDaisy/build\libdaisy.a(stm32h7xx_hal_rcc_ex.o)
                              ../../../libDaisy/build\libdaisy.a(system.o) (HAL_RCCEx_PeriphCLKConfig)
../../../libDaisy/build\libdaisy.a(stm32h7xx_hal_sai.o)
                              ../../../libDaisy/build\libdaisy.a(sai.o) (HAL_SAI_InitProtocol)
../../../libDaisy/build\libdaisy.a(stm32h7xx_hal_sdram.o)
                              ../../../libDaisy/build\libdaisy.a(sdram.o) (HAL_SDRAM_Init)
../../../libDaisy/build\libdaisy.a(stm32h7xx_ll_fmc.o)
                              ../../../libDaisy/build\libdaisy.a(stm32h7xx_hal_sdram.o) (FMC_SDRAM_Init)
../../../libDaisy/build\libdaisy.a(stm32h7xx_ll_usb.o)
                              ../../../libDaisy/build\libdaisy.a(stm32h7xx_hal_hcd.o) (USB_CoreInit)
../../../libDaisy/build\libdaisy.a(usbd_core.o)
                              ../../../libDaisy/build\libdaisy.a(usbd_conf.o) (USBD_LL_SetupStage)
[...]
Memory Configuration

Name             Origin             Length             Attributes
FLASH            0x08000000         0x00020000         xr
DTCMRAM          0x20000000         0x00020000         xrw
SRAM             0x24000000         0x00080000         xrw
RAM_D2           0x30000000         0x00048000         xrw
RAM_D3           0x38000000         0x00010000         xrw
BACKUP_SRAM      0x38800000         0x00001000         xrw
ITCMRAM          0x00000000         0x00010000         xrw
SDRAM            0xc0000000         0x04000000         xrw
QSPIFLASH        0x90000000         0x00800000         xr
*default*        0x00000000         0xffffffff

Linker script and memory map

LOAD c:/program files/daisytoolchain/bin/../lib/gcc/arm-none-eabi/10.2.1/thumb/v7e-m+dp/hard/crti.o
LOAD c:/program files/daisytoolchain/bin/../lib/gcc/arm-none-eabi/10.2.1/thumb/v7e-m+dp/hard/crtbegin.o
LOAD c:/program files/daisytoolchain/bin/../lib/gcc/arm-none-eabi/10.2.1/../../../../arm-none-eabi/lib/thumb/v7e-m+dp/hard/crt0.o
LOAD build/startup_stm32h750xx.o
LOAD build/main.o
LOAD build/XorM.o
LOAD ../../../libDaisy/build\libdaisy.a
LOAD c:/program files/daisytoolchain/bin/../lib/gcc/arm-none-eabi/10.2.1/../../../../arm-none-eabi/lib/thumb/v7e-m+dp/hard\libnosys.a
LOAD ../../../DaisySP/build\libdaisysp.a
LOAD c:/program files/daisytoolchain/bin/../lib/gcc/arm-none-eabi/10.2.1/../../../../arm-none-eabi/lib/thumb/v7e-m+dp/hard\libstdc++_nano.a
LOAD c:/program files/daisytoolchain/bin/../lib/gcc/arm-none-eabi/10.2.1/../../../../arm-none-eabi/lib/thumb/v7e-m+dp/hard\libm.a
LOAD c:/program files/daisytoolchain/bin/../lib/gcc/arm-none-eabi/10.2.1/../../../../arm-none-eabi/lib/thumb/v7e-m+dp/hard\libc_nano.a
START GROUP
LOAD c:/program files/daisytoolchain/bin/../lib/gcc/arm-none-eabi/10.2.1/thumb/v7e-m+dp/hard\libgcc.a
LOAD c:/program files/daisytoolchain/bin/../lib/gcc/arm-none-eabi/10.2.1/../../../../arm-none-eabi/lib/thumb/v7e-m+dp/hard\libc_nano.a
END GROUP
START GROUP
LOAD c:/program files/daisytoolchain/bin/../lib/gcc/arm-none-eabi/10.2.1/thumb/v7e-m+dp/hard\libgcc.a
LOAD c:/program files/daisytoolchain/bin/../lib/gcc/arm-none-eabi/10.2.1/../../../../arm-none-eabi/lib/thumb/v7e-m+dp/hard\libc_nano.a
LOAD c:/program files/daisytoolchain/bin/../lib/gcc/arm-none-eabi/10.2.1/../../../../arm-none-eabi/lib/thumb/v7e-m+dp/hard\libnosys.a
END GROUP
START GROUP
LOAD c:/program files/daisytoolchain/bin/../lib/gcc/arm-none-eabi/10.2.1/thumb/v7e-m+dp/hard\libgcc.a
LOAD c:/program files/daisytoolchain/bin/../lib/gcc/arm-none-eabi/10.2.1/../../../../arm-none-eabi/lib/thumb/v7e-m+dp/hard\libc_nano.a
LOAD c:/program files/daisytoolchain/bin/../lib/gcc/arm-none-eabi/10.2.1/../../../../arm-none-eabi/lib/thumb/v7e-m+dp/hard\libnosys.a
END GROUP
LOAD c:/program files/daisytoolchain/bin/../lib/gcc/arm-none-eabi/10.2.1/thumb/v7e-m+dp/hard/crtend.o
LOAD c:/program files/daisytoolchain/bin/../lib/gcc/arm-none-eabi/10.2.1/thumb/v7e-m+dp/hard/crtn.o
                0x20020000                _estack = 0x20020000

.isr_vector     0x08000000      0x298
                0x08000000                . = ALIGN (0x4)
 *(.isr_vector)
 .isr_vector    0x08000000      0x298 build/startup_stm32h750xx.o
                0x08000000                g_pfnVectors
                0x08000298                . = ALIGN (0x4)

.text           0x08000298    0x11a00
                0x08000298                . = ALIGN (0x4)
                0x08000298                _stext = .
 *(.text)
 .text          0x08000298       0x40 c:/program files/daisytoolchain/bin/../lib/gcc/arm-none-eabi/10.2.1/thumb/v7e-m+dp/hard/crtbegin.o
 .text          0x080002d8      0x378 c:/program files/daisytoolchain/bin/../lib/gcc/arm-none-eabi/10.2.1/thumb/v7e-m+dp/hard\libgcc.a(_arm_addsubdf3.o)
                0x080002d8                __aeabi_drsub
                0x080002e0                __aeabi_dsub
                0x080002e0                __subdf3
                0x080002e4                __aeabi_dadd
                0x080002e4                __adddf3
                0x0800055c                __floatunsidf
                0x0800055c                __aeabi_ui2d
                0x0800057c                __floatsidf
                0x0800057c                __aeabi_i2d
                0x080005a0                __aeabi_f2d
                0x080005a0                __extendsfdf2
                0x080005e4                __floatundidf
                0x080005e4                __aeabi_ul2d
                0x080005f4                __floatdidf
                0x080005f4                __aeabi_l2d
 .text          0x08000650       0x30 c:/program files/daisytoolchain/bin/../lib/gcc/arm-none-eabi/10.2.1/thumb/v7e-m+dp/hard\libgcc.a(_aeabi_uldivmod.o)
                0x08000650                __aeabi_uldivmod
 .text          0x08000680      0x2d0 c:/program files/daisytoolchain/bin/../lib/gcc/arm-none-eabi/10.2.1/thumb/v7e-m+dp/hard\libgcc.a(_udivmoddi4.o)
                0x08000680                __udivmoddi4
 .text          0x08000950        0x4 c:/program files/daisytoolchain/bin/../lib/gcc/arm-none-eabi/10.2.1/thumb/v7e-m+dp/hard\libgcc.a(_dvmd_tls.o)
                0x08000950                __aeabi_idiv0
                0x08000950                __aeabi_ldiv0
 *(.text*)
 .text.Default_Handler
                0x08000954        0xc build/startup_stm32h750xx.o
                0x08000954                RTC_Alarm_IRQHandler
                0x08000954                HASH_RNG_IRQHandler
                0x08000954                EXTI2_IRQHandler
                0x08000954                TIM8_CC_IRQHandler
                0x08000954                HRTIM1_Master_IRQHandler
                0x08000954                DebugMon_Handler
                0x08000954                TIM1_CC_IRQHandler
                0x08000954                BDMA_Channel6_IRQHandler
                0x08000954                DMA2_Stream5_IRQHandler
                0x08000954                HRTIM1_FLT_IRQHandler
                0x08000954                JPEG_IRQHandler
                0x08000954                BDMA_Channel1_IRQHandler
                0x08000954                HRTIM1_TIMD_IRQHandler
                0x08000954                TAMP_STAMP_IRQHandler
                0x08000954                PendSV_Handler
                0x08000954                NMI_Handler
                0x08000954                EXTI3_IRQHandler
                0x08000954                LPTIM4_IRQHandler
                0x08000954                TIM8_TRG_COM_TIM14_IRQHandler
                0x08000954                LPTIM2_IRQHandler
                0x08000954                DFSDM1_FLT1_IRQHandler
                0x08000954                DMAMUX2_OVR_IRQHandler
                0x08000954                TIM8_UP_TIM13_IRQHandler
                0x08000954                I2C3_ER_IRQHandler
                0x08000954                DFSDM1_FLT2_IRQHandler
                0x08000954                MDMA_IRQHandler
                0x08000954                LPTIM3_IRQHandler
                0x08000954                HSEM1_IRQHandler
                0x08000954                EXTI0_IRQHandler
                0x08000954                DMA1_Stream2_IRQHandler
                0x08000954                FPU_IRQHandler
                0x08000954                OTG_HS_WKUP_IRQHandler
                0x08000954                FDCAN1_IT1_IRQHandler
                0x08000954                UsageFault_Handler
                0x08000954                LTDC_ER_IRQHandler
                0x08000954                HRTIM1_TIME_IRQHandler
                0x08000954                TIM6_DAC_IRQHandler
                0x08000954                DCMI_IRQHandler
                0x08000954                HRTIM1_TIMC_IRQHandler
                0x08000954                SAI2_IRQHandler
                0x08000954                DFSDM1_FLT3_IRQHandler
                0x08000954                TIM17_IRQHandler
                0x08000954                CRYP_IRQHandler
                0x08000954                BDMA_Channel7_IRQHandler
                0x08000954                LPTIM5_IRQHandler
                0x08000954                ADC3_IRQHandler
                0x08000954                DMA2_Stream0_IRQHandler
                0x08000954                BDMA_Channel2_IRQHandler
                0x08000954                DMAMUX1_OVR_IRQHandler
                0x08000954                TIM16_IRQHandler
                0x08000954                BDMA_Channel5_IRQHandler
                0x08000954                RCC_IRQHandler
                0x08000954                TIM8_BRK_TIM12_IRQHandler
                0x08000954                TIM1_TRG_COM_IRQHandler
                0x08000954                Default_Handler
                0x08000954                ECC_IRQHandler
                0x08000954                CEC_IRQHandler
                0x08000954                EXTI15_10_IRQHandler
                0x08000954                BDMA_Channel0_IRQHandler
                0x08000954                ADC_IRQHandler
                0x08000954                DMA1_Stream7_IRQHandler
                0x08000954                HRTIM1_TIMA_IRQHandler
                0x08000954                TIM7_IRQHandler
                0x08000954                SDMMC1_IRQHandler
                0x08000954                DMA2_Stream7_IRQHandler
                0x08000954                TIM15_IRQHandler
                0x08000954                PVD_AVD_IRQHandler
                0x08000954                EXTI9_5_IRQHandler
                0x08000954                RTC_WKUP_IRQHandler
                0x08000954                LTDC_IRQHandler
                0x08000954                SAI3_IRQHandler
                0x08000954                ETH_WKUP_IRQHandler
                0x08000954                SPDIF_RX_IRQHandler
                0x08000954                MemManage_Handler
                0x08000954                SVC_Handler
                0x08000954                CRS_IRQHandler
                0x08000954                EXTI4_IRQHandler
                0x08000954                HRTIM1_TIMB_IRQHandler
                0x08000954                FDCAN2_IT1_IRQHandler
                0x08000954                ETH_IRQHandler
                0x08000954                TIM1_UP_IRQHandler
                0x08000954                BDMA_Channel4_IRQHandler
                0x08000954                WWDG_IRQHandler
                0x08000954                SPI6_IRQHandler
                0x08000954                I2C4_EV_IRQHandler
                0x08000954                MDIOS_IRQHandler
                0x08000954                FDCAN2_IT0_IRQHandler
                0x08000954                FDCAN1_IT0_IRQHandler
                0x08000954                OTG_FS_WKUP_IRQHandler
                0x08000954                DMA2D_IRQHandler
                0x08000954                TIM1_BRK_IRQHandler
                0x08000954                EXTI1_IRQHandler
                0x08000954                SDMMC2_IRQHandler
                0x08000954                OTG_FS_EP1_OUT_IRQHandler
                0x08000954                BDMA_Channel3_IRQHandler
                0x08000954                MDIOS_WKUP_IRQHandler
                0x08000954                DFSDM1_FLT0_IRQHandler
                0x08000954                SAI4_IRQHandler
                0x08000954                I2C2_ER_IRQHandler
                0x08000954                DMA2_Stream1_IRQHandler
                0x08000954                FLASH_IRQHandler
                0x08000954                BusFault_Handler
                0x08000954                OTG_FS_IRQHandler
                0x08000954                WAKEUP_PIN_IRQHandler
                0x08000954                OTG_FS_EP1_IN_IRQHandler
                0x08000954                I2C1_ER_IRQHandler
                0x08000954                FMC_IRQHandler
                0x08000954                FDCAN_CAL_IRQHandler
                0x08000954                SWPMI1_IRQHandler
                0x08000954                COMP1_IRQHandler
                0x08000954                LPTIM1_IRQHandler
                0x08000954                I2C4_ER_IRQHandler
                0x08000954                DMA2_Stream6_IRQHandler
                0x08000954                SAI1_IRQHandler
 .text.Reset_Handler
                0x08000960       0x44 build/startup_stm32h750xx.o
                0x08000960                Reset_Handler
 .text._ZN5daisy9DaisySeedD2Ev
                0x080009a4        0x4 build/main.o
                0x080009a4                daisy::DaisySeed::~DaisySeed()
                0x080009a4                daisy::DaisySeed::~DaisySeed()
 .text._ZN7daisysp10OscillatorD2Ev
                0x080009a8        0x4 build/main.o
                0x080009a8                daisysp::Oscillator::~Oscillator()
                0x080009a8                daisysp::Oscillator::~Oscillator()
 .text._Z13AudioCallbackPKPKfPPfj
                0x080009ac       0x88 build/main.o
                0x080009ac                AudioCallback(float const* const*, float**, unsigned int)
 .text._ZN7daisysp10Oscillator4InitEf
                0x08000a34       0x44 build/main.o
                0x08000a34                daisysp::Oscillator::Init(float)
 .text.startup.main
                0x08000a78       0xd0 build/main.o
                0x08000a78                main
 .text.startup._GLOBAL__sub_I_hw
                0x08000b48       0x94 build/main.o
 .text._ZN4XorMC2Ev
                0x08000bdc        0x4 build/XorM.o
                0x08000bdc                XorM::XorM()
                0x08000bdc                XorM::XorM()
 .text._ZN4XorMD2Ev
                0x08000be0        0x4 build/XorM.o
                0x08000be0                XorM::~XorM()
                0x08000be0                XorM::~XorM()
 .text._ZN4XorM4initEv
                0x08000be4        0x8 build/XorM.o
                0x08000be4                XorM::init()
 .text._ZN4XorM7processEff
                0x08000bec       0x4c build/XorM.o
                0x08000bec                XorM::process(float, float)
 .text._ZN4XorM9setMangleEf
                0x08000c38       0x24 build/XorM.o
                0x08000c38                XorM::setMangle(float)
 .text._ZN5daisy9DaisySeed10StartAudioEPFvPKPKfPPfjE
                0x08000c5c        0x8 ../../../libDaisy/build\libdaisy.a(daisy_seed.o)
                0x08000c5c                daisy::DaisySeed::StartAudio(void (*)(float const* const*, float**, unsigned int))
 .text._ZN5daisy9DaisySeed15AudioSampleRateEv
                0x08000c64        0x8 ../../../libDaisy/build\libdaisy.a(daisy_seed.o)
                0x08000c64                daisy::DaisySeed::AudioSampleRate()
 .text._ZN5daisy9DaisySeed17SetAudioBlockSizeEj
                0x08000c6c       0x38 ../../../libDaisy/build\libdaisy.a(daisy_seed.o)
                0x08000c6c                daisy::DaisySeed::SetAudioBlockSize(unsigned int)
 .text._ZN5daisy9DaisySeed17CheckBoardVersionEv
                0x08000ca4       0x6c ../../../libDaisy/build\libdaisy.a(daisy_seed.o)
                0x08000ca4                daisy::DaisySeed::CheckBoardVersion()
 .text._ZN5daisy9DaisySeed14ConfigureAudioEv
                0x08000d10      0x110 ../../../libDaisy/build\libdaisy.a(daisy_seed.o)
                0x08000d10                daisy::DaisySeed::ConfigureAudio()
 .text._ZN5daisy9DaisySeed4InitEb
                0x08000e20      0x104 ../../../libDaisy/build\libdaisy.a(daisy_seed.o)
                0x08000e20                daisy::DaisySeed::Init(bool)
 .text._ZN5daisy6Ak45564InitENS_3PinE
                0x08000f24       0x44 ../../../libDaisy/build\libdaisy.a(codec_ak4556.o)
                0x08000f24                daisy::Ak4556::Init(daisy::Pin)
 .text._ZN5daisy6Wm873120WriteControlRegisterEht
                0x08000f68       0x3c ../../../libDaisy/build\libdaisy.a(codec_wm8731.o)
                0x08000f68                daisy::Wm8731::WriteControlRegister(unsigned char, unsigned short)
 .text._ZN5daisy6Wm87314InitERKNS0_6ConfigENS_9I2CHandleE
                0x08000fa4      0x1bc ../../../libDaisy/build\libdaisy.a(codec_wm8731.o)
                0x08000fa4                daisy::Wm8731::Init(daisy::Wm8731::Config const&, daisy::I2CHandle)
 .text._ZN11SdramHandle10DeviceInitEv
                0x08001160       0x98 ../../../libDaisy/build\libdaisy.a(sdram.o)
                0x08001160                SdramHandle::DeviceInit()
 .text._ZN11SdramHandle4InitEv
                0x080011f8       0x7c ../../../libDaisy/build\libdaisy.a(sdram.o)
                0x080011f8                SdramHandle::Init()
 .text.HAL_SDRAM_MspInit
                0x08001274      0x1a8 ../../../libDaisy/build\libdaisy.a(sdram.o)
                0x08001274                HAL_SDRAM_MspInit
 .text._ZN5daisy11AudioHandle4Impl16InternalCallbackEPlS2_j
                0x0800141c      0xbbc ../../../libDaisy/build\libdaisy.a(audio.o)
                0x0800141c                daisy::AudioHandle::Impl::InternalCallback(long*, long*, unsigned int)
 .text._ZN5daisy11AudioHandle4InitERKNS0_6ConfigENS_9SaiHandleE
                0x08001fd8       0x70 ../../../libDaisy/build\libdaisy.a(audio.o)
                0x08001fd8                daisy::AudioHandle::Init(daisy::AudioHandle::Config const&, daisy::SaiHandle)
 .text._ZNK5daisy11AudioHandle9GetConfigEv
                0x08002048        0x8 ../../../libDaisy/build\libdaisy.a(audio.o)
                0x08002048                daisy::AudioHandle::GetConfig() const
 .text._ZN5daisy11AudioHandle12SetBlockSizeEj
                0x08002050       0x1c ../../../libDaisy/build\libdaisy.a(audio.o)
                0x08002050                daisy::AudioHandle::SetBlockSize(unsigned int)
 .text._ZN5daisy11AudioHandle13GetSampleRateEv
                0x0800206c        0x8 ../../../libDaisy/build\libdaisy.a(audio.o)
                0x0800206c                daisy::AudioHandle::GetSampleRate()
 .text._ZN5daisy11AudioHandle5StartEPFvPKPKfPPfjE
                0x08002074       0x44 ../../../libDaisy/build\libdaisy.a(audio.o)
                0x08002074                daisy::AudioHandle::Start(void (*)(float const* const*, float**, unsigned int))
 .text.startup._GLOBAL__sub_I__ZN5daisy11AudioHandle4Impl4InitENS0_6ConfigENS_9SaiHandleE
                0x080020b8       0x24 ../../../libDaisy/build\libdaisy.a(audio.o)
 .text._ZN5daisy4GPIO4InitERKNS0_6ConfigE
                0x080020dc      0x1cc ../../../libDaisy/build\libdaisy.a(gpio.o)
                0x080020dc                daisy::GPIO::Init(daisy::GPIO::Config const&)
 .text._ZN5daisy4GPIO4InitENS_3PinENS0_4ModeENS0_4PullENS0_5SpeedE
                0x080022a8      0x1cc ../../../libDaisy/build\libdaisy.a(gpio.o)
                0x080022a8                daisy::GPIO::Init(daisy::Pin, daisy::GPIO::Mode, daisy::GPIO::Pull, daisy::GPIO::Speed)
 .text._ZN5daisy4GPIO4ReadEv
                0x08002474       0x18 ../../../libDaisy/build\libdaisy.a(gpio.o)
                0x08002474                daisy::GPIO::Read()
 .text._ZN5daisy4GPIO5WriteEb
                0x0800248c       0x14 ../../../libDaisy/build\libdaisy.a(gpio.o)
                0x0800248c                daisy::GPIO::Write(bool)
 .text._ZN5daisy9I2CHandle4Impl8InitPinsEv
                0x080024a0       0x70 ../../../libDaisy/build\libdaisy.a(i2c.o)
                0x080024a0                daisy::I2CHandle::Impl::InitPins()
 .text.HAL_I2C_MspInit
                0x08002510      0x1b4 ../../../libDaisy/build\libdaisy.a(i2c.o)
                0x08002510                HAL_I2C_MspInit
 .text.dsy_i2c_global_init
                0x080026c4       0x78 ../../../libDaisy/build\libdaisy.a(i2c.o)
                0x080026c4                dsy_i2c_global_init
 .text.DMA1_Stream6_IRQHandler
                0x0800273c       0x34 ../../../libDaisy/build\libdaisy.a(i2c.o)
                0x0800273c                DMA1_Stream6_IRQHandler
 .text.I2C1_EV_IRQHandler
                0x08002770        0xc ../../../libDaisy/build\libdaisy.a(i2c.o)
                0x08002770                I2C1_EV_IRQHandler
 .text.I2C2_EV_IRQHandler
                0x0800277c        0xc ../../../libDaisy/build\libdaisy.a(i2c.o)
                0x0800277c                I2C2_EV_IRQHandler
 .text.I2C3_EV_IRQHandler
                0x08002788        0xc ../../../libDaisy/build\libdaisy.a(i2c.o)
                0x08002788                I2C3_EV_IRQHandler
 .text._ZN5daisy9I2CHandle4InitERKNS0_6ConfigE
                0x08002794      0x130 ../../../libDaisy/build\libdaisy.a(i2c.o)
                0x08002794                daisy::I2CHandle::Init(daisy::I2CHandle::Config const&)
 .text._ZN5daisy9I2CHandle16TransmitBlockingEtPhtm
                0x080028c4       0x50 ../../../libDaisy/build\libdaisy.a(i2c.o)
                0x080028c4                daisy::I2CHandle::TransmitBlocking(unsigned short, unsigned char*, unsigned short, unsigned long)
 .text.startup._GLOBAL__sub_I__ZN5daisy9I2CHandle4Impl10GlobalInitEv
                0x08002914       0x2c ../../../libDaisy/build\libdaisy.a(i2c.o)
 .text._ZN5daisy10QSPIHandle4Impl11WriteEnableEv
                0x08002940       0x8c ../../../libDaisy/build\libdaisy.a(qspi.o)
                0x08002940                daisy::QSPIHandle::Impl::WriteEnable()
 *fill*         0x080029cc        0x4 
 .text._ZN5daisy10QSPIHandle4Impl17DummyCyclesConfigENS0_6Config6DeviceE
                0x080029d0      0x118 ../../../libDaisy/build\libdaisy.a(qspi.o)
                0x080029d0                daisy::QSPIHandle::Impl::DummyCyclesConfig(daisy::QSPIHandle::Config::Device)
 .text._ZN5daisy10QSPIHandle4Impl10QuadEnableEv
                0x08002ae8      0x168 ../../../libDaisy/build\libdaisy.a(qspi.o)
                0x08002ae8                daisy::QSPIHandle::Impl::QuadEnable()
 .text._ZN5daisy10QSPIHandle4Impl21DefaultStatusRegisterEv
                0x08002c50      0x158 ../../../libDaisy/build\libdaisy.a(qspi.o)
                0x08002c50                daisy::QSPIHandle::Impl::DefaultStatusRegister()
 .text._ZN5daisy10QSPIHandle4Impl7PreInitEm
                0x08002da8      0x198 ../../../libDaisy/build\libdaisy.a(qspi.o)
                0x08002da8                daisy::QSPIHandle::Impl::PreInit(unsigned long)
 .text._ZN5daisy10QSPIHandle4InitERKNS0_6ConfigE
                0x08002f40      0x1b4 ../../../libDaisy/build\libdaisy.a(qspi.o)
                0x08002f40                daisy::QSPIHandle::Init(daisy::QSPIHandle::Config const&)
 .text.HAL_QSPI_MspInit
                0x080030f4      0x194 ../../../libDaisy/build\libdaisy.a(qspi.o)
                0x080030f4                HAL_QSPI_MspInit
 .text.HAL_QSPI_MspDeInit
                0x08003288       0x7c ../../../libDaisy/build\libdaisy.a(qspi.o)
                0x08003288                HAL_QSPI_MspDeInit
 .text.QUADSPI_IRQHandler
                0x08003304        0xc ../../../libDaisy/build\libdaisy.a(qspi.o)
                0x08003304                QUADSPI_IRQHandler
 .text.startup._GLOBAL__sub_I__ZN5daisy10QSPIHandle4Impl7PreInitEm
                0x08003310       0x40 ../../../libDaisy/build\libdaisy.a(qspi.o)
 .text._ZN5daisy9SaiHandle4Impl7InitDmaENS1_15PeripheralBlockE
                0x08003350       0xa0 ../../../libDaisy/build\libdaisy.a(sai.o)
                0x08003350                daisy::SaiHandle::Impl::InitDma(daisy::SaiHandle::Impl::PeripheralBlock)
 .text._ZN5daisy9SaiHandle4Impl8InitPinsEv
                0x080033f0       0xbc ../../../libDaisy/build\libdaisy.a(sai.o)
                0x080033f0                daisy::SaiHandle::Impl::InitPins()
 .text.HAL_SAI_MspInit
                0x080034ac      0x164 ../../../libDaisy/build\libdaisy.a(sai.o)
                0x080034ac                HAL_SAI_MspInit
 .text.DMA1_Stream0_IRQHandler
                0x08003610        0xc ../../../libDaisy/build\libdaisy.a(sai.o)
                0x08003610                DMA1_Stream0_IRQHandler
 .text.DMA1_Stream1_IRQHandler
                0x0800361c        0xc ../../../libDaisy/build\libdaisy.a(sai.o)
                0x0800361c                DMA1_Stream1_IRQHandler
 .text.DMA1_Stream3_IRQHandler
                0x08003628        0xc ../../../libDaisy/build\libdaisy.a(sai.o)
                0x08003628                DMA1_Stream3_IRQHandler
 .text.DMA1_Stream4_IRQHandler
                0x08003634        0xc ../../../libDaisy/build\libdaisy.a(sai.o)
                0x08003634                DMA1_Stream4_IRQHandler
 .text.HAL_SAI_RxHalfCpltCallback
                0x08003640       0x78 ../../../libDaisy/build\libdaisy.a(sai.o)
                0x08003640                HAL_SAI_RxHalfCpltCallback
 .text.HAL_SAI_RxCpltCallback
                0x080036b8       0x70 ../../../libDaisy/build\libdaisy.a(sai.o)
                0x080036b8                HAL_SAI_RxCpltCallback
 .text._ZN5daisy9SaiHandle4InitERKNS0_6ConfigE
                0x08003728      0x1f0 ../../../libDaisy/build\libdaisy.a(sai.o)
                0x08003728                daisy::SaiHandle::Init(daisy::SaiHandle::Config const&)
 .text._ZNK5daisy9SaiHandle9GetConfigEv
                0x08003918        0x4 ../../../libDaisy/build\libdaisy.a(sai.o)
                0x08003918                daisy::SaiHandle::GetConfig() const
 .text._ZN5daisy9SaiHandle8StartDmaEPlS1_jPFvS1_S1_jE
                0x0800391c       0xbc ../../../libDaisy/build\libdaisy.a(sai.o)
                0x0800391c                daisy::SaiHandle::StartDma(long*, long*, unsigned int, void (*)(long*, long*, unsigned int))
 .text._ZN5daisy9SaiHandle13GetSampleRateEv
                0x080039d8       0x24 ../../../libDaisy/build\libdaisy.a(sai.o)
                0x080039d8                daisy::SaiHandle::GetSampleRate()
 .text._ZNK5daisy9SaiHandle9GetOffsetEv
                0x080039fc        0x8 ../../../libDaisy/build\libdaisy.a(sai.o)
                0x080039fc                daisy::SaiHandle::GetOffset() const
 .text.startup._GLOBAL__sub_I__ZN5daisy9SaiHandle4Impl4InitERKNS0_6ConfigE
                0x08003a04       0x20 ../../../libDaisy/build\libdaisy.a(sai.o)
 .text._ZN5daisy11TimerHandleD2Ev
                0x08003a24        0x4 ../../../libDaisy/build\libdaisy.a(system.o)
                0x08003a24                daisy::TimerHandle::~TimerHandle()
                0x08003a24                daisy::TimerHandle::~TimerHandle()
 .text.SysTick_Handler
                0x08003a28       0x10 ../../../libDaisy/build\libdaisy.a(system.o)
                0x08003a28                SysTick_Handler
 .text.OTG_HS_EP1_OUT_IRQHandler
                0x08003a38       0x24 ../../../libDaisy/build\libdaisy.a(system.o)
                0x08003a38                OTG_HS_EP1_OUT_IRQHandler
 .text.OTG_HS_EP1_IN_IRQHandler
                0x08003a5c       0x24 ../../../libDaisy/build\libdaisy.a(system.o)
                0x08003a5c                OTG_HS_EP1_IN_IRQHandler
 .text.OTG_HS_IRQHandler
                0x08003a80       0x24 ../../../libDaisy/build\libdaisy.a(system.o)
                0x08003a80                OTG_HS_IRQHandler
 .text.HardFault_Handler
                0x08003aa4       0xe0 ../../../libDaisy/build\libdaisy.a(system.o)
                0x08003aa4                HardFault_Handler
 .text._ZN5daisy6System5DelayEm
                0x08003b84        0x4 ../../../libDaisy/build\libdaisy.a(system.o)
                0x08003b84                daisy::System::Delay(unsigned long)
 .text._ZN5daisy6System20GetBootloaderVersionEv
                0x08003b88       0x34 ../../../libDaisy/build\libdaisy.a(system.o)
                0x08003b88                daisy::System::GetBootloaderVersion()
 *fill*         0x08003bbc        0x4 
 .text._ZN5daisy6System15ConfigureClocksEv
                0x08003bc0      0x1a4 ../../../libDaisy/build\libdaisy.a(system.o)
                0x08003bc0                daisy::System::ConfigureClocks()
 .text._ZN5daisy6System12ConfigureMpuEv
                0x08003d64       0x7c ../../../libDaisy/build\libdaisy.a(system.o)
                0x08003d64                daisy::System::ConfigureMpu()
 .text._ZN5daisy6System4InitERKNS0_6ConfigE
                0x08003de0       0xf8 ../../../libDaisy/build\libdaisy.a(system.o)
                0x08003de0                daisy::System::Init(daisy::System::Config const&)
 .text._ZN5daisy6System12GetPClk1FreqEv
                0x08003ed8        0x4 ../../../libDaisy/build\libdaisy.a(system.o)
                0x08003ed8                daisy::System::GetPClk1Freq()
 .text._ZN5daisy6System22GetProgramMemoryRegionEv
                0x08003edc       0x78 ../../../libDaisy/build\libdaisy.a(system.o)
                0x08003edc                daisy::System::GetProgramMemoryRegion()
 .text.startup._GLOBAL__sub_I__ZN5daisy9boot_infoE
                0x08003f54       0x1c ../../../libDaisy/build\libdaisy.a(system.o)
 .text.SystemInit
                0x08003f70       0x9c ../../../libDaisy/build\libdaisy.a(system_stm32h7xx.o)
                0x08003f70                SystemInit
 .text.HAL_PCD_SetupStageCallback
                0x0800400c        0xc ../../../libDaisy/build\libdaisy.a(usbd_conf.o)
                0x0800400c                HAL_PCD_SetupStageCallback
 .text.HAL_PCD_DataOutStageCallback
                0x08004018       0x14 ../../../libDaisy/build\libdaisy.a(usbd_conf.o)
                0x08004018                HAL_PCD_DataOutStageCallback
 .text.HAL_PCD_DataInStageCallback
                0x0800402c       0x14 ../../../libDaisy/build\libdaisy.a(usbd_conf.o)
                0x0800402c                HAL_PCD_DataInStageCallback
 .text.HAL_PCD_SOFCallback
                0x08004040        0x8 ../../../libDaisy/build\libdaisy.a(usbd_conf.o)
                0x08004040                HAL_PCD_SOFCallback
 .text.HAL_PCD_ResetCallback
                0x08004048       0x24 ../../../libDaisy/build\libdaisy.a(usbd_conf.o)
                0x08004048                HAL_PCD_ResetCallback
 .text.HAL_PCD_SuspendCallback
                0x0800406c       0x30 ../../../libDaisy/build\libdaisy.a(usbd_conf.o)
                0x0800406c                HAL_PCD_SuspendCallback
 .text.HAL_PCD_ResumeCallback
                0x0800409c        0x8 ../../../libDaisy/build\libdaisy.a(usbd_conf.o)
                0x0800409c                HAL_PCD_ResumeCallback
 .text.HAL_PCD_ISOOUTIncompleteCallback
                0x080040a4        0x8 ../../../libDaisy/build\libdaisy.a(usbd_conf.o)
                0x080040a4                HAL_PCD_ISOOUTIncompleteCallback
 .text.HAL_PCD_ISOINIncompleteCallback
                0x080040ac        0x8 ../../../libDaisy/build\libdaisy.a(usbd_conf.o)
                0x080040ac                HAL_PCD_ISOINIncompleteCallback
 .text.HAL_PCD_ConnectCallback
                0x080040b4        0x8 ../../../libDaisy/build\libdaisy.a(usbd_conf.o)
                0x080040b4                HAL_PCD_ConnectCallback
 .text.HAL_PCD_DisconnectCallback
                0x080040bc        0x8 ../../../libDaisy/build\libdaisy.a(usbd_conf.o)
                0x080040bc                HAL_PCD_DisconnectCallback
 .text.USBD_LL_OpenEP
                0x080040c4       0x24 ../../../libDaisy/build\libdaisy.a(usbd_conf.o)
                0x080040c4                USBD_LL_OpenEP
 .text.USBD_LL_StallEP
                0x080040e8       0x1c ../../../libDaisy/build\libdaisy.a(usbd_conf.o)
                0x080040e8                USBD_LL_StallEP
 .text.USBD_LL_ClearStallEP
                0x08004104       0x1c ../../../libDaisy/build\libdaisy.a(usbd_conf.o)
                0x08004104                USBD_LL_ClearStallEP
 .text.USBD_LL_IsStallEP
                0x08004120       0x28 ../../../libDaisy/build\libdaisy.a(usbd_conf.o)
                0x08004120                USBD_LL_IsStallEP
 .text.USBD_LL_SetUSBAddress
                0x08004148       0x1c ../../../libDaisy/build\libdaisy.a(usbd_conf.o)
                0x08004148                USBD_LL_SetUSBAddress
 .text.USBD_LL_Transmit
                0x08004164       0x1c ../../../libDaisy/build\libdaisy.a(usbd_conf.o)
                0x08004164                USBD_LL_Transmit
 .text.USBD_LL_PrepareReceive
                0x08004180       0x1c ../../../libDaisy/build\libdaisy.a(usbd_conf.o)
                0x08004180                USBD_LL_PrepareReceive
 .text.HAL_HCD_SOF_Callback
                0x0800419c        0x8 ../../../libDaisy/build\libdaisy.a(usbh_conf.o)
                0x0800419c                HAL_HCD_SOF_Callback
 .text.HAL_HCD_Connect_Callback
                0x080041a4        0x8 ../../../libDaisy/build\libdaisy.a(usbh_conf.o)
                0x080041a4                HAL_HCD_Connect_Callback
 .text.HAL_HCD_Disconnect_Callback
                0x080041ac        0x8 ../../../libDaisy/build\libdaisy.a(usbh_conf.o)
                0x080041ac                HAL_HCD_Disconnect_Callback
 .text.HAL_HCD_HC_NotifyURBChange_Callback
                0x080041b4        0x4 ../../../libDaisy/build\libdaisy.a(usbh_conf.o)
                0x080041b4                HAL_HCD_HC_NotifyURBChange_Callback
 .text.HAL_HCD_PortEnabled_Callback
                0x080041b8        0x8 ../../../libDaisy/build\libdaisy.a(usbh_conf.o)
                0x080041b8                HAL_HCD_PortEnabled_Callback
 .text.HAL_HCD_PortDisabled_Callback
                0x080041c0        0x8 ../../../libDaisy/build\libdaisy.a(usbh_conf.o)
                0x080041c0                HAL_HCD_PortDisabled_Callback
 .text.USBH_LL_Stop
                0x080041c8       0x1c ../../../libDaisy/build\libdaisy.a(usbh_conf.o)
                0x080041c8                USBH_LL_Stop
 .text.HAL_MspInit
                0x080041e4        0x4 ../../../libDaisy/build\libdaisy.a(stm32h7xx_hal.o)
                0x080041e4                HAL_MspInit
 .text.HAL_InitTick
                0x080041e8       0x4c ../../../libDaisy/build\libdaisy.a(stm32h7xx_hal.o)
                0x080041e8                HAL_InitTick
 .text.HAL_Init
                0x08004234       0x60 ../../../libDaisy/build\libdaisy.a(stm32h7xx_hal.o)
                0x08004234                HAL_Init
 .text.HAL_IncTick
                0x08004294       0x18 ../../../libDaisy/build\libdaisy.a(stm32h7xx_hal.o)
                0x08004294                HAL_IncTick
 .text.HAL_GetTick
                0x080042ac        0xc ../../../libDaisy/build\libdaisy.a(stm32h7xx_hal.o)
                0x080042ac                HAL_GetTick
 .text.HAL_Delay
                0x080042b8       0x24 ../../../libDaisy/build\libdaisy.a(stm32h7xx_hal.o)
                0x080042b8                HAL_Delay
 .text.HAL_GetREVID
                0x080042dc        0xc ../../../libDaisy/build\libdaisy.a(stm32h7xx_hal.o)
                0x080042dc                HAL_GetREVID
 .text.HAL_NVIC_SetPriorityGrouping
                0x080042e8       0x24 ../../../libDaisy/build\libdaisy.a(stm32h7xx_hal_cortex.o)
                0x080042e8                HAL_NVIC_SetPriorityGrouping
 .text.HAL_NVIC_SetPriority
                0x0800430c       0x7c ../../../libDaisy/build\libdaisy.a(stm32h7xx_hal_cortex.o)
                0x0800430c                HAL_NVIC_SetPriority
 .text.HAL_NVIC_EnableIRQ
                0x08004388       0x1c ../../../libDaisy/build\libdaisy.a(stm32h7xx_hal_cortex.o)
                0x08004388                HAL_NVIC_EnableIRQ
 .text.HAL_NVIC_DisableIRQ
                0x080043a4       0x28 ../../../libDaisy/build\libdaisy.a(stm32h7xx_hal_cortex.o)
                0x080043a4                HAL_NVIC_DisableIRQ
 .text.HAL_SYSTICK_Config
                0x080043cc       0x2c ../../../libDaisy/build\libdaisy.a(stm32h7xx_hal_cortex.o)
                0x080043cc                HAL_SYSTICK_Config
 .text.HAL_MPU_Disable
                0x080043f8       0x1c ../../../libDaisy/build\libdaisy.a(stm32h7xx_hal_cortex.o)
                0x080043f8                HAL_MPU_Disable
 .text.HAL_MPU_Enable
                0x08004414       0x20 ../../../libDaisy/build\libdaisy.a(stm32h7xx_hal_cortex.o)
                0x08004414                HAL_MPU_Enable
 .text.HAL_MPU_ConfigRegion
                0x08004434       0x64 ../../../libDaisy/build\libdaisy.a(stm32h7xx_hal_cortex.o)
                0x08004434                HAL_MPU_ConfigRegion
 .text.HAL_SYSTICK_Callback
                0x08004498        0x4 ../../../libDaisy/build\libdaisy.a(stm32h7xx_hal_cortex.o)
                0x08004498                HAL_SYSTICK_Callback
 .text.HAL_SYSTICK_IRQHandler
                0x0800449c        0x8 ../../../libDaisy/build\libdaisy.a(stm32h7xx_hal_cortex.o)
                0x0800449c                HAL_SYSTICK_IRQHandler
 .text.DMA_CalcBaseAndBitshift
                0x080044a4       0xf4 ../../../libDaisy/build\libdaisy.a(stm32h7xx_hal_dma.o)
 .text.DMA_CalcDMAMUXChannelBaseAndMask
                0x08004598       0xd8 ../../../libDaisy/build\libdaisy.a(stm32h7xx_hal_dma.o)
 .text.HAL_DMA_Init
                0x08004670      0x4dc ../../../libDaisy/build\libdaisy.a(stm32h7xx_hal_dma.o)
                0x08004670                HAL_DMA_Init
 .text.HAL_DMA_Start_IT
                0x08004b4c      0x344 ../../../libDaisy/build\libdaisy.a(stm32h7xx_hal_dma.o)
                0x08004b4c                HAL_DMA_Start_IT
 .text.HAL_DMA_Abort
                0x08004e90      0x2f0 ../../../libDaisy/build\libdaisy.a(stm32h7xx_hal_dma.o)
                0x08004e90                HAL_DMA_Abort
 .text.HAL_DMA_Abort_IT
                0x08005180      0x194 ../../../libDaisy/build\libdaisy.a(stm32h7xx_hal_dma.o)
                0x08005180                HAL_DMA_Abort_IT
 .text.HAL_DMA_IRQHandler
                0x08005314      0x6a0 ../../../libDaisy/build\libdaisy.a(stm32h7xx_hal_dma.o)
                0x08005314                HAL_DMA_IRQHandler
 .text.HAL_DMA_GetError
                0x080059b4        0x4 ../../../libDaisy/build\libdaisy.a(stm32h7xx_hal_dma.o)
                0x080059b4                HAL_DMA_GetError
 .text.HAL_GPIO_Init
                0x080059b8      0x274 ../../../libDaisy/build\libdaisy.a(stm32h7xx_hal_gpio.o)
                0x080059b8                HAL_GPIO_Init
 .text.HAL_GPIO_DeInit
                0x08005c2c      0x190 ../../../libDaisy/build\libdaisy.a(stm32h7xx_hal_gpio.o)
                0x08005c2c                HAL_GPIO_DeInit
 .text.HAL_GPIO_ReadPin
                0x08005dbc        0xc ../../../libDaisy/build\libdaisy.a(stm32h7xx_hal_gpio.o)
                0x08005dbc                HAL_GPIO_ReadPin
 .text.HAL_GPIO_WritePin
                0x08005dc8        0x8 ../../../libDaisy/build\libdaisy.a(stm32h7xx_hal_gpio.o)
                0x08005dc8                HAL_GPIO_WritePin
 .text.HAL_HCD_IRQHandler
                0x08005dd0      0x8f4 ../../../libDaisy/build\libdaisy.a(stm32h7xx_hal_hcd.o)
                0x08005dd0                HAL_HCD_IRQHandler
 .text.HAL_HCD_Stop
                0x080066c4       0x28 ../../../libDaisy/build\libdaisy.a(stm32h7xx_hal_hcd.o)
                0x080066c4                HAL_HCD_Stop
 .text.I2C_WaitOnTXISFlagUntilTimeout
                0x080066ec      0x16c ../../../libDaisy/build\libdaisy.a(stm32h7xx_hal_i2c.o)
 .text.I2C_WaitOnSTOPFlagUntilTimeout
                0x08006858      0x168 ../../../libDaisy/build\libdaisy.a(stm32h7xx_hal_i2c.o)
 .text.HAL_I2C_Init
                0x080069c0       0xac ../../../libDaisy/build\libdaisy.a(stm32h7xx_hal_i2c.o)
                0x080069c0                HAL_I2C_Init
 .text.HAL_I2C_Master_Transmit
                0x08006a6c      0x37c ../../../libDaisy/build\libdaisy.a(stm32h7xx_hal_i2c.o)
                0x08006a6c                HAL_I2C_Master_Transmit
 .text.HAL_I2C_Slave_Transmit
                0x08006de8      0x254 ../../../libDaisy/build\libdaisy.a(stm32h7xx_hal_i2c.o)
                0x08006de8                HAL_I2C_Slave_Transmit
 .text.HAL_I2C_EV_IRQHandler
                0x0800703c       0x10 ../../../libDaisy/build\libdaisy.a(stm32h7xx_hal_i2c.o)
                0x0800703c                HAL_I2C_EV_IRQHandler
 .text.HAL_I2C_GetState
                0x0800704c        0x8 ../../../libDaisy/build\libdaisy.a(stm32h7xx_hal_i2c.o)
                0x0800704c                HAL_I2C_GetState
 .text.HAL_I2CEx_ConfigAnalogFilter
                0x08007054       0x54 ../../../libDaisy/build\libdaisy.a(stm32h7xx_hal_i2c_ex.o)
                0x08007054                HAL_I2CEx_ConfigAnalogFilter
 .text.HAL_I2CEx_ConfigDigitalFilter
                0x080070a8       0x58 ../../../libDaisy/build\libdaisy.a(stm32h7xx_hal_i2c_ex.o)
                0x080070a8                HAL_I2CEx_ConfigDigitalFilter
 .text.HAL_PCD_IRQHandler
                0x08007100      0xb48 ../../../libDaisy/build\libdaisy.a(stm32h7xx_hal_pcd.o)
                0x08007100                HAL_PCD_IRQHandler
 .text.HAL_PCD_SetAddress
                0x08007c48       0x2c ../../../libDaisy/build\libdaisy.a(stm32h7xx_hal_pcd.o)
                0x08007c48                HAL_PCD_SetAddress
 .text.HAL_PCD_EP_Open
                0x08007c74       0x7c ../../../libDaisy/build\libdaisy.a(stm32h7xx_hal_pcd.o)
                0x08007c74                HAL_PCD_EP_Open
 .text.HAL_PCD_EP_Receive
                0x08007cf0       0x44 ../../../libDaisy/build\libdaisy.a(stm32h7xx_hal_pcd.o)
                0x08007cf0                HAL_PCD_EP_Receive
 .text.HAL_PCD_EP_Transmit
                0x08007d34       0x44 ../../../libDaisy/build\libdaisy.a(stm32h7xx_hal_pcd.o)
                0x08007d34                HAL_PCD_EP_Transmit
 .text.HAL_PCD_EP_SetStall
                0x08007d78       0x88 ../../../libDaisy/build\libdaisy.a(stm32h7xx_hal_pcd.o)
                0x08007d78                HAL_PCD_EP_SetStall
 .text.HAL_PCD_EP_ClrStall
                0x08007e00       0x78 ../../../libDaisy/build\libdaisy.a(stm32h7xx_hal_pcd.o)
                0x08007e00                HAL_PCD_EP_ClrStall
 .text.HAL_PCDEx_LPM_Callback
                0x08007e78        0x4 ../../../libDaisy/build\libdaisy.a(stm32h7xx_hal_pcd_ex.o)
                0x08007e78                HAL_PCDEx_LPM_Callback
 .text.HAL_PWREx_ConfigSupply
                0x08007e7c       0x48 ../../../libDaisy/build\libdaisy.a(stm32h7xx_hal_pwr_ex.o)
                0x08007e7c                HAL_PWREx_ConfigSupply
 .text.HAL_PWREx_EnableUSBVoltageDetector
                0x08007ec4       0x10 ../../../libDaisy/build\libdaisy.a(stm32h7xx_hal_pwr_ex.o)
                0x08007ec4                HAL_PWREx_EnableUSBVoltageDetector
 .text.QSPI_Config
                0x08007ed4      0x174 ../../../libDaisy/build\libdaisy.a(stm32h7xx_hal_qspi.o)
 .text.HAL_QSPI_Init
                0x08008048       0xb8 ../../../libDaisy/build\libdaisy.a(stm32h7xx_hal_qspi.o)
                0x08008048                HAL_QSPI_Init
 .text.HAL_QSPI_DeInit
                0x08008100       0x24 ../../../libDaisy/build\libdaisy.a(stm32h7xx_hal_qspi.o)
                0x08008100                HAL_QSPI_DeInit
 .text.HAL_QSPI_Command
                0x08008124       0xd4 ../../../libDaisy/build\libdaisy.a(stm32h7xx_hal_qspi.o)
                0x08008124                HAL_QSPI_Command
 .text.HAL_QSPI_Transmit
                0x080081f8       0xfc ../../../libDaisy/build\libdaisy.a(stm32h7xx_hal_qspi.o)
                0x080081f8                HAL_QSPI_Transmit
 .text.HAL_QSPI_Receive
                0x080082f4      0x108 ../../../libDaisy/build\libdaisy.a(stm32h7xx_hal_qspi.o)
                0x080082f4                HAL_QSPI_Receive
 .text.HAL_QSPI_AutoPolling
                0x080083fc       0xf0 ../../../libDaisy/build\libdaisy.a(stm32h7xx_hal_qspi.o)
                0x080083fc                HAL_QSPI_AutoPolling
 .text.HAL_QSPI_MemoryMapped
                0x080084ec       0xc0 ../../../libDaisy/build\libdaisy.a(stm32h7xx_hal_qspi.o)
                0x080084ec                HAL_QSPI_MemoryMapped
 .text.HAL_QSPI_ErrorCallback
                0x080085ac        0x4 ../../../libDaisy/build\libdaisy.a(stm32h7xx_hal_qspi.o)
                0x080085ac                HAL_QSPI_ErrorCallback
 .text.QSPI_DMAAbortCplt
                0x080085b0       0x38 ../../../libDaisy/build\libdaisy.a(stm32h7xx_hal_qspi.o)
 .text.HAL_QSPI_AbortCpltCallback
                0x080085e8        0x4 ../../../libDaisy/build\libdaisy.a(stm32h7xx_hal_qspi.o)
                0x080085e8                HAL_QSPI_AbortCpltCallback
 .text.HAL_QSPI_CmdCpltCallback
                0x080085ec        0x4 ../../../libDaisy/build\libdaisy.a(stm32h7xx_hal_qspi.o)
                0x080085ec                HAL_QSPI_CmdCpltCallback
 .text.HAL_QSPI_RxCpltCallback
                0x080085f0        0x4 ../../../libDaisy/build\libdaisy.a(stm32h7xx_hal_qspi.o)
                0x080085f0                HAL_QSPI_RxCpltCallback
 .text.HAL_QSPI_TxCpltCallback
                0x080085f4        0x4 ../../../libDaisy/build\libdaisy.a(stm32h7xx_hal_qspi.o)
                0x080085f4                HAL_QSPI_TxCpltCallback
 .text.HAL_QSPI_FifoThresholdCallback
                0x080085f8        0x4 ../../../libDaisy/build\libdaisy.a(stm32h7xx_hal_qspi.o)
                0x080085f8                HAL_QSPI_FifoThresholdCallback
 .text.HAL_QSPI_StatusMatchCallback
                0x080085fc        0x4 ../../../libDaisy/build\libdaisy.a(stm32h7xx_hal_qspi.o)
                0x080085fc                HAL_QSPI_StatusMatchCallback
 .text.HAL_QSPI_TimeOutCallback
                0x08008600        0x4 ../../../libDaisy/build\libdaisy.a(stm32h7xx_hal_qspi.o)
                0x08008600                HAL_QSPI_TimeOutCallback
 .text.HAL_QSPI_IRQHandler
                0x08008604      0x210 ../../../libDaisy/build\libdaisy.a(stm32h7xx_hal_qspi.o)
                0x08008604                HAL_QSPI_IRQHandler
 .text.HAL_RCC_GetSysClockFreq.part.0
                0x08008814      0x130 ../../../libDaisy/build\libdaisy.a(stm32h7xx_hal_rcc.o)
 .text.HAL_RCC_OscConfig
                0x08008944      0x5f4 ../../../libDaisy/build\libdaisy.a(stm32h7xx_hal_rcc.o)
                0x08008944                HAL_RCC_OscConfig
 .text.HAL_RCC_GetSysClockFreq
                0x08008f38      0x140 ../../../libDaisy/build\libdaisy.a(stm32h7xx_hal_rcc.o)
                0x08008f38                HAL_RCC_GetSysClockFreq
 .text.HAL_RCC_ClockConfig
                0x08009078      0x250 ../../../libDaisy/build\libdaisy.a(stm32h7xx_hal_rcc.o)
                0x08009078                HAL_RCC_ClockConfig
 .text.HAL_RCC_GetHCLKFreq
                0x080092c8       0x80 ../../../libDaisy/build\libdaisy.a(stm32h7xx_hal_rcc.o)
                0x080092c8                HAL_RCC_GetHCLKFreq
 .text.HAL_RCC_GetPCLK1Freq
                0x08009348       0x90 ../../../libDaisy/build\libdaisy.a(stm32h7xx_hal_rcc.o)
                0x08009348                HAL_RCC_GetPCLK1Freq
 .text.HAL_RCC_GetPCLK2Freq
                0x080093d8       0x90 ../../../libDaisy/build\libdaisy.a(stm32h7xx_hal_rcc.o)
                0x080093d8                HAL_RCC_GetPCLK2Freq
 .text.RCCEx_PLL2_Config
                0x08009468       0xf4 ../../../libDaisy/build\libdaisy.a(stm32h7xx_hal_rcc_ex.o)
 .text.RCCEx_PLL3_Config
                0x0800955c       0xf4 ../../../libDaisy/build\libdaisy.a(stm32h7xx_hal_rcc_ex.o)
 .text.HAL_RCCEx_PeriphCLKConfig
                0x08009650      0xbf8 ../../../libDaisy/build\libdaisy.a(stm32h7xx_hal_rcc_ex.o)
                0x08009650                HAL_RCCEx_PeriphCLKConfig
 .text.HAL_RCCEx_GetD3PCLK1Freq
                0x0800a248       0x24 ../../../libDaisy/build\libdaisy.a(stm32h7xx_hal_rcc_ex.o)
                0x0800a248                HAL_RCCEx_GetD3PCLK1Freq
 .text.HAL_RCCEx_GetPLL2ClockFreq
                0x0800a26c      0x17c ../../../libDaisy/build\libdaisy.a(stm32h7xx_hal_rcc_ex.o)
                0x0800a26c                HAL_RCCEx_GetPLL2ClockFreq
 .text.HAL_RCCEx_GetPLL3ClockFreq
                0x0800a3e8      0x17c ../../../libDaisy/build\libdaisy.a(stm32h7xx_hal_rcc_ex.o)
                0x0800a3e8                HAL_RCCEx_GetPLL3ClockFreq
 .text.HAL_RCCEx_GetPLL1ClockFreq
                0x0800a564      0x18c ../../../libDaisy/build\libdaisy.a(stm32h7xx_hal_rcc_ex.o)
                0x0800a564                HAL_RCCEx_GetPLL1ClockFreq
 .text.HAL_RCCEx_GetPeriphCLKFreq
                0x0800a6f0      0x390 ../../../libDaisy/build\libdaisy.a(stm32h7xx_hal_rcc_ex.o)
                0x0800a6f0                HAL_RCCEx_GetPeriphCLKFreq
 .text.HAL_SAI_Init.part.0
                0x0800aa80      0x390 ../../../libDaisy/build\libdaisy.a(stm32h7xx_hal_sai.o)
 .text.HAL_SAI_InitProtocol
                0x0800ae10      0x174 ../../../libDaisy/build\libdaisy.a(stm32h7xx_hal_sai.o)
                0x0800ae10                HAL_SAI_InitProtocol
 .text.HAL_SAI_Transmit_DMA
                0x0800af84      0x124 ../../../libDaisy/build\libdaisy.a(stm32h7xx_hal_sai.o)
                0x0800af84                HAL_SAI_Transmit_DMA
 .text.HAL_SAI_Receive_DMA
                0x0800b0a8       0xd0 ../../../libDaisy/build\libdaisy.a(stm32h7xx_hal_sai.o)
                0x0800b0a8                HAL_SAI_Receive_DMA
 .text.HAL_SAI_TxCpltCallback
                0x0800b178        0x4 ../../../libDaisy/build\libdaisy.a(stm32h7xx_hal_sai.o)
                0x0800b178                HAL_SAI_TxCpltCallback
 .text.SAI_DMATxCplt
                0x0800b17c       0x64 ../../../libDaisy/build\libdaisy.a(stm32h7xx_hal_sai.o)
 .text.HAL_SAI_TxHalfCpltCallback
                0x0800b1e0        0x4 ../../../libDaisy/build\libdaisy.a(stm32h7xx_hal_sai.o)
                0x0800b1e0                HAL_SAI_TxHalfCpltCallback
 .text.SAI_DMATxHalfCplt
                0x0800b1e4        0xc ../../../libDaisy/build\libdaisy.a(stm32h7xx_hal_sai.o)
 .text.SAI_DMARxCplt
                0x0800b1f0       0x64 ../../../libDaisy/build\libdaisy.a(stm32h7xx_hal_sai.o)
 .text.SAI_DMARxHalfCplt
                0x0800b254        0xc ../../../libDaisy/build\libdaisy.a(stm32h7xx_hal_sai.o)
 .text.HAL_SAI_ErrorCallback
                0x0800b260        0x4 ../../../libDaisy/build\libdaisy.a(stm32h7xx_hal_sai.o)
                0x0800b260                HAL_SAI_ErrorCallback
 .text.SAI_DMAError
                0x0800b264       0x6c ../../../libDaisy/build\libdaisy.a(stm32h7xx_hal_sai.o)
 .text.HAL_SDRAM_Init
                0x0800b2d0       0x54 ../../../libDaisy/build\libdaisy.a(stm32h7xx_hal_sdram.o)
                0x0800b2d0                HAL_SDRAM_Init
 .text.HAL_SDRAM_SendCommand
                0x0800b324       0x40 ../../../libDaisy/build\libdaisy.a(stm32h7xx_hal_sdram.o)
                0x0800b324                HAL_SDRAM_SendCommand
 .text.HAL_SDRAM_ProgramRefreshRate
                0x0800b364       0x30 ../../../libDaisy/build\libdaisy.a(stm32h7xx_hal_sdram.o)
                0x0800b364                HAL_SDRAM_ProgramRefreshRate
 .text.FMC_SDRAM_Init
                0x0800b394       0x7c ../../../libDaisy/build\libdaisy.a(stm32h7xx_ll_fmc.o)
                0x0800b394                FMC_SDRAM_Init
 .text.FMC_SDRAM_Timing_Init
                0x0800b410       0x98 ../../../libDaisy/build\libdaisy.a(stm32h7xx_ll_fmc.o)
                0x0800b410                FMC_SDRAM_Timing_Init
 .text.FMC_SDRAM_SendCommand
                0x0800b4a8       0x30 ../../../libDaisy/build\libdaisy.a(stm32h7xx_ll_fmc.o)
                0x0800b4a8                FMC_SDRAM_SendCommand
 .text.FMC_SDRAM_ProgramRefreshRate
                0x0800b4d8       0x1c ../../../libDaisy/build\libdaisy.a(stm32h7xx_ll_fmc.o)
                0x0800b4d8                FMC_SDRAM_ProgramRefreshRate
 .text.USB_SetTurnaroundTime
                0x0800b4f4       0xf4 ../../../libDaisy/build\libdaisy.a(stm32h7xx_ll_usb.o)
                0x0800b4f4                USB_SetTurnaroundTime
 .text.USB_FlushTxFifo
                0x0800b5e8       0x54 ../../../libDaisy/build\libdaisy.a(stm32h7xx_ll_usb.o)
                0x0800b5e8                USB_FlushTxFifo
 .text.USB_FlushRxFifo
                0x0800b63c       0x50 ../../../libDaisy/build\libdaisy.a(stm32h7xx_ll_usb.o)
                0x0800b63c                USB_FlushRxFifo
 .text.USB_GetDevSpeed
                0x0800b68c       0x18 ../../../libDaisy/build\libdaisy.a(stm32h7xx_ll_usb.o)
                0x0800b68c                USB_GetDevSpeed
 .text.USB_ActivateEndpoint
                0x0800b6a4       0x90 ../../../libDaisy/build\libdaisy.a(stm32h7xx_ll_usb.o)
                0x0800b6a4                USB_ActivateEndpoint
 .text.USB_EPStartXfer
                0x0800b734      0x288 ../../../libDaisy/build\libdaisy.a(stm32h7xx_ll_usb.o)
                0x0800b734                USB_EPStartXfer
 .text.USB_EPStopXfer
                0x0800b9bc       0x88 ../../../libDaisy/build\libdaisy.a(stm32h7xx_ll_usb.o)
                0x0800b9bc                USB_EPStopXfer
 .text.USB_WritePacket
                0x0800ba44       0x2c ../../../libDaisy/build\libdaisy.a(stm32h7xx_ll_usb.o)
                0x0800ba44                USB_WritePacket
 .text.USB_ReadPacket
                0x0800ba70       0x4c ../../../libDaisy/build\libdaisy.a(stm32h7xx_ll_usb.o)
                0x0800ba70                USB_ReadPacket
 .text.USB_EPSetStall
                0x0800babc       0x68 ../../../libDaisy/build\libdaisy.a(stm32h7xx_ll_usb.o)
                0x0800babc                USB_EPSetStall
 .text.USB_EPClearStall
                0x0800bb24       0x58 ../../../libDaisy/build\libdaisy.a(stm32h7xx_ll_usb.o)
                0x0800bb24                USB_EPClearStall
 .text.USB_SetDevAddress
                0x0800bb7c       0x24 ../../../libDaisy/build\libdaisy.a(stm32h7xx_ll_usb.o)
                0x0800bb7c                USB_SetDevAddress
 .text.USB_ReadInterrupts
                0x0800bba0        0x8 ../../../libDaisy/build\libdaisy.a(stm32h7xx_ll_usb.o)
                0x0800bba0                USB_ReadInterrupts
 .text.USB_ReadChInterrupts
                0x0800bba8       0x10 ../../../libDaisy/build\libdaisy.a(stm32h7xx_ll_usb.o)
                0x0800bba8                USB_ReadChInterrupts
 .text.USB_ReadDevAllOutEpInterrupt
                0x0800bbb8       0x10 ../../../libDaisy/build\libdaisy.a(stm32h7xx_ll_usb.o)
                0x0800bbb8                USB_ReadDevAllOutEpInterrupt
 .text.USB_ReadDevAllInEpInterrupt
                0x0800bbc8       0x10 ../../../libDaisy/build\libdaisy.a(stm32h7xx_ll_usb.o)
                0x0800bbc8                USB_ReadDevAllInEpInterrupt
 .text.USB_ReadDevOutEPInterrupt
                0x0800bbd8       0x14 ../../../libDaisy/build\libdaisy.a(stm32h7xx_ll_usb.o)
                0x0800bbd8                USB_ReadDevOutEPInterrupt
 .text.USB_ReadDevInEPInterrupt
                0x0800bbec       0x20 ../../../libDaisy/build\libdaisy.a(stm32h7xx_ll_usb.o)
                0x0800bbec                USB_ReadDevInEPInterrupt
 .text.USB_GetMode
                0x0800bc0c        0x8 ../../../libDaisy/build\libdaisy.a(stm32h7xx_ll_usb.o)
                0x0800bc0c                USB_GetMode
 .text.USB_ActivateSetup
                0x0800bc14       0x2c ../../../libDaisy/build\libdaisy.a(stm32h7xx_ll_usb.o)
                0x0800bc14                USB_ActivateSetup
 .text.USB_EP0_OutStart
                0x0800bc40       0x58 ../../../libDaisy/build\libdaisy.a(stm32h7xx_ll_usb.o)
                0x0800bc40                USB_EP0_OutStart
 .text.USB_InitFSLSPClkSel
                0x0800bc98       0x44 ../../../libDaisy/build\libdaisy.a(stm32h7xx_ll_usb.o)
                0x0800bc98                USB_InitFSLSPClkSel
 .text.USB_HC_ReadInterrupt
                0x0800bcdc        0x8 ../../../libDaisy/build\libdaisy.a(stm32h7xx_ll_usb.o)
                0x0800bcdc                USB_HC_ReadInterrupt
 .text.USB_HC_Halt
                0x0800bce4       0xe4 ../../../libDaisy/build\libdaisy.a(stm32h7xx_ll_usb.o)
                0x0800bce4                USB_HC_Halt
 .text.USB_StopHost
                0x0800bdc8      0x1e4 ../../../libDaisy/build\libdaisy.a(stm32h7xx_ll_usb.o)
                0x0800bdc8                USB_StopHost
 .text.USBD_SetClassConfig
                0x0800bfac       0x10 ../../../libDaisy/build\libdaisy.a(usbd_core.o)
                0x0800bfac                USBD_SetClassConfig
 .text.USBD_ClrClassConfig
                0x0800bfbc       0x14 ../../../libDaisy/build\libdaisy.a(usbd_core.o)
                0x0800bfbc                USBD_ClrClassConfig
 .text.USBD_LL_SetupStage
                0x0800bfd0       0x60 ../../../libDaisy/build\libdaisy.a(usbd_core.o)
                0x0800bfd0                USBD_LL_SetupStage
 .text.USBD_LL_DataOutStage
                0x0800c030       0x74 ../../../libDaisy/build\libdaisy.a(usbd_core.o)
                0x0800c030                USBD_LL_DataOutStage
 .text.USBD_LL_DataInStage
                0x0800c0a4       0xc0 ../../../libDaisy/build\libdaisy.a(usbd_core.o)
                0x0800c0a4                USBD_LL_DataInStage
 .text.USBD_LL_Reset
                0x0800c164       0x5c ../../../libDaisy/build\libdaisy.a(usbd_core.o)
                0x0800c164                USBD_LL_Reset
 .text.USBD_LL_SetSpeed
                0x0800c1c0        0x8 ../../../libDaisy/build\libdaisy.a(usbd_core.o)
                0x0800c1c0                USBD_LL_SetSpeed
 .text.USBD_LL_Suspend
                0x0800c1c8       0x20 ../../../libDaisy/build\libdaisy.a(usbd_core.o)
                0x0800c1c8                USBD_LL_Suspend
 .text.USBD_LL_Resume
                0x0800c1e8       0x18 ../../../libDaisy/build\libdaisy.a(usbd_core.o)
                0x0800c1e8                USBD_LL_Resume
 .text.USBD_LL_SOF
                0x0800c200       0x20 ../../../libDaisy/build\libdaisy.a(usbd_core.o)
                0x0800c200                USBD_LL_SOF
 .text.USBD_LL_IsoINIncomplete
                0x0800c220       0x2c ../../../libDaisy/build\libdaisy.a(usbd_core.o)
                0x0800c220                USBD_LL_IsoINIncomplete
 .text.USBD_LL_IsoOUTIncomplete
                0x0800c24c       0x2c ../../../libDaisy/build\libdaisy.a(usbd_core.o)
                0x0800c24c                USBD_LL_IsoOUTIncomplete
 .text.USBD_LL_DevConnected
                0x0800c278        0x4 ../../../libDaisy/build\libdaisy.a(usbd_core.o)
                0x0800c278                USBD_LL_DevConnected
 .text.USBD_LL_DevDisconnected
                0x0800c27c       0x24 ../../../libDaisy/build\libdaisy.a(usbd_core.o)
                0x0800c27c                USBD_LL_DevDisconnected
 .text.USBD_CoreFindIF
                0x0800c2a0        0x4 ../../../libDaisy/build\libdaisy.a(usbd_core.o)
                0x0800c2a0                USBD_CoreFindIF
 .text.USBD_CoreFindEP
                0x0800c2a4        0x4 ../../../libDaisy/build\libdaisy.a(usbd_core.o)
                0x0800c2a4                USBD_CoreFindEP
 .text.USBD_StdDevReq
                0x0800c2a8      0x360 ../../../libDaisy/build\libdaisy.a(usbd_ctlreq.o)
                0x0800c2a8                USBD_StdDevReq
 .text.USBD_StdItfReq
                0x0800c608       0x84 ../../../libDaisy/build\libdaisy.a(usbd_ctlreq.o)
                0x0800c608                USBD_StdItfReq
 .text.USBD_StdEPReq
                0x0800c68c      0x160 ../../../libDaisy/build\libdaisy.a(usbd_ctlreq.o)
                0x0800c68c                USBD_StdEPReq
 .text.USBD_ParseSetupRequest
                0x0800c7ec       0x18 ../../../libDaisy/build\libdaisy.a(usbd_ctlreq.o)
                0x0800c7ec                USBD_ParseSetupRequest
 .text.USBD_CtlSendData
                0x0800c804       0x1c ../../../libDaisy/build\libdaisy.a(usbd_ioreq.o)
                0x0800c804                USBD_CtlSendData
 .text.USBD_CtlContinueSendData
                0x0800c820       0x14 ../../../libDaisy/build\libdaisy.a(usbd_ioreq.o)
                0x0800c820                USBD_CtlContinueSendData
 .text.USBD_CtlContinueRx
                0x0800c834       0x14 ../../../libDaisy/build\libdaisy.a(usbd_ioreq.o)
                0x0800c834                USBD_CtlContinueRx
 .text.USBD_CtlSendStatus
                0x0800c848       0x18 ../../../libDaisy/build\libdaisy.a(usbd_ioreq.o)
                0x0800c848                USBD_CtlSendStatus
 .text.USBD_CtlReceiveStatus
                0x0800c860       0x18 ../../../libDaisy/build\libdaisy.a(usbd_ioreq.o)
                0x0800c860                USBD_CtlReceiveStatus
 .text.USBH_LL_IncTimer
                0x0800c878       0x20 ../../../libDaisy/build\libdaisy.a(usbh_core.o)
                0x0800c878                USBH_LL_IncTimer
 .text.USBH_LL_PortEnabled
                0x0800c898        0x8 ../../../libDaisy/build\libdaisy.a(usbh_core.o)
                0x0800c898                USBH_LL_PortEnabled
 .text.USBH_LL_PortDisabled
                0x0800c8a0        0x8 ../../../libDaisy/build\libdaisy.a(usbh_core.o)
                0x0800c8a0                USBH_LL_PortDisabled
 .text.USBH_LL_Connect
                0x0800c8a8       0x18 ../../../libDaisy/build\libdaisy.a(usbh_core.o)
                0x0800c8a8                USBH_LL_Connect
 .text.USBH_LL_Disconnect
                0x0800c8c0       0x2c ../../../libDaisy/build\libdaisy.a(usbh_core.o)
                0x0800c8c0                USBH_LL_Disconnect
 .text.USBH_FreePipe
                0x0800c8ec       0x18 ../../../libDaisy/build\libdaisy.a(usbh_pipes.o)
                0x0800c8ec                USBH_FreePipe
 .text._ZN5daisy6Random4InitEv
                0x0800c904       0x3c ../../../libDaisy/build\libdaisy.a(rng.o)
                0x0800c904                daisy::Random::Init()
 .text._ZN5daisy9SpiHandle4Impl7InitDmaEv
                0x0800c940       0xec ../../../libDaisy/build\libdaisy.a(spi.o)
                0x0800c940                daisy::SpiHandle::Impl::InitDma()
 .text._ZN5daisy9SpiHandle4Impl10StartDmaTxEPhjPFvPvEPFvS3_NS0_6ResultEES3_
                0x0800ca2c       0xc8 ../../../libDaisy/build\libdaisy.a(spi.o)
                0x0800ca2c                daisy::SpiHandle::Impl::StartDmaTx(unsigned char*, unsigned int, void (*)(void*), void (*)(void*, daisy::SpiHandle::Result), void*)
 .text._ZN5daisy9SpiHandle4Impl10StartDmaRxEPhjPFvPvEPFvS3_NS0_6ResultEES3_
                0x0800caf4       0xc8 ../../../libDaisy/build\libdaisy.a(spi.o)
                0x0800caf4                daisy::SpiHandle::Impl::StartDmaRx(unsigned char*, unsigned int, void (*)(void*), void (*)(void*, daisy::SpiHandle::Result), void*)
 .text._ZN5daisy9SpiHandle4Impl12StartDmaRxTxEPhS2_jPFvPvEPFvS3_NS0_6ResultEES3_
                0x0800cbbc       0xcc ../../../libDaisy/build\libdaisy.a(spi.o)
                0x0800cbbc                daisy::SpiHandle::Impl::StartDmaRxTx(unsigned char*, unsigned char*, unsigned int, void (*)(void*), void (*)(void*, daisy::SpiHandle::Result), void*)
 .text._ZN5daisy9SpiHandle4Impl8InitPinsEv
                0x0800cc88      0x25c ../../../libDaisy/build\libdaisy.a(spi.o)
                0x0800cc88                daisy::SpiHandle::Impl::InitPins()
 .text.HAL_SPI_MspInit
                0x0800cee4      0x6e8 ../../../libDaisy/build\libdaisy.a(spi.o)
                0x0800cee4                HAL_SPI_MspInit
 .text.dsy_spi_global_init
                0x0800d5cc       0x80 ../../../libDaisy/build\libdaisy.a(spi.o)
                0x0800d5cc                dsy_spi_global_init
 .text.SPI1_IRQHandler
                0x0800d64c        0xc ../../../libDaisy/build\libdaisy.a(spi.o)
                0x0800d64c                SPI1_IRQHandler
 .text.SPI2_IRQHandler
                0x0800d658        0xc ../../../libDaisy/build\libdaisy.a(spi.o)
                0x0800d658                SPI2_IRQHandler
 .text.SPI3_IRQHandler
                0x0800d664        0xc ../../../libDaisy/build\libdaisy.a(spi.o)
                0x0800d664                SPI3_IRQHandler
 .text.SPI4_IRQHandler
                0x0800d670        0xc ../../../libDaisy/build\libdaisy.a(spi.o)
                0x0800d670                SPI4_IRQHandler
 .text.SPI5_IRQHandler
                0x0800d67c        0xc ../../../libDaisy/build\libdaisy.a(spi.o)
                0x0800d67c                SPI5_IRQHandler
 .text.DMA2_Stream2_IRQHandler
                0x0800d688       0x34 ../../../libDaisy/build\libdaisy.a(spi.o)
                0x0800d688                DMA2_Stream2_IRQHandler
 .text.DMA2_Stream3_IRQHandler
                0x0800d6bc       0x38 ../../../libDaisy/build\libdaisy.a(spi.o)
                0x0800d6bc                DMA2_Stream3_IRQHandler
 .text.HAL_SPI_TxCpltCallback
                0x0800d6f4       0xc4 ../../../libDaisy/build\libdaisy.a(spi.o)
                0x0800d6f4                HAL_SPI_TxCpltCallback
 .text.HAL_SPI_RxCpltCallback
                0x0800d7b8       0xc4 ../../../libDaisy/build\libdaisy.a(spi.o)
                0x0800d7b8                HAL_SPI_RxCpltCallback
 .text.HAL_SPI_TxRxCpltCallback
                0x0800d87c       0xc4 ../../../libDaisy/build\libdaisy.a(spi.o)
                0x0800d87c                HAL_SPI_TxRxCpltCallback
 .text.HAL_SPI_ErrorCallback
                0x0800d940       0xc8 ../../../libDaisy/build\libdaisy.a(spi.o)
                0x0800d940                HAL_SPI_ErrorCallback
 .text.startup._GLOBAL__sub_I__Z19MapInstanceToHandleP11SPI_TypeDef
                0x0800da08      0x1d8 ../../../libDaisy/build\libdaisy.a(spi.o)
 .text.HAL_TIM_Base_MspInit
                0x0800dbe0      0x1e0 ../../../libDaisy/build\libdaisy.a(tim.o)
                0x0800dbe0                HAL_TIM_Base_MspInit
 .text.HAL_TIM_PeriodElapsedCallback
                0x0800ddc0       0x44 ../../../libDaisy/build\libdaisy.a(tim.o)
                0x0800ddc0                HAL_TIM_PeriodElapsedCallback
 .text.TIM2_IRQHandler
                0x0800de04        0xc ../../../libDaisy/build\libdaisy.a(tim.o)
                0x0800de04                TIM2_IRQHandler
 .text.TIM3_IRQHandler
                0x0800de10        0xc ../../../libDaisy/build\libdaisy.a(tim.o)
                0x0800de10                TIM3_IRQHandler
 .text.TIM4_IRQHandler
                0x0800de1c        0xc ../../../libDaisy/build\libdaisy.a(tim.o)
                0x0800de1c                TIM4_IRQHandler
 .text.TIM5_IRQHandler
                0x0800de28        0xc ../../../libDaisy/build\libdaisy.a(tim.o)
                0x0800de28                TIM5_IRQHandler
 .text._ZN5daisy11TimerHandle4InitERKNS0_6ConfigE
                0x0800de34       0xd0 ../../../libDaisy/build\libdaisy.a(tim.o)
                0x0800de34                daisy::TimerHandle::Init(daisy::TimerHandle::Config const&)
 .text._ZN5daisy11TimerHandle5StartEv
                0x0800df04       0x24 ../../../libDaisy/build\libdaisy.a(tim.o)
                0x0800df04                daisy::TimerHandle::Start()
 .text.startup._GLOBAL__sub_I__ZN5daisy11TimerHandle4Impl4InitERKNS0_6ConfigE
                0x0800df28       0x38 ../../../libDaisy/build\libdaisy.a(tim.o)
 .text._ZL20UART_CheckRxListenerPN5daisy11UartHandler4ImplE
                0x0800df60       0x84 ../../../libDaisy/build\libdaisy.a(uart.o)
 .text._ZN5daisy11UartHandler4Impl10StartDmaTxEPhjPFvPvEPFvS3_NS0_6ResultEES3_
                0x0800dfe4      0x184 ../../../libDaisy/build\libdaisy.a(uart.o)
                0x0800dfe4                daisy::UartHandler::Impl::StartDmaTx(unsigned char*, unsigned int, void (*)(void*), void (*)(void*, daisy::UartHandler::Result), void*)
 .text._ZN5daisy11UartHandler4Impl10StartDmaRxEPhjPFvPvEPFvS3_NS0_6ResultEES3_
                0x0800e168      0x184 ../../../libDaisy/build\libdaisy.a(uart.o)
                0x0800e168                daisy::UartHandler::Impl::StartDmaRx(unsigned char*, unsigned int, void (*)(void*), void (*)(void*, daisy::UartHandler::Result), void*)
 .text._ZN5daisy11UartHandler4Impl19DmaTransferFinishedEP20__UART_HandleTypeDefNS0_6ResultE
                0x0800e2ec       0xc0 ../../../libDaisy/build\libdaisy.a(uart.o)
                0x0800e2ec                daisy::UartHandler::Impl::DmaTransferFinished(__UART_HandleTypeDef*, daisy::UartHandler::Result)
 .text._ZN5daisy11UartHandler4Impl8InitPinsEv
                0x0800e3ac      0x148 ../../../libDaisy/build\libdaisy.a(uart.o)
                0x0800e3ac                daisy::UartHandler::Impl::InitPins()
 .text.HAL_UART_MspInit
                0x0800e4f4      0x4b4 ../../../libDaisy/build\libdaisy.a(uart.o)
                0x0800e4f4                HAL_UART_MspInit
 .text.dsy_uart_global_init
                0x0800e9a8      0x110 ../../../libDaisy/build\libdaisy.a(uart.o)
                0x0800e9a8                dsy_uart_global_init
 .text.USART1_IRQHandler
                0x0800eab8       0x2c ../../../libDaisy/build\libdaisy.a(uart.o)
                0x0800eab8                USART1_IRQHandler
 .text.USART2_IRQHandler
                0x0800eae4       0x34 ../../../libDaisy/build\libdaisy.a(uart.o)
                0x0800eae4                USART2_IRQHandler
 .text.USART3_IRQHandler
                0x0800eb18       0x34 ../../../libDaisy/build\libdaisy.a(uart.o)
                0x0800eb18                USART3_IRQHandler
 .text.UART4_IRQHandler
                0x0800eb4c       0x34 ../../../libDaisy/build\libdaisy.a(uart.o)
                0x0800eb4c                UART4_IRQHandler
 .text.UART5_IRQHandler
                0x0800eb80       0x34 ../../../libDaisy/build\libdaisy.a(uart.o)
                0x0800eb80                UART5_IRQHandler
 .text.USART6_IRQHandler
                0x0800ebb4       0x34 ../../../libDaisy/build\libdaisy.a(uart.o)
                0x0800ebb4                USART6_IRQHandler
 .text.UART7_IRQHandler
                0x0800ebe8       0x34 ../../../libDaisy/build\libdaisy.a(uart.o)
                0x0800ebe8                UART7_IRQHandler
 .text.UART8_IRQHandler
                0x0800ec1c       0x34 ../../../libDaisy/build\libdaisy.a(uart.o)
                0x0800ec1c                UART8_IRQHandler
 .text.LPUART1_IRQHandler
                0x0800ec50       0x34 ../../../libDaisy/build\libdaisy.a(uart.o)
                0x0800ec50                LPUART1_IRQHandler
 .text.DMA1_Stream5_IRQHandler
                0x0800ec84       0x34 ../../../libDaisy/build\libdaisy.a(uart.o)
                0x0800ec84                DMA1_Stream5_IRQHandler
 .text.DMA2_Stream4_IRQHandler
                0x0800ecb8       0x38 ../../../libDaisy/build\libdaisy.a(uart.o)
                0x0800ecb8                DMA2_Stream4_IRQHandler
 .text.HAL_UART_TxCpltCallback
                0x0800ecf0        0x8 ../../../libDaisy/build\libdaisy.a(uart.o)
                0x0800ecf0                HAL_UART_TxCpltCallback
 .text.HAL_UART_RxCpltCallback
                0x0800ecf8       0x94 ../../../libDaisy/build\libdaisy.a(uart.o)
                0x0800ecf8                HAL_UART_RxCpltCallback
 .text.HAL_UART_RxHalfCpltCallback
                0x0800ed8c       0x90 ../../../libDaisy/build\libdaisy.a(uart.o)
                0x0800ed8c                HAL_UART_RxHalfCpltCallback
 .text.HAL_UART_ErrorCallback
                0x0800ee1c       0x94 ../../../libDaisy/build\libdaisy.a(uart.o)
                0x0800ee1c                HAL_UART_ErrorCallback
 .text.startup._GLOBAL__sub_I__Z19MapInstanceToHandleP13USART_TypeDef
                0x0800eeb0      0x1b0 ../../../libDaisy/build\libdaisy.a(uart.o)
 .text.dsy_dma_init
                0x0800f060      0x100 ../../../libDaisy/build\libdaisy.a(dma.o)
                0x0800f060                dsy_dma_init
 .text.dsy_dma_invalidate_cache_for_buffer
                0x0800f160       0x2c ../../../libDaisy/build\libdaisy.a(dma.o)
                0x0800f160                dsy_dma_invalidate_cache_for_buffer
 .text.HAL_MDMA_Abort_IT
                0x0800f18c       0x2c ../../../libDaisy/build\libdaisy.a(stm32h7xx_hal_mdma.o)
                0x0800f18c                HAL_MDMA_Abort_IT
 .text.SPI_CloseTransfer
                0x0800f1b8       0xb8 ../../../libDaisy/build\libdaisy.a(stm32h7xx_hal_spi.o)
 .text.HAL_SPI_Init
                0x0800f270      0x1a8 ../../../libDaisy/build\libdaisy.a(stm32h7xx_hal_spi.o)
                0x0800f270                HAL_SPI_Init
 .text.HAL_SPI_Transmit_DMA
                0x0800f418      0x180 ../../../libDaisy/build\libdaisy.a(stm32h7xx_hal_spi.o)
                0x0800f418                HAL_SPI_Transmit_DMA
 .text.HAL_SPI_Receive_DMA
                0x0800f598      0x194 ../../../libDaisy/build\libdaisy.a(stm32h7xx_hal_spi.o)
                0x0800f598                HAL_SPI_Receive_DMA
 .text.HAL_SPI_TransmitReceive_DMA
                0x0800f72c      0x214 ../../../libDaisy/build\libdaisy.a(stm32h7xx_hal_spi.o)
                0x0800f72c                HAL_SPI_TransmitReceive_DMA
 .text.SPI_DMATransmitCplt
                0x0800f940       0x28 ../../../libDaisy/build\libdaisy.a(stm32h7xx_hal_spi.o)
 .text.SPI_DMAReceiveCplt
                0x0800f968       0x28 ../../../libDaisy/build\libdaisy.a(stm32h7xx_hal_spi.o)
 .text.SPI_DMATransmitReceiveCplt
                0x0800f990       0x28 ../../../libDaisy/build\libdaisy.a(stm32h7xx_hal_spi.o)
 .text.HAL_SPI_TxHalfCpltCallback
                0x0800f9b8        0x4 ../../../libDaisy/build\libdaisy.a(stm32h7xx_hal_spi.o)
                0x0800f9b8                HAL_SPI_TxHalfCpltCallback
 .text.SPI_DMAHalfTransmitCplt
                0x0800f9bc        0xc ../../../libDaisy/build\libdaisy.a(stm32h7xx_hal_spi.o)
 .text.HAL_SPI_RxHalfCpltCallback
                0x0800f9c8        0x4 ../../../libDaisy/build\libdaisy.a(stm32h7xx_hal_spi.o)
                0x0800f9c8                HAL_SPI_RxHalfCpltCallback
 .text.SPI_DMAHalfReceiveCplt
                0x0800f9cc        0xc ../../../libDaisy/build\libdaisy.a(stm32h7xx_hal_spi.o)
 .text.HAL_SPI_TxRxHalfCpltCallback
                0x0800f9d8        0x4 ../../../libDaisy/build\libdaisy.a(stm32h7xx_hal_spi.o)
                0x0800f9d8                HAL_SPI_TxRxHalfCpltCallback
 .text.SPI_DMAHalfTransmitReceiveCplt
                0x0800f9dc        0xc ../../../libDaisy/build\libdaisy.a(stm32h7xx_hal_spi.o)
 .text.SPI_DMAError
                0x0800f9e8       0xd8 ../../../libDaisy/build\libdaisy.a(stm32h7xx_hal_spi.o)
 .text.SPI_DMAAbortOnError
                0x0800fac0       0x1c ../../../libDaisy/build\libdaisy.a(stm32h7xx_hal_spi.o)
 .text.HAL_SPI_SuspendCallback
                0x0800fadc        0x4 ../../../libDaisy/build\libdaisy.a(stm32h7xx_hal_spi.o)
                0x0800fadc                HAL_SPI_SuspendCallback
 .text.HAL_SPI_IRQHandler
                0x0800fae0      0x214 ../../../libDaisy/build\libdaisy.a(stm32h7xx_hal_spi.o)
                0x0800fae0                HAL_SPI_IRQHandler
 .text.HAL_SPI_GetState
                0x0800fcf4        0x8 ../../../libDaisy/build\libdaisy.a(stm32h7xx_hal_spi.o)
                0x0800fcf4                HAL_SPI_GetState
 .text.HAL_TIM_Base_Init
                0x0800fcfc      0x16c ../../../libDaisy/build\libdaisy.a(stm32h7xx_hal_tim.o)
                0x0800fcfc                HAL_TIM_Base_Init
 .text.HAL_TIM_Base_Start
                0x0800fe68       0xb0 ../../../libDaisy/build\libdaisy.a(stm32h7xx_hal_tim.o)
                0x0800fe68                HAL_TIM_Base_Start
 .text.HAL_TIM_Base_Start_IT
                0x0800ff18       0xb8 ../../../libDaisy/build\libdaisy.a(stm32h7xx_hal_tim.o)
                0x0800ff18                HAL_TIM_Base_Start_IT
 .text.HAL_TIM_ConfigClockSource
                0x0800ffd0      0x198 ../../../libDaisy/build\libdaisy.a(stm32h7xx_hal_tim.o)
                0x0800ffd0                HAL_TIM_ConfigClockSource
 .text.HAL_TIM_OC_DelayElapsedCallback
                0x08010168        0x4 ../../../libDaisy/build\libdaisy.a(stm32h7xx_hal_tim.o)
                0x08010168                HAL_TIM_OC_DelayElapsedCallback
 .text.HAL_TIM_IC_CaptureCallback
                0x0801016c        0x4 ../../../libDaisy/build\libdaisy.a(stm32h7xx_hal_tim.o)
                0x0801016c                HAL_TIM_IC_CaptureCallback
 .text.HAL_TIM_PWM_PulseFinishedCallback
                0x08010170        0x4 ../../../libDaisy/build\libdaisy.a(stm32h7xx_hal_tim.o)
                0x08010170                HAL_TIM_PWM_PulseFinishedCallback
 .text.HAL_TIM_TriggerCallback
                0x08010174        0x4 ../../../libDaisy/build\libdaisy.a(stm32h7xx_hal_tim.o)
                0x08010174                HAL_TIM_TriggerCallback
 .text.HAL_TIM_IRQHandler
                0x08010178      0x154 ../../../libDaisy/build\libdaisy.a(stm32h7xx_hal_tim.o)
                0x08010178                HAL_TIM_IRQHandler
 .text.HAL_TIMEx_MasterConfigSynchronization
                0x080102cc       0xb4 ../../../libDaisy/build\libdaisy.a(stm32h7xx_hal_tim_ex.o)
                0x080102cc                HAL_TIMEx_MasterConfigSynchronization
 .text.HAL_TIMEx_CommutCallback
                0x08010380        0x4 ../../../libDaisy/build\libdaisy.a(stm32h7xx_hal_tim_ex.o)
                0x08010380                HAL_TIMEx_CommutCallback
 .text.HAL_TIMEx_BreakCallback
                0x08010384        0x4 ../../../libDaisy/build\libdaisy.a(stm32h7xx_hal_tim_ex.o)
                0x08010384                HAL_TIMEx_BreakCallback
 .text.HAL_TIMEx_Break2Callback
                0x08010388        0x4 ../../../libDaisy/build\libdaisy.a(stm32h7xx_hal_tim_ex.o)
                0x08010388                HAL_TIMEx_Break2Callback
 .text.HAL_UART_Transmit_DMA
                0x0801038c       0x8c ../../../libDaisy/build\libdaisy.a(stm32h7xx_hal_uart.o)
                0x0801038c                HAL_UART_Transmit_DMA
 .text.UART_DMATransmitCplt
                0x08010418       0x44 ../../../libDaisy/build\libdaisy.a(stm32h7xx_hal_uart.o)
 .text.HAL_UART_TxHalfCpltCallback
                0x0801045c        0x4 ../../../libDaisy/build\libdaisy.a(stm32h7xx_hal_uart.o)
                0x0801045c                HAL_UART_TxHalfCpltCallback
 .text.UART_DMATxHalfCplt
                0x08010460        0xc ../../../libDaisy/build\libdaisy.a(stm32h7xx_hal_uart.o)
 .text.UART_DMAError
                0x0801046c       0xd4 ../../../libDaisy/build\libdaisy.a(stm32h7xx_hal_uart.o)
 .text.UART_DMAAbortOnError
                0x08010540       0x14 ../../../libDaisy/build\libdaisy.a(stm32h7xx_hal_uart.o)
 .text.HAL_UARTEx_RxEventCallback
                0x08010554        0x4 ../../../libDaisy/build\libdaisy.a(stm32h7xx_hal_uart.o)
                0x08010554                HAL_UARTEx_RxEventCallback
 .text.HAL_UART_IRQHandler
                0x08010558      0x380 ../../../libDaisy/build\libdaisy.a(stm32h7xx_hal_uart.o)
                0x08010558                HAL_UART_IRQHandler
 .text.UART_DMARxHalfCplt
                0x080108d8       0x20 ../../../libDaisy/build\libdaisy.a(stm32h7xx_hal_uart.o)
 .text.UART_DMAReceiveCplt
                0x080108f8       0x9c ../../../libDaisy/build\libdaisy.a(stm32h7xx_hal_uart.o)
 .text.HAL_UART_GetState
                0x08010994        0xc ../../../libDaisy/build\libdaisy.a(stm32h7xx_hal_uart.o)
                0x08010994                HAL_UART_GetState
 .text.UART_SetConfig
                0x080109a0      0x534 ../../../libDaisy/build\libdaisy.a(stm32h7xx_hal_uart.o)
                0x080109a0                UART_SetConfig
 .text.UART_AdvFeatureConfig
                0x08010ed4       0xb0 ../../../libDaisy/build\libdaisy.a(stm32h7xx_hal_uart.o)
                0x08010ed4                UART_AdvFeatureConfig
 .text.UART_CheckIdleState
                0x08010f84      0x260 ../../../libDaisy/build\libdaisy.a(stm32h7xx_hal_uart.o)
                0x08010f84                UART_CheckIdleState
 .text.HAL_UART_Init
                0x080111e4       0x68 ../../../libDaisy/build\libdaisy.a(stm32h7xx_hal_uart.o)
                0x080111e4                HAL_UART_Init
 .text.UART_Start_Receive_DMA
                0x0801124c       0xa4 ../../../libDaisy/build\libdaisy.a(stm32h7xx_hal_uart.o)
                0x0801124c                UART_Start_Receive_DMA
 .text.HAL_UART_Receive_DMA
                0x080112f0       0x48 ../../../libDaisy/build\libdaisy.a(stm32h7xx_hal_uart.o)
                0x080112f0                HAL_UART_Receive_DMA
 .text.HAL_UARTEx_WakeupCallback
                0x08011338        0x4 ../../../libDaisy/build\libdaisy.a(stm32h7xx_hal_uart_ex.o)
                0x08011338                HAL_UARTEx_WakeupCallback
 .text.HAL_UARTEx_RxFifoFullCallback
                0x0801133c        0x4 ../../../libDaisy/build\libdaisy.a(stm32h7xx_hal_uart_ex.o)
                0x0801133c                HAL_UARTEx_RxFifoFullCallback
 .text.HAL_UARTEx_TxFifoEmptyCallback
                0x08011340        0x4 ../../../libDaisy/build\libdaisy.a(stm32h7xx_hal_uart_ex.o)
                0x08011340                HAL_UARTEx_TxFifoEmptyCallback
 .text._ZN7daisysp10Oscillator7ProcessEv
                0x08011344      0x36c ../../../DaisySP/build\libdaisysp.a(oscillator.o)
                0x08011344                daisysp::Oscillator::Process()
 .text._ZN7daisysp10Oscillator12CalcPhaseIncEf
                0x080116b0        0xc ../../../DaisySP/build\libdaisysp.a(oscillator.o)
                0x080116b0                daisysp::Oscillator::CalcPhaseInc(float)
 .text.__aeabi_atexit
                0x080116bc        0xa c:/program files/daisytoolchain/bin/../lib/gcc/arm-none-eabi/10.2.1/../../../../arm-none-eabi/lib/thumb/v7e-m+dp/hard\libstdc++_nano.a(atexit_arm.o)
                0x080116bc                __aeabi_atexit
 *fill*         0x080116c6        0x2 
 .text.sinf     0x080116c8      0x20c c:/program files/daisytoolchain/bin/../lib/gcc/arm-none-eabi/10.2.1/../../../../arm-none-eabi/lib/thumb/v7e-m+dp/hard\libm.a(lib_a-sinf.o)
                0x080116c8                sinf
 .text.with_errnof
                0x080118d4       0x18 c:/program files/daisytoolchain/bin/../lib/gcc/arm-none-eabi/10.2.1/../../../../arm-none-eabi/lib/thumb/v7e-m+dp/hard\libm.a(lib_a-math_errf.o)
 .text.__math_invalidf
                0x080118ec       0x20 c:/program files/daisytoolchain/bin/../lib/gcc/arm-none-eabi/10.2.1/../../../../arm-none-eabi/lib/thumb/v7e-m+dp/hard\libm.a(lib_a-math_errf.o)
                0x080118ec                __math_invalidf
 .text.__cxa_atexit
                0x0801190c       0x1c c:/program files/daisytoolchain/bin/../lib/gcc/arm-none-eabi/10.2.1/../../../../arm-none-eabi/lib/thumb/v7e-m+dp/hard\libc_nano.a(lib_a-cxa_atexit.o)
                0x0801190c                __cxa_atexit
 .text.__errno  0x08011928        0xc c:/program files/daisytoolchain/bin/../lib/gcc/arm-none-eabi/10.2.1/../../../../arm-none-eabi/lib/thumb/v7e-m+dp/hard\libc_nano.a(lib_a-errno.o)
                0x08011928                __errno
 .text.__libc_init_array
                0x08011934       0x48 c:/program files/daisytoolchain/bin/../lib/gcc/arm-none-eabi/10.2.1/../../../../arm-none-eabi/lib/thumb/v7e-m+dp/hard\libc_nano.a(lib_a-init.o)
                0x08011934                __libc_init_array
 .text.memcpy   0x0801197c       0x1c c:/program files/daisytoolchain/bin/../lib/gcc/arm-none-eabi/10.2.1/../../../../arm-none-eabi/lib/thumb/v7e-m+dp/hard\libc_nano.a(lib_a-memcpy-stub.o)
                0x0801197c                memcpy
 .text.memset   0x08011998       0x10 c:/program files/daisytoolchain/bin/../lib/gcc/arm-none-eabi/10.2.1/../../../../arm-none-eabi/lib/thumb/v7e-m+dp/hard\libc_nano.a(lib_a-memset.o)
                0x08011998                memset
 *(.rodata)
 .rodata        0x080119a8       0x10 ../../../libDaisy/build\libdaisy.a(daisy_seed.o)
 .rodata        0x080119b8       0x10 ../../../libDaisy/build\libdaisy.a(i2c.o)
 .rodata        0x080119c8       0x10 ../../../libDaisy/build\libdaisy.a(tim.o)
 .rodata        0x080119d8       0x12 ../../../libDaisy/build\libdaisy.a(uart.o)
 *(.rodata*)
 *fill*         0x080119ea        0x2 
 .rodata._ZN5daisy10QSPIHandle4Impl5GetAFEj.str1.4
                0x080119ec        0x7 ../../../libDaisy/build\libdaisy.a(qspi.o)
 *fill*         0x080119f3        0x1 
 .rodata.CSWTCH.53
                0x080119f4       0x14 ../../../libDaisy/build\libdaisy.a(sai.o)
 .rodata.D1CorePrescTable
                0x08011a08       0x10 ../../../libDaisy/build\libdaisy.a(system_stm32h7xx.o)
                0x08011a08                D1CorePrescTable
 .rodata.CSWTCH.24
                0x08011a18        0x4 ../../../libDaisy/build\libdaisy.a(usbd_conf.o)
 .rodata.CSWTCH.19
                0x08011a1c        0x4 ../../../libDaisy/build\libdaisy.a(usbh_conf.o)
 .rodata.flagBitshiftOffset.0
                0x08011a20        0x8 ../../../libDaisy/build\libdaisy.a(stm32h7xx_hal_dma.o)
 .rodata._ZL13pins_none_spi
                0x08011a28        0x3 ../../../libDaisy/build\libdaisy.a(spi.o)
 *fill*         0x08011a2b        0x1 
 .rodata._ZL16pins_periphs_spi
                0x08011a2c       0x60 ../../../libDaisy/build\libdaisy.a(spi.o)
 .rodata.CSWTCH.61
                0x08011a8c       0x29 ../../../libDaisy/build\libdaisy.a(stm32h7xx_hal_uart.o)
 *fill*         0x08011ab5        0x3 
 .rodata.CSWTCH.62
                0x08011ab8        0x6 ../../../libDaisy/build\libdaisy.a(stm32h7xx_hal_uart.o)
 *fill*         0x08011abe        0x2 
 .rodata.CSWTCH.69
                0x08011ac0        0x6 ../../../libDaisy/build\libdaisy.a(stm32h7xx_hal_uart.o)
 *fill*         0x08011ac6        0x2 
 .rodata.UARTPrescTable
                0x08011ac8       0x18 ../../../libDaisy/build\libdaisy.a(stm32h7xx_hal_uart.o)
                0x08011ac8                UARTPrescTable
 .rodata.__inv_pio4
                0x08011ae0       0x60 c:/program files/daisytoolchain/bin/../lib/gcc/arm-none-eabi/10.2.1/../../../../arm-none-eabi/lib/thumb/v7e-m+dp/hard\libm.a(lib_a-sincosf_data.o)
                0x08011ae0                __inv_pio4
 .rodata.__sincosf_table
                0x08011b40       0xe0 c:/program files/daisytoolchain/bin/../lib/gcc/arm-none-eabi/10.2.1/../../../../arm-none-eabi/lib/thumb/v7e-m+dp/hard\libm.a(lib_a-sincosf_data.o)
                0x08011b40                __sincosf_table
 .rodata.__sf_fake_stderr
                0x08011c20       0x20 c:/program files/daisytoolchain/bin/../lib/gcc/arm-none-eabi/10.2.1/../../../../arm-none-eabi/lib/thumb/v7e-m+dp/hard\libc_nano.a(lib_a-findfp.o)
                0x08011c20                __sf_fake_stderr
 .rodata.__sf_fake_stdin
                0x08011c40       0x20 c:/program files/daisytoolchain/bin/../lib/gcc/arm-none-eabi/10.2.1/../../../../arm-none-eabi/lib/thumb/v7e-m+dp/hard\libc_nano.a(lib_a-findfp.o)
                0x08011c40                __sf_fake_stdin
 .rodata.__sf_fake_stdout
                0x08011c60       0x20 c:/program files/daisytoolchain/bin/../lib/gcc/arm-none-eabi/10.2.1/../../../../arm-none-eabi/lib/thumb/v7e-m+dp/hard\libc_nano.a(lib_a-findfp.o)
                0x08011c60                __sf_fake_stdout
 *(.glue_7)
 .glue_7        0x08011c80        0x0 linker stubs
 *(.glue_7t)
 .glue_7t       0x08011c80        0x0 linker stubs
 *(.init)
 .init          0x08011c80        0x4 c:/program files/daisytoolchain/bin/../lib/gcc/arm-none-eabi/10.2.1/thumb/v7e-m+dp/hard/crti.o
                0x08011c80                _init
 .init          0x08011c84        0x8 c:/program files/daisytoolchain/bin/../lib/gcc/arm-none-eabi/10.2.1/thumb/v7e-m+dp/hard/crtn.o
 *(.fini)
 .fini          0x08011c8c        0x4 c:/program files/daisytoolchain/bin/../lib/gcc/arm-none-eabi/10.2.1/thumb/v7e-m+dp/hard/crti.o
                0x08011c8c                _fini
 .fini          0x08011c90        0x8 c:/program files/daisytoolchain/bin/../lib/gcc/arm-none-eabi/10.2.1/thumb/v7e-m+dp/hard/crtn.o
                0x08011c98                . = ALIGN (0x4)
                0x08011c98                _etext = .

.eh_frame       0x08011c98        0x0
 .eh_frame      0x08011c98        0x0 c:/program files/daisytoolchain/bin/../lib/gcc/arm-none-eabi/10.2.1/thumb/v7e-m+dp/hard/crtbegin.o

.vfp11_veneer   0x08011c98        0x0
 .vfp11_veneer  0x08011c98        0x0 linker stubs

.v4_bx          0x08011c98        0x0
 .v4_bx         0x08011c98        0x0 linker stubs

.iplt           0x08011c98        0x0
 .iplt          0x08011c98        0x0 c:/program files/daisytoolchain/bin/../lib/gcc/arm-none-eabi/10.2.1/thumb/v7e-m+dp/hard/crtbegin.o

.ARM.extab      0x08011c98        0x0
                0x08011c98                . = ALIGN (0x4)
 *(.ARM.extab)
 *(.gnu.linkonce.armextab.*)
                0x08011c98                . = ALIGN (0x4)

.exidx          0x08011c98        0x8
                0x08011c98                . = ALIGN (0x4)
                [!provide]                PROVIDE (__exidx_start = .)
 *(.ARM.exidx*)
 .ARM.exidx     0x08011c98        0x8 c:/program files/daisytoolchain/bin/../lib/gcc/arm-none-eabi/10.2.1/thumb/v7e-m+dp/hard\libgcc.a(_udivmoddi4.o)
                0x08011ca0                . = ALIGN (0x4)
                [!provide]                PROVIDE (__exidx_end = .)

.rel.dyn        0x08011ca0        0x0
 .rel.iplt      0x08011ca0        0x0 c:/program files/daisytoolchain/bin/../lib/gcc/arm-none-eabi/10.2.1/thumb/v7e-m+dp/hard/crtbegin.o

.ARM.attributes
                0x00000000       0x2e
 *(.ARM.attributes)
 .ARM.attributes
                0x00000000       0x1e c:/program files/daisytoolchain/bin/../lib/gcc/arm-none-eabi/10.2.1/thumb/v7e-m+dp/hard/crti.o
 .ARM.attributes
                0x0000001e       0x32 c:/program files/daisytoolchain/bin/../lib/gcc/arm-none-eabi/10.2.1/thumb/v7e-m+dp/hard/crtbegin.o
 .ARM.attributes
                0x00000050       0x32 build/startup_stm32h750xx.o
 .ARM.attributes
                0x00000082       0x32 build/main.o
 .ARM.attributes
                0x000000b4       0x32 build/XorM.o
 .ARM.attributes
                0x000000e6       0x32 ../../../libDaisy/build\libdaisy.a(daisy_seed.o)
 .ARM.attributes
                0x00000118       0x32 ../../../libDaisy/build\libdaisy.a(codec_ak4556.o)
 .ARM.attributes
                0x0000014a       0x32 ../../../libDaisy/build\libdaisy.a(codec_wm8731.o)
 .ARM.attributes
                0x0000017c       0x32 ../../../libDaisy/build\libdaisy.a(sdram.o)
 .ARM.attributes
                0x000001ae       0x32 ../../../libDaisy/build\libdaisy.a(audio.o)
 .ARM.attributes
                0x000001e0       0x32 ../../../libDaisy/build\libdaisy.a(gpio.o)
 .ARM.attributes
                0x00000212       0x32 ../../../libDaisy/build\libdaisy.a(i2c.o)
 .ARM.attributes
                0x00000244       0x32 ../../../libDaisy/build\libdaisy.a(qspi.o)
 .ARM.attributes
                0x00000276       0x32 ../../../libDaisy/build\libdaisy.a(sai.o)
 .ARM.attributes
                0x000002a8       0x32 ../../../libDaisy/build\libdaisy.a(system.o)
 .ARM.attributes
                0x000002da       0x32 ../../../libDaisy/build\libdaisy.a(system_stm32h7xx.o)
 .ARM.attributes
                0x0000030c       0x32 ../../../libDaisy/build\libdaisy.a(usbd_conf.o)
 .ARM.attributes
                0x0000033e       0x32 ../../../libDaisy/build\libdaisy.a(usbh_conf.o)
 .ARM.attributes
                0x00000370       0x32 ../../../libDaisy/build\libdaisy.a(stm32h7xx_hal.o)
 .ARM.attributes
                0x000003a2       0x32 ../../../libDaisy/build\libdaisy.a(stm32h7xx_hal_cortex.o)
 .ARM.attributes
                0x000003d4       0x32 ../../../libDaisy/build\libdaisy.a(stm32h7xx_hal_dma.o)
 .ARM.attributes
                0x00000406       0x32 ../../../libDaisy/build\libdaisy.a(stm32h7xx_hal_gpio.o)
 .ARM.attributes
                0x00000438       0x32 ../../../libDaisy/build\libdaisy.a(stm32h7xx_hal_hcd.o)
 .ARM.attributes
                0x0000046a       0x32 ../../../libDaisy/build\libdaisy.a(stm32h7xx_hal_i2c.o)
 .ARM.attributes
                0x0000049c       0x32 ../../../libDaisy/build\libdaisy.a(stm32h7xx_hal_i2c_ex.o)
 .ARM.attributes
                0x000004ce       0x32 ../../../libDaisy/build\libdaisy.a(stm32h7xx_hal_pcd.o)
 .ARM.attributes
                0x00000500       0x32 ../../../libDaisy/build\libdaisy.a(stm32h7xx_hal_pcd_ex.o)
 .ARM.attributes
                0x00000532       0x32 ../../../libDaisy/build\libdaisy.a(stm32h7xx_hal_pwr_ex.o)
 .ARM.attributes
                0x00000564       0x32 ../../../libDaisy/build\libdaisy.a(stm32h7xx_hal_qspi.o)
 .ARM.attributes
                0x00000596       0x32 ../../../libDaisy/build\libdaisy.a(stm32h7xx_hal_rcc.o)
 .ARM.attributes
                0x000005c8       0x32 ../../../libDaisy/build\libdaisy.a(stm32h7xx_hal_rcc_ex.o)
 .ARM.attributes
                0x000005fa       0x32 ../../../libDaisy/build\libdaisy.a(stm32h7xx_hal_sai.o)
 .ARM.attributes
                0x0000062c       0x32 ../../../libDaisy/build\libdaisy.a(stm32h7xx_hal_sdram.o)
 .ARM.attributes
                0x0000065e       0x32 ../../../libDaisy/build\libdaisy.a(stm32h7xx_ll_fmc.o)
 .ARM.attributes
                0x00000690       0x32 ../../../libDaisy/build\libdaisy.a(stm32h7xx_ll_usb.o)
 .ARM.attributes
                0x000006c2       0x32 ../../../libDaisy/build\libdaisy.a(usbd_core.o)
 .ARM.attributes
                0x000006f4       0x32 ../../../libDaisy/build\libdaisy.a(usbd_ctlreq.o)
 .ARM.attributes
                0x00000726       0x32 ../../../libDaisy/build\libdaisy.a(usbd_ioreq.o)
 .ARM.attributes
                0x00000758       0x32 ../../../libDaisy/build\libdaisy.a(usbh_core.o)
 .ARM.attributes
                0x0000078a       0x32 ../../../libDaisy/build\libdaisy.a(usbh_pipes.o)
 .ARM.attributes
                0x000007bc       0x32 ../../../libDaisy/build\libdaisy.a(rng.o)
 .ARM.attributes
                0x000007ee       0x32 ../../../libDaisy/build\libdaisy.a(spi.o)
 .ARM.attributes
                0x00000820       0x32 ../../../libDaisy/build\libdaisy.a(tim.o)
 .ARM.attributes
                0x00000852       0x32 ../../../libDaisy/build\libdaisy.a(uart.o)
 .ARM.attributes
                0x00000884       0x32 ../../../libDaisy/build\libdaisy.a(dma.o)
 .ARM.attributes
                0x000008b6       0x32 ../../../libDaisy/build\libdaisy.a(stm32h7xx_hal_mdma.o)
 .ARM.attributes
                0x000008e8       0x32 ../../../libDaisy/build\libdaisy.a(stm32h7xx_hal_spi.o)
 .ARM.attributes
                0x0000091a       0x32 ../../../libDaisy/build\libdaisy.a(stm32h7xx_hal_tim.o)
 .ARM.attributes
                0x0000094c       0x32 ../../../libDaisy/build\libdaisy.a(stm32h7xx_hal_tim_ex.o)
 .ARM.attributes
                0x0000097e       0x32 ../../../libDaisy/build\libdaisy.a(stm32h7xx_hal_uart.o)
 .ARM.attributes
                0x000009b0       0x32 ../../../libDaisy/build\libdaisy.a(stm32h7xx_hal_uart_ex.o)
 .ARM.attributes
                0x000009e2       0x32 ../../../DaisySP/build\libdaisysp.a(oscillator.o)
 .ARM.attributes
                0x00000a14       0x32 c:/program files/daisytoolchain/bin/../lib/gcc/arm-none-eabi/10.2.1/../../../../arm-none-eabi/lib/thumb/v7e-m+dp/hard\libstdc++_nano.a(atexit_arm.o)
 .ARM.attributes
                0x00000a46       0x32 c:/program files/daisytoolchain/bin/../lib/gcc/arm-none-eabi/10.2.1/../../../../arm-none-eabi/lib/thumb/v7e-m+dp/hard\libm.a(lib_a-sinf.o)